24.152.248.39 - - [19/Jan/2015:13:49:46 +0000] "GET /apple-touch-icon.png HTTP/1.1" 404 209 "-" "Mozilla/5.0 (iPhone; CPU iPhone OS 5_0 like Mac OS X) AppleWebKit/534.46 (KHTML, like Gecko) Version/5.1 Mobile/9A334 Safari/7534.48.3"
78.172.44.50 - - [19/Jan/2015:13:50:23 +0000] "GET /run?command=tail%20/var/log/nginx/python.access.log HTTP/1.1" 200 662 "-" "Mozilla/5.0 (Macintosh; Intel Mac OS X 10.10; rv:35.0) Gecko/20100101 Firefox/35.0"
78.172.44.50 - - [19/Jan/2015:13:50:24 +0000] "GET /run?command=awk%20%27%7Bprint%20%241%7D%27%20/var/log/nginx/python.access.log%20%7Csort%20-u%20%7Cwc%20-l HTTP/1.1" 200 4 "-" "Mozilla/5.0 (Macintosh; Intel Mac OS X 10.10; rv:35.0) Gecko/20100101 Firefox/35.0"
78.172.44.50 - - [19/Jan/2015:13:50:25 +0000] "GET /run?command=awk%20%27%7Bprint%20%241%7D%27%20/var/log/nginx/python.access.log%20%7Csort%20-u%20 HTTP/1.1" 200 700 "-" "Mozilla/5.0 (Macintosh; Intel Mac OS X 10.10; rv:35.0) Gecko/20100101 Firefox/35.0"
84.30.191.103 - - [19/Jan/2015:13:50:53 +0000] "GET /run?command=awk%20%27%7Bprint%20%241%7D%27%20/var/log/nginx/python.access.log%20%7Csort%20-u%20%7Cwc%20-l HTTP/1.1" 200 4 "-" "Mozilla/5.0 (Macintosh; Intel Mac OS X 10_10_1) AppleWebKit/537.36 (KHTML, like Gecko) Chrome/39.0.2171.99 Safari/537.36"
84.30.191.103 - - [19/Jan/2015:13:51:02 +0000] "GET /run?command=awk%20%27%7Bprint%20%241%7D%27%20/var/log/nginx/python.access.log%20%7Csort%20-u%20 HTTP/1.1" 200 700 "-" "Mozilla/5.0 (Macintosh; Intel Mac OS X 10_10_1) AppleWebKit/537.36 (KHTML, like Gecko) Chrome/39.0.2171.99 Safari/537.36"
84.30.191.103 - - [19/Jan/2015:13:51:09 +0000] "GET /run?command=tail%20/var/log/nginx/python.access.log HTTP/1.1" 200 662 "-" "Mozilla/5.0 (Macintosh; Intel Mac OS X 10_10_1) AppleWebKit/537.36 (KHTML, like Gecko) Chrome/39.0.2171.99 Safari/537.36"
150.70.173.48 - - [19/Jan/2015:13:51:10 +0000] "GET /run?command=awk%20%27%7Bprint%20%241%7D%27%20/var/log/nginx/python.access.log%20%7Csort%20-u%20 HTTP/1.1" 200 1591 "-" "Mozilla/4.0 (compatible; MSIE 8.0; Windows NT 5.1; Trident/4.0)"
190.196.66.202 - - [19/Jan/2015:13:51:15 +0000] "GET /run?command=ls HTTP/1.1" 200 118 "-" "Mozilla/5.0 (Linux; Android 4.4.2; LG-D805 Build/KOT49I) AppleWebKit/537.36 (KHTML, like Gecko) Chrome/39.0.2171.93 Mobile Safari/537.36"
190.196.66.202 - - [19/Jan/2015:13:51:16 +0000] "GET /favicon.ico HTTP/1.1" 404 209 "-" "Mozilla/5.0 (Linux; Android 4.4.2; LG-D805 Build/KOT49I) AppleWebKit/537.36 (KHTML, like Gecko) Chrome/39.0.2171.93 Mobile Safari/537.36"
84.30.191.103 - - [19/Jan/2015:13:51:46 +0000] "GET /run?command=ls HTTP/1.1" 200 118 "-" "Mozilla/5.0 (Macintosh; Intel Mac OS X 10_10_1) AppleWebKit/537.36 (KHTML, like Gecko) Chrome/39.0.2171.99 Safari/537.36"
99.235.197.132 - - [19/Jan/2015:13:52:05 +0000] "GET /run?command=ls HTTP/1.1" 200 118 "-" "Mozilla/5.0 (Windows NT 6.3; WOW64) AppleWebKit/537.36 (KHTML, like Gecko) Chrome/39.0.2171.99 Safari/537.36"
99.235.197.132 - - [19/Jan/2015:13:52:06 +0000] "GET /favicon.ico HTTP/1.1" 404 209 "-" "Mozilla/5.0 (Windows NT 6.3; WOW64) AppleWebKit/537.36 (KHTML, like Gecko) Chrome/39.0.2171.99 Safari/537.36"
37.58.136.33 - - [19/Jan/2015:13:52:09 +0000] "GET /run?command=ls HTTP/1.1" 200 118 "-" "Mozilla/5.0 (X11; Linux x86_64) AppleWebKit/537.36 (KHTML, like Gecko) Chrome/39.0.2171.99 Safari/537.36"
37.58.136.33 - - [19/Jan/2015:13:52:10 +0000] "GET /favicon.ico HTTP/1.1" 404 209 "-" "Mozilla/5.0 (X11; Linux x86_64) AppleWebKit/537.36 (KHTML, like Gecko) Chrome/39.0.2171.99 Safari/537.36"
150.70.173.52 - - [19/Jan/2015:13:52:13 +0000] "GET /run?command=awk%20%27%7Bprint%20%241%7D%27%20/var/log/nginx/python.access.log%20%7Csort%20-u%20%7Cwc%20-l HTTP/1.1" 200 4 "-" "Mozilla/4.0 (compatible; MSIE 8.0; Windows NT 5.1; Trident/4.0)"
150.70.173.46 - - [19/Jan/2015:13:52:34 +0000] "GET /run?command=tail%20/var/log/nginx/python.access.log HTTP/1.1" 200 2193 "-" "Mozilla/4.0 (compatible; MSIE 8.0; Windows NT 5.1; Trident/4.0)"
99.235.197.132 - - [19/Jan/2015:13:52:34 +0000] "GET /run?command=ls%20/root HTTP/1.1" 200 0 "-" "Mozilla/5.0 (Windows NT 6.3; WOW64) AppleWebKit/537.36 (KHTML, like Gecko) Chrome/39.0.2171.99 Safari/537.36"
99.235.197.132 - - [19/Jan/2015:13:52:46 +0000] "GET /run?command=ls HTTP/1.1" 200 118 "-" "Mozilla/5.0 (Windows NT 6.3; WOW64) AppleWebKit/537.36 (KHTML, like Gecko) Chrome/39.0.2171.99 Safari/537.36"
131.220.23.235 - - [19/Jan/2015:13:52:47 +0000] "GET /run?command=ls HTTP/1.1" 200 118 "http://www.reddit.com/" "Mozilla/5.0 (X11; Linux i686) AppleWebKit/537.36 (KHTML, like Gecko) Ubuntu Chromium/39.0.2171.65 Chrome/39.0.2171.65 Safari/537.36"
131.220.23.235 - - [19/Jan/2015:13:52:48 +0000] "GET /favicon.ico HTTP/1.1" 404 209 "-" "Mozilla/5.0 (X11; Linux i686) AppleWebKit/537.36 (KHTML, like Gecko) Ubuntu Chromium/39.0.2171.65 Chrome/39.0.2171.65 Safari/537.36"
99.235.197.132 - - [19/Jan/2015:13:52:51 +0000] "GET /run?command=ls-a HTTP/1.1" 200 0 "-" "Mozilla/5.0 (Windows NT 6.3; WOW64) AppleWebKit/537.36 (KHTML, like Gecko) Chrome/39.0.2171.99 Safari/537.36"
131.220.23.235 - - [19/Jan/2015:13:53:01 +0000] "GET /run?command=sudo HTTP/1.1" 200 0 "-" "Mozilla/5.0 (X11; Linux i686) AppleWebKit/537.36 (KHTML, like Gecko) Ubuntu Chromium/39.0.2171.65 Chrome/39.0.2171.65 Safari/537.36"
99.235.197.132 - - [19/Jan/2015:13:53:02 +0000] "GET /run?command=ls%20-a HTTP/1.1" 200 122 "-" "Mozilla/5.0 (Windows NT 6.3; WOW64) AppleWebKit/537.36 (KHTML, like Gecko) Chrome/39.0.2171.99 Safari/537.36"
84.30.191.103 - - [19/Jan/2015:13:53:02 +0000] "GET /run?command=ls HTTP/1.1" 200 118 "-" "Mozilla/5.0 (Macintosh; Intel Mac OS X 10_10_1) AppleWebKit/537.36 (KHTML, like Gecko) Chrome/39.0.2171.99 Safari/537.36"
131.220.23.235 - - [19/Jan/2015:13:53:11 +0000] "GET /run?command=su HTTP/1.1" 200 0 "-" "Mozilla/5.0 (X11; Linux i686) AppleWebKit/537.36 (KHTML, like Gecko) Ubuntu Chromium/39.0.2171.65 Chrome/39.0.2171.65 Safari/537.36"
131.220.23.235 - - [19/Jan/2015:13:53:16 +0000] "GET /run?command=top HTTP/1.1" 200 0 "-" "Mozilla/5.0 (X11; Linux i686) AppleWebKit/537.36 (KHTML, like Gecko) Ubuntu Chromium/39.0.2171.65 Chrome/39.0.2171.65 Safari/537.36"
204.27.56.170 - - [19/Jan/2015:13:53:26 +0000] "GET /run?command=awk%20%27%7Bprint%20%241%7D%27%20/var/log/nginx/python.access.log%20%7Csort%20-u%20 HTTP/1.1" 200 731 "-" "Mozilla/5.0 (Macintosh; Intel Mac OS X 10_9_5) AppleWebKit/537.36 (KHTML, like Gecko) Chrome/38.0.2125.111 Safari/537.36"
204.27.56.170 - - [19/Jan/2015:13:53:27 +0000] "GET /favicon.ico HTTP/1.1" 404 209 "-" "Mozilla/5.0 (Macintosh; Intel Mac OS X 10_9_5) AppleWebKit/537.36 (KHTML, like Gecko) Chrome/38.0.2125.111 Safari/537.36"
99.235.197.132 - - [19/Jan/2015:13:53:28 +0000] "GET /run?command=ls%20-a%20/home HTTP/1.1" 200 19 "-" "Mozilla/5.0 (Windows NT 6.3; WOW64) AppleWebKit/537.36 (KHTML, like Gecko) Chrome/39.0.2171.99 Safari/537.36"
204.27.56.170 - - [19/Jan/2015:13:53:34 +0000] "GET /run?command=ls HTTP/1.1" 200 118 "-" "Mozilla/5.0 (Macintosh; Intel Mac OS X 10_9_5) AppleWebKit/537.36 (KHTML, like Gecko) Chrome/38.0.2125.111 Safari/537.36"
99.235.197.132 - - [19/Jan/2015:13:53:37 +0000] "GET /run?command=ls%20-a%20/home/ubuntu HTTP/1.1" 200 81 "-" "Mozilla/5.0 (Windows NT 6.3; WOW64) AppleWebKit/537.36 (KHTML, like Gecko) Chrome/39.0.2171.99 Safari/537.36"
84.30.191.103 - - [19/Jan/2015:13:53:39 +0000] "GET / HTTP/1.1" 404 209 "http://ip-lookup.net/goto?ec2-54-154-158-219.eu-west-1.compute.amazonaws.com/" "Mozilla/5.0 (Macintosh; Intel Mac OS X 10_10_1) AppleWebKit/537.36 (KHTML, like Gecko) Chrome/39.0.2171.99 Safari/537.36"
84.30.191.103 - - [19/Jan/2015:13:53:39 +0000] "GET /favicon.ico HTTP/1.1" 404 209 "-" "Mozilla/5.0 (Macintosh; Intel Mac OS X 10_10_1) AppleWebKit/537.36 (KHTML, like Gecko) Chrome/39.0.2171.99 Safari/537.36"
204.27.56.170 - - [19/Jan/2015:13:53:40 +0000] "GET /run?command=awk%20%27%7Bprint%20%241%7D%27%20/var/log/nginx/python.access.log%20%7Csort%20-u%20%7Cwc%20-l HTTP/1.1" 200 4 "-" "Mozilla/5.0 (Macintosh; Intel Mac OS X 10_9_5) AppleWebKit/537.36 (KHTML, like Gecko) Chrome/38.0.2125.111 Safari/537.36"
84.30.191.103 - - [19/Jan/2015:13:53:41 +0000] "GET / HTTP/1.1" 404 209 "-" "Mozilla/5.0 (Macintosh; Intel Mac OS X 10_10_1) AppleWebKit/537.36 (KHTML, like Gecko) Chrome/39.0.2171.99 Safari/537.36"
204.27.56.170 - - [19/Jan/2015:13:53:46 +0000] "GET /run?command=awk%20%27%7Bprint%20%241%7D%27%20/var/log/nginx/python.access.log%20%7Csort%20-u%20%7Cwc%20-l HTTP/1.1" 200 4 "-" "Mozilla/5.0 (Macintosh; Intel Mac OS X 10_9_5) AppleWebKit/537.36 (KHTML, like Gecko) Chrome/38.0.2125.111 Safari/537.36"
204.27.56.170 - - [19/Jan/2015:13:53:48 +0000] "GET /run?command=awk%20%27%7Bprint%20%241%7D%27%20/var/log/nginx/python.access.log%20%7Csort%20-u%20%7Cwc%20-l HTTP/1.1" 200 4 "-" "Mozilla/5.0 (Macintosh; Intel Mac OS X 10_9_5) AppleWebKit/537.36 (KHTML, like Gecko) Chrome/38.0.2125.111 Safari/537.36"
204.27.56.170 - - [19/Jan/2015:13:53:49 +0000] "GET /run?command=awk%20%27%7Bprint%20%241%7D%27%20/var/log/nginx/python.access.log%20%7Csort%20-u%20%7Cwc%20-l HTTP/1.1" 200 4 "-" "Mozilla/5.0 (Macintosh; Intel Mac OS X 10_9_5) AppleWebKit/537.36 (KHTML, like Gecko) Chrome/38.0.2125.111 Safari/537.36"
84.30.191.103 - - [19/Jan/2015:13:53:53 +0000] "GET /run?command=ls%20/home HTTP/1.1" 200 14 "-" "Mozilla/5.0 (Macintosh; Intel Mac OS X 10_10_1) AppleWebKit/537.36 (KHTML, like Gecko) Chrome/39.0.2171.99 Safari/537.36"
84.30.191.103 - - [19/Jan/2015:13:53:58 +0000] "GET /run?command=ls%20/python HTTP/1.1" 200 0 "-" "Mozilla/5.0 (Macintosh; Intel Mac OS X 10_10_1) AppleWebKit/537.36 (KHTML, like Gecko) Chrome/39.0.2171.99 Safari/537.36"
84.30.191.103 - - [19/Jan/2015:13:54:01 +0000] "GET /run?command=ls%20/home/python HTTP/1.1" 200 16 "-" "Mozilla/5.0 (Macintosh; Intel Mac OS X 10_10_1) AppleWebKit/537.36 (KHTML, like Gecko) Chrome/39.0.2171.99 Safari/537.36"
84.30.191.103 - - [19/Jan/2015:13:54:06 +0000] "GET /run?command=ls%20/home/python/home_sweet_home HTTP/1.1" 200 55 "-" "Mozilla/5.0 (Macintosh; Intel Mac OS X 10_10_1) AppleWebKit/537.36 (KHTML, like Gecko) Chrome/39.0.2171.99 Safari/537.36"
99.235.197.132 - - [19/Jan/2015:13:54:07 +0000] "GET /run?command=who HTTP/1.1" 200 80 "-" "Mozilla/5.0 (Windows NT 6.3; WOW64) AppleWebKit/537.36 (KHTML, like Gecko) Chrome/39.0.2171.99 Safari/537.36"
84.30.191.103 - - [19/Jan/2015:13:54:09 +0000] "GET /run?command=ls%20/home/python/home_sweet_home HTTP/1.1" 200 55 "-" "Mozilla/5.0 (Macintosh; Intel Mac OS X 10_10_1) AppleWebKit/537.36 (KHTML, like Gecko) Chrome/39.0.2171.99 Safari/537.36"
84.30.191.103 - - [19/Jan/2015:13:54:11 +0000] "GET /run?command=ls%20/home/python/home_sweet_home/ HTTP/1.1" 200 0 "-" "Mozilla/5.0 (Macintosh; Intel Mac OS X 10_10_1) AppleWebKit/537.36 (KHTML, like Gecko) Chrome/39.0.2171.99 Safari/537.36"
84.30.191.103 - - [19/Jan/2015:13:54:18 +0000] "GET /run?command=ls%20/ HTTP/1.1" 200 118 "-" "Mozilla/5.0 (Macintosh; Intel Mac OS X 10_10_1) AppleWebKit/537.36 (KHTML, like Gecko) Chrome/39.0.2171.99 Safari/537.36"
84.30.191.103 - - [19/Jan/2015:13:54:23 +0000] "GET /run?command=ls%20/etc/passwd HTTP/1.1" 200 12 "-" "Mozilla/5.0 (Macintosh; Intel Mac OS X 10_10_1) AppleWebKit/537.36 (KHTML, like Gecko) Chrome/39.0.2171.99 Safari/537.36"
131.220.23.235 - - [19/Jan/2015:13:54:24 +0000] "GET /run?command=ls HTTP/1.1" 200 118 "-" "Mozilla/5.0 (X11; Linux i686) AppleWebKit/537.36 (KHTML, like Gecko) Ubuntu Chromium/39.0.2171.65 Chrome/39.0.2171.65 Safari/537.36"
131.220.23.235 - - [19/Jan/2015:13:54:34 +0000] "GET /run?command=%22cd%20home%22 HTTP/1.1" 200 0 "-" "Mozilla/5.0 (X11; Linux i686) AppleWebKit/537.36 (KHTML, like Gecko) Ubuntu Chromium/39.0.2171.65 Chrome/39.0.2171.65 Safari/537.36"
131.220.23.235 - - [19/Jan/2015:13:54:39 +0000] "GET /run?command=%22cd%20home;%20ls%22 HTTP/1.1" 200 0 "-" "Mozilla/5.0 (X11; Linux i686) AppleWebKit/537.36 (KHTML, like Gecko) Ubuntu Chromium/39.0.2171.65 Chrome/39.0.2171.65 Safari/537.36"
204.27.56.170 - - [19/Jan/2015:13:54:40 +0000] "GET /run?command=ls HTTP/1.1" 200 118 "http://www.reddit.com/r/hacking/comments/2sv2jh/this_is_running_on_my_server_do_whatever_you_like/" "Mozilla/5.0 (Macintosh; Intel Mac OS X 10_9_5) AppleWebKit/537.36 (KHTML, like Gecko) Chrome/38.0.2125.111 Safari/537.36"
99.235.197.132 - - [19/Jan/2015:13:54:41 +0000] "GET /run?command=adduser HTTP/1.1" 200 0 "-" "Mozilla/5.0 (Windows NT 6.3; WOW64) AppleWebKit/537.36 (KHTML, like Gecko) Chrome/39.0.2171.99 Safari/537.36"
84.30.191.103 - - [19/Jan/2015:13:54:43 +0000] "GET /run?command=cat%20/home/python/home_sweet_home HTTP/1.1" 200 54 "-" "Mozilla/5.0 (Macintosh; Intel Mac OS X 10_10_1) AppleWebKit/537.36 (KHTML, like Gecko) Chrome/39.0.2171.99 Safari/537.36"
84.30.191.103 - - [19/Jan/2015:13:54:50 +0000] "GET /run?command=ls%20/ HTTP/1.1" 200 118 "-" "Mozilla/5.0 (Macintosh; Intel Mac OS X 10_10_1) AppleWebKit/537.36 (KHTML, like Gecko) Chrome/39.0.2171.99 Safari/537.36"
99.235.197.132 - - [19/Jan/2015:13:54:55 +0000] "GET /run?command=passwd HTTP/1.1" 200 17 "-" "Mozilla/5.0 (Windows NT 6.3; WOW64) AppleWebKit/537.36 (KHTML, like Gecko) Chrome/39.0.2171.99 Safari/537.36"
84.30.191.103 - - [19/Jan/2015:13:54:56 +0000] "GET /run?command=tail%20/var/log/nginx/python.access.log HTTP/1.1" 200 557 "-" "Mozilla/5.0 (Macintosh; Intel Mac OS X 10_10_1) AppleWebKit/537.36 (KHTML, like Gecko) Chrome/39.0.2171.99 Safari/537.36"
79.229.91.105 - - [19/Jan/2015:13:54:57 +0000] "GET /run?command=ls HTTP/1.1" 200 118 "-" "Mozilla/5.0 (X11; Ubuntu; Linux i686; rv:34.0) Gecko/20100101 Firefox/34.0"
79.229.91.105 - - [19/Jan/2015:13:54:57 +0000] "GET /favicon.ico HTTP/1.1" 404 209 "-" "Mozilla/5.0 (X11; Ubuntu; Linux i686; rv:34.0) Gecko/20100101 Firefox/34.0"
79.229.91.105 - - [19/Jan/2015:13:54:57 +0000] "GET /favicon.ico HTTP/1.1" 404 209 "-" "Mozilla/5.0 (X11; Ubuntu; Linux i686; rv:34.0) Gecko/20100101 Firefox/34.0"
131.220.23.235 - - [19/Jan/2015:13:55:06 +0000] "GET /run?command=%22ls%22 HTTP/1.1" 200 118 "-" "Mozilla/5.0 (X11; Linux i686) AppleWebKit/537.36 (KHTML, like Gecko) Ubuntu Chromium/39.0.2171.65 Chrome/39.0.2171.65 Safari/537.36"
150.70.172.231 - - [19/Jan/2015:13:55:08 +0000] "GET /run?command=ls HTTP/1.1" 200 115 "-" "Mozilla/4.0 (compatible; MSIE 8.0; Windows NT 5.1; Trident/4.0)"
99.235.197.132 - - [19/Jan/2015:13:55:12 +0000] "GET /run?command=ps%20aux HTTP/1.1" 200 1860 "-" "Mozilla/5.0 (Windows NT 6.3; WOW64) AppleWebKit/537.36 (KHTML, like Gecko) Chrome/39.0.2171.99 Safari/537.36"
131.220.23.235 - - [19/Jan/2015:13:55:15 +0000] "GET /run?command=%22ls%20home/*%22 HTTP/1.1" 200 0 "-" "Mozilla/5.0 (X11; Linux i686) AppleWebKit/537.36 (KHTML, like Gecko) Ubuntu Chromium/39.0.2171.65 Chrome/39.0.2171.65 Safari/537.36"
209.94.170.222 - - [19/Jan/2015:13:55:16 +0000] "GET /run?command=ls HTTP/1.1" 200 118 "-" "Mozilla/5.0 (Windows NT 6.1; WOW64) AppleWebKit/537.36 (KHTML, like Gecko) Chrome/40.0.2202.3 Safari/537.36"
209.94.170.222 - - [19/Jan/2015:13:55:17 +0000] "GET /favicon.ico HTTP/1.1" 404 209 "-" "Mozilla/5.0 (Windows NT 6.1; WOW64) AppleWebKit/537.36 (KHTML, like Gecko) Chrome/40.0.2202.3 Safari/537.36"
131.220.23.235 - - [19/Jan/2015:13:55:27 +0000] "GET /run?command=%22ls%20home/\x5C*%22 HTTP/1.1" 200 0 "-" "Mozilla/5.0 (X11; Linux i686) AppleWebKit/537.36 (KHTML, like Gecko) Ubuntu Chromium/39.0.2171.65 Chrome/39.0.2171.65 Safari/537.36"
209.94.170.222 - - [19/Jan/2015:13:55:30 +0000] "GET /run?command=tail%20/var/log/nginx/python.access.log HTTP/1.1" 200 517 "-" "Mozilla/5.0 (Windows NT 6.1; WOW64) AppleWebKit/537.36 (KHTML, like Gecko) Chrome/40.0.2202.3 Safari/537.36"
131.220.23.235 - - [19/Jan/2015:13:55:31 +0000] "GET /run?command=%22ls%20home/%22 HTTP/1.1" 200 0 "-" "Mozilla/5.0 (X11; Linux i686) AppleWebKit/537.36 (KHTML, like Gecko) Ubuntu Chromium/39.0.2171.65 Chrome/39.0.2171.65 Safari/537.36"
84.30.191.103 - - [19/Jan/2015:13:55:40 +0000] "GET /run?command=ls HTTP/1.1" 200 118 "http://www.reddit.com/r/hacking/comments/2sv2jh/this_is_running_on_my_server_do_whatever_you_like/" "Mozilla/5.0 (Macintosh; Intel Mac OS X 10_10_1) AppleWebKit/537.36 (KHTML, like Gecko) Chrome/39.0.2171.99 Safari/537.36"
79.216.197.102 - - [19/Jan/2015:13:55:40 +0000] "GET /run?command=ls HTTP/1.1" 200 118 "-" "Mozilla/5.0 (Windows NT 6.1; WOW64) AppleWebKit/537.36 (KHTML, like Gecko) Chrome/40.0.2214.85 Safari/537.36"
79.216.197.102 - - [19/Jan/2015:13:55:41 +0000] "GET /favicon.ico HTTP/1.1" 404 209 "-" "Mozilla/5.0 (Windows NT 6.1; WOW64) AppleWebKit/537.36 (KHTML, like Gecko) Chrome/40.0.2214.85 Safari/537.36"
79.216.197.102 - - [19/Jan/2015:13:55:42 +0000] "GET /run?command=tail%20/var/log/nginx/python.access.log HTTP/1.1" 200 573 "-" "Mozilla/5.0 (Windows NT 6.1; WOW64) AppleWebKit/537.36 (KHTML, like Gecko) Chrome/40.0.2214.85 Safari/537.36"
131.220.23.235 - - [19/Jan/2015:13:55:45 +0000] "GET /run?command=ls%20/home HTTP/1.1" 200 14 "-" "Mozilla/5.0 (X11; Linux i686) AppleWebKit/537.36 (KHTML, like Gecko) Ubuntu Chromium/39.0.2171.65 Chrome/39.0.2171.65 Safari/537.36"
131.220.23.235 - - [19/Jan/2015:13:55:50 +0000] "GET /run?command=ls%20/home HTTP/1.1" 200 14 "-" "Mozilla/5.0 (X11; Linux i686) AppleWebKit/537.36 (KHTML, like Gecko) Ubuntu Chromium/39.0.2171.65 Chrome/39.0.2171.65 Safari/537.36"
131.220.23.235 - - [19/Jan/2015:13:56:01 +0000] "GET /run?command=ls%20/home/ubuntu HTTP/1.1" 200 0 "-" "Mozilla/5.0 (X11; Linux i686) AppleWebKit/537.36 (KHTML, like Gecko) Ubuntu Chromium/39.0.2171.65 Chrome/39.0.2171.65 Safari/537.36"
131.220.23.235 - - [19/Jan/2015:13:56:06 +0000] "GET /run?command=ls%20/home/ubuntu/ HTTP/1.1" 200 0 "-" "Mozilla/5.0 (X11; Linux i686) AppleWebKit/537.36 (KHTML, like Gecko) Ubuntu Chromium/39.0.2171.65 Chrome/39.0.2171.65 Safari/537.36"
84.30.191.103 - - [19/Jan/2015:13:56:07 +0000] "GET /run?command=mkdir%20/home/dickweed HTTP/1.1" 200 0 "-" "Mozilla/5.0 (Macintosh; Intel Mac OS X 10_10_1) AppleWebKit/537.36 (KHTML, like Gecko) Chrome/39.0.2171.99 Safari/537.36"
150.70.173.5 - - [19/Jan/2015:13:56:07 +0000] "GET /favicon.ico HTTP/1.1" 404 233 "-" "Mozilla/4.0 (compatible; MSIE 8.0; Windows NT 5.1; Trident/4.0)"
131.220.23.235 - - [19/Jan/2015:13:56:12 +0000] "GET /run?command=ls%20/home/ubuntu/ HTTP/1.1" 200 0 "-" "Mozilla/5.0 (X11; Linux i686) AppleWebKit/537.36 (KHTML, like Gecko) Ubuntu Chromium/39.0.2171.65 Chrome/39.0.2171.65 Safari/537.36"
84.30.191.103 - - [19/Jan/2015:13:56:15 +0000] "GET /run?command=mkdir%20/home/python/dickweed HTTP/1.1" 200 0 "-" "Mozilla/5.0 (Macintosh; Intel Mac OS X 10_10_1) AppleWebKit/537.36 (KHTML, like Gecko) Chrome/39.0.2171.99 Safari/537.36"
131.220.23.235 - - [19/Jan/2015:13:56:17 +0000] "GET /run?command=ls%20/home/python/ HTTP/1.1" 200 52 "-" "Mozilla/5.0 (X11; Linux i686) AppleWebKit/537.36 (KHTML, like Gecko) Ubuntu Chromium/39.0.2171.65 Chrome/39.0.2171.65 Safari/537.36"
84.30.191.103 - - [19/Jan/2015:13:56:19 +0000] "GET /run?command=ls%20/home/ HTTP/1.1" 200 14 "-" "Mozilla/5.0 (Macintosh; Intel Mac OS X 10_10_1) AppleWebKit/537.36 (KHTML, like Gecko) Chrome/39.0.2171.99 Safari/537.36"
84.30.191.103 - - [19/Jan/2015:13:56:22 +0000] "GET /run?command=ls%20/home/python HTTP/1.1" 200 52 "-" "Mozilla/5.0 (Macintosh; Intel Mac OS X 10_10_1) AppleWebKit/537.36 (KHTML, like Gecko) Chrome/39.0.2171.99 Safari/537.36"
131.220.23.235 - - [19/Jan/2015:13:56:23 +0000] "GET /run?command=ls%20/home/python/dickweed HTTP/1.1" 200 0 "-" "Mozilla/5.0 (X11; Linux i686) AppleWebKit/537.36 (KHTML, like Gecko) Ubuntu Chromium/39.0.2171.65 Chrome/39.0.2171.65 Safari/537.36"
131.220.23.235 - - [19/Jan/2015:13:56:27 +0000] "GET /run?command=ls%20/home/python/dickweed/ HTTP/1.1" 200 0 "-" "Mozilla/5.0 (X11; Linux i686) AppleWebKit/537.36 (KHTML, like Gecko) Ubuntu Chromium/39.0.2171.65 Chrome/39.0.2171.65 Safari/537.36"
131.220.23.235 - - [19/Jan/2015:13:56:35 +0000] "GET /run?command=ls%20-lart%20/home/python/dickweed/ HTTP/1.1" 200 87 "-" "Mozilla/5.0 (X11; Linux i686) AppleWebKit/537.36 (KHTML, like Gecko) Ubuntu Chromium/39.0.2171.65 Chrome/39.0.2171.65 Safari/537.36"
79.229.91.105 - - [19/Jan/2015:13:56:38 +0000] "GET /run?command=ls HTTP/1.1" 200 118 "-" "Mozilla/5.0 (X11; Ubuntu; Linux i686; rv:34.0) Gecko/20100101 Firefox/34.0"
79.229.91.105 - - [19/Jan/2015:13:56:42 +0000] "GET /run?command=tail%20/var/log/nginx/python.access.log HTTP/1.1" 200 528 "-" "Mozilla/5.0 (X11; Ubuntu; Linux i686; rv:34.0) Gecko/20100101 Firefox/34.0"
131.220.23.235 - - [19/Jan/2015:13:56:48 +0000] "GET /run?command=ls%20-lart%20/home/python/ HTTP/1.1" 200 170 "-" "Mozilla/5.0 (X11; Linux i686) AppleWebKit/537.36 (KHTML, like Gecko) Ubuntu Chromium/39.0.2171.65 Chrome/39.0.2171.65 Safari/537.36"
131.220.23.235 - - [19/Jan/2015:13:56:57 +0000] "GET /run?command=ls%20-lartS%20/home/python/ HTTP/1.1" 200 167 "-" "Mozilla/5.0 (X11; Linux i686) AppleWebKit/537.36 (KHTML, like Gecko) Ubuntu Chromium/39.0.2171.65 Chrome/39.0.2171.65 Safari/537.36"
78.172.44.50 - - [19/Jan/2015:13:57:15 +0000] "GET /run?command=ls HTTP/1.1" 200 118 "-" "Mozilla/5.0 (Macintosh; Intel Mac OS X 10.10; rv:35.0) Gecko/20100101 Firefox/35.0"
78.172.44.50 - - [19/Jan/2015:13:57:15 +0000] "GET /favicon.ico HTTP/1.1" 404 209 "-" "Mozilla/5.0 (Macintosh; Intel Mac OS X 10.10; rv:35.0) Gecko/20100101 Firefox/35.0"
78.172.44.50 - - [19/Jan/2015:13:57:15 +0000] "GET /favicon.ico HTTP/1.1" 404 209 "-" "Mozilla/5.0 (Macintosh; Intel Mac OS X 10.10; rv:35.0) Gecko/20100101 Firefox/35.0"
131.220.23.235 - - [19/Jan/2015:13:57:18 +0000] "GET /run?command=cat%20/home/python/.bash_history HTTP/1.1" 200 111 "-" "Mozilla/5.0 (X11; Linux i686) AppleWebKit/537.36 (KHTML, like Gecko) Ubuntu Chromium/39.0.2171.65 Chrome/39.0.2171.65 Safari/537.36"
202.166.22.120 - - [19/Jan/2015:13:57:18 +0000] "GET /run?command=ls HTTP/1.1" 200 115 "-" "Mozilla/5.0 (Macintosh; Intel Mac OS X 10_10_1) AppleWebKit/600.2.5 (KHTML, like Gecko) Version/8.0.2 Safari/600.2.5"
202.166.22.120 - - [19/Jan/2015:13:57:19 +0000] "GET /favicon.ico HTTP/1.1" 404 233 "http://54.154.158.219/run?command=ls" "Mozilla/5.0 (Macintosh; Intel Mac OS X 10_10_1) AppleWebKit/600.2.5 (KHTML, like Gecko) Version/8.0.2 Safari/600.2.5"
5.45.109.20 - - [19/Jan/2015:13:57:21 +0000] "GET /run?command=ls HTTP/1.1" 200 118 "-" "Mozilla/5.0 (X11; Linux x86_64; rv:31.0) Gecko/20100101 Firefox/31.0 Iceweasel/31.4.0"
5.45.109.20 - - [19/Jan/2015:13:57:21 +0000] "GET /favicon.ico HTTP/1.1" 404 209 "-" "Mozilla/5.0 (X11; Linux x86_64; rv:31.0) Gecko/20100101 Firefox/31.0 Iceweasel/31.4.0"
5.45.109.20 - - [19/Jan/2015:13:57:22 +0000] "GET /favicon.ico HTTP/1.1" 404 209 "-" "Mozilla/5.0 (X11; Linux x86_64; rv:31.0) Gecko/20100101 Firefox/31.0 Iceweasel/31.4.0"
188.179.73.182 - - [19/Jan/2015:13:57:22 +0000] "GET /run?command=ls HTTP/1.1" 200 118 "-" "Mozilla/5.0 (Windows NT 6.1; WOW64) AppleWebKit/537.36 (KHTML, like Gecko) Chrome/39.0.2171.99 Safari/537.36"
188.179.73.182 - - [19/Jan/2015:13:57:22 +0000] "GET /favicon.ico HTTP/1.1" 404 209 "-" "Mozilla/5.0 (Windows NT 6.1; WOW64) AppleWebKit/537.36 (KHTML, like Gecko) Chrome/39.0.2171.99 Safari/537.36"
188.179.73.182 - - [19/Jan/2015:13:57:33 +0000] "GET /run?command=awk%20%27%7Bprint%20%241%7D%27%20/var/log/nginx/python.access.log%20%7Csort%20-u%20 HTTP/1.1" 200 776 "-" "Mozilla/5.0 (Windows NT 6.1; WOW64) AppleWebKit/537.36 (KHTML, like Gecko) Chrome/39.0.2171.99 Safari/537.36"
5.45.109.20 - - [19/Jan/2015:13:57:36 +0000] "GET /run?command=/sbin/ifconfig HTTP/1.1" 200 429 "-" "Mozilla/5.0 (X11; Linux x86_64; rv:31.0) Gecko/20100101 Firefox/31.0 Iceweasel/31.4.0"
131.220.23.235 - - [19/Jan/2015:13:57:49 +0000] "GET /run?command=ls%20-lart%20/home/python/python/ HTTP/1.1" 200 0 "-" "Mozilla/5.0 (X11; Linux i686) AppleWebKit/537.36 (KHTML, like Gecko) Ubuntu Chromium/39.0.2171.65 Chrome/39.0.2171.65 Safari/537.36"
5.45.109.20 - - [19/Jan/2015:13:57:51 +0000] "GET /run?command=/sbin/ifconfig%20-a HTTP/1.1" 200 433 "-" "Mozilla/5.0 (X11; Linux x86_64; rv:31.0) Gecko/20100101 Firefox/31.0 Iceweasel/31.4.0"
5.45.109.20 - - [19/Jan/2015:13:57:54 +0000] "GET /run?command=/sbin/ifconfig%20-a HTTP/1.1" 200 429 "-" "Mozilla/5.0 (X11; Linux x86_64; rv:31.0) Gecko/20100101 Firefox/31.0 Iceweasel/31.4.0"
131.220.23.235 - - [19/Jan/2015:13:57:58 +0000] "GET /run?command=ls%20-lart%20/home/python/home_sweet_home/ HTTP/1.1" 200 0 "-" "Mozilla/5.0 (X11; Linux i686) AppleWebKit/537.36 (KHTML, like Gecko) Ubuntu Chromium/39.0.2171.65 Chrome/39.0.2171.65 Safari/537.36"
131.220.23.235 - - [19/Jan/2015:13:58:04 +0000] "GET /run?command=ls%20-lart%20/home/python/ HTTP/1.1" 200 170 "-" "Mozilla/5.0 (X11; Linux i686) AppleWebKit/537.36 (KHTML, like Gecko) Ubuntu Chromium/39.0.2171.65 Chrome/39.0.2171.65 Safari/537.36"
70.43.149.210 - - [19/Jan/2015:13:58:09 +0000] "GET /run?command=awk%20%27%7Bprint%20%241%7D%27%20/var/log/nginx/python.access.log%20%7Csort%20-u%20 HTTP/1.1" 200 776 "-" "Mozilla/5.0 (Windows NT 6.3; WOW64; rv:34.0) Gecko/20100101 Firefox/34.0"
70.43.149.210 - - [19/Jan/2015:13:58:10 +0000] "GET /favicon.ico HTTP/1.1" 404 209 "-" "Mozilla/5.0 (Windows NT 6.3; WOW64; rv:34.0) Gecko/20100101 Firefox/34.0"
70.43.149.210 - - [19/Jan/2015:13:58:10 +0000] "GET /favicon.ico HTTP/1.1" 404 209 "-" "Mozilla/5.0 (Windows NT 6.3; WOW64; rv:34.0) Gecko/20100101 Firefox/34.0"
5.45.109.20 - - [19/Jan/2015:13:58:14 +0000] "GET /run?command=echo%20%27/sbin/ifconfig%20eth0%20down%27 HTTP/1.1" 200 56 "-" "Mozilla/5.0 (X11; Linux x86_64; rv:31.0) Gecko/20100101 Firefox/31.0 Iceweasel/31.4.0"
150.70.173.45 - - [19/Jan/2015:13:58:16 +0000] "GET /run?command=ls HTTP/1.1" 200 115 "-" "Mozilla/4.0 (compatible; MSIE 8.0; Windows NT 5.1; Trident/4.0)"
131.220.23.235 - - [19/Jan/2015:13:58:22 +0000] "GET /run?command=ls%20-lart%20/home/python/root/ HTTP/1.1" 200 0 "-" "Mozilla/5.0 (X11; Linux i686) AppleWebKit/537.36 (KHTML, like Gecko) Ubuntu Chromium/39.0.2171.65 Chrome/39.0.2171.65 Safari/537.36"
5.45.109.20 - - [19/Jan/2015:13:58:23 +0000] "GET /run?command=$(echo%20%27/sbin/ifconfig%20eth0%20down%27) HTTP/1.1" 200 0 "-" "Mozilla/5.0 (X11; Linux x86_64; rv:31.0) Gecko/20100101 Firefox/31.0 Iceweasel/31.4.0"
5.45.109.20 - - [19/Jan/2015:13:58:25 +0000] "GET /run?command=$(echo%20%27/sbin/ifconfig%20eth0%20down%27) HTTP/1.1" 200 0 "-" "Mozilla/5.0 (X11; Linux x86_64; rv:31.0) Gecko/20100101 Firefox/31.0 Iceweasel/31.4.0"
131.220.23.235 - - [19/Jan/2015:13:58:30 +0000] "GET /run?command=ls%20-lart%20* HTTP/1.1" 200 11518 "-" "Mozilla/5.0 (X11; Linux i686) AppleWebKit/537.36 (KHTML, like Gecko) Ubuntu Chromium/39.0.2171.65 Chrome/39.0.2171.65 Safari/537.36"
5.45.109.20 - - [19/Jan/2015:13:58:35 +0000] "GET /run?command=/sbin/ifconfig HTTP/1.1" 200 430 "-" "Mozilla/5.0 (X11; Linux x86_64; rv:31.0) Gecko/20100101 Firefox/31.0 Iceweasel/31.4.0"
5.45.109.20 - - [19/Jan/2015:13:58:45 +0000] "GET /run?command=whoami HTTP/1.1" 200 7 "-" "Mozilla/5.0 (X11; Linux x86_64; rv:31.0) Gecko/20100101 Firefox/31.0 Iceweasel/31.4.0"
5.45.109.20 - - [19/Jan/2015:13:59:01 +0000] "GET /run?command=sudo%20ifconfig HTTP/1.1" 200 0 "-" "Mozilla/5.0 (X11; Linux x86_64; rv:31.0) Gecko/20100101 Firefox/31.0 Iceweasel/31.4.0"
5.45.109.20 - - [19/Jan/2015:13:59:13 +0000] "GET /run?command=$(echo%20%27sudo%20ifconfig%27) HTTP/1.1" 200 0 "-" "Mozilla/5.0 (X11; Linux x86_64; rv:31.0) Gecko/20100101 Firefox/31.0 Iceweasel/31.4.0"
5.45.109.20 - - [19/Jan/2015:13:59:43 +0000] "GET /run?command=su HTTP/1.1" 200 0 "-" "Mozilla/5.0 (X11; Linux x86_64; rv:31.0) Gecko/20100101 Firefox/31.0 Iceweasel/31.4.0"
5.45.109.20 - - [19/Jan/2015:13:59:46 +0000] "GET /run?command=whoami HTTP/1.1" 200 7 "-" "Mozilla/5.0 (X11; Linux x86_64; rv:31.0) Gecko/20100101 Firefox/31.0 Iceweasel/31.4.0"
5.45.109.20 - - [19/Jan/2015:13:59:49 +0000] "GET /run?command=ls HTTP/1.1" 200 118 "-" "Mozilla/5.0 (X11; Linux x86_64; rv:31.0) Gecko/20100101 Firefox/31.0 Iceweasel/31.4.0"
5.45.109.20 - - [19/Jan/2015:14:00:00 +0000] "GET /run?command=$(echo%20%27ls%27) HTTP/1.1" 200 118 "-" "Mozilla/5.0 (X11; Linux x86_64; rv:31.0) Gecko/20100101 Firefox/31.0 Iceweasel/31.4.0"
5.45.109.20 - - [19/Jan/2015:14:00:04 +0000] "GET /run?command=$(echo%20%27cd%20bin%27) HTTP/1.1" 200 0 "-" "Mozilla/5.0 (X11; Linux x86_64; rv:31.0) Gecko/20100101 Firefox/31.0 Iceweasel/31.4.0"
5.45.109.20 - - [19/Jan/2015:14:00:08 +0000] "GET /run?command=$(echo%20%27ls%27) HTTP/1.1" 200 118 "-" "Mozilla/5.0 (X11; Linux x86_64; rv:31.0) Gecko/20100101 Firefox/31.0 Iceweasel/31.4.0"
78.172.44.50 - - [19/Jan/2015:14:00:26 +0000] "GET /run?command=awk%20%27{print%20$1}%27%20/var/log/nginx/python.access.log%20|sort%20-u%20|wc%20-l HTTP/1.1" 200 4 "-" "Mozilla/5.0 (Macintosh; Intel Mac OS X 10.10; rv:35.0) Gecko/20100101 Firefox/35.0"
5.45.109.20 - - [19/Jan/2015:14:00:28 +0000] "GET /run?command=$(echo%20%27cat%20/etc/network/interfaces%27) HTTP/1.1" 200 299 "-" "Mozilla/5.0 (X11; Linux x86_64; rv:31.0) Gecko/20100101 Firefox/31.0 Iceweasel/31.4.0"
5.45.109.20 - - [19/Jan/2015:14:00:46 +0000] "GET /run?command=$(echo%20%27ls%20/etc/apache2/%27) HTTP/1.1" 200 0 "-" "Mozilla/5.0 (X11; Linux x86_64; rv:31.0) Gecko/20100101 Firefox/31.0 Iceweasel/31.4.0"
5.45.109.20 - - [19/Jan/2015:14:00:50 +0000] "GET /run?command=$(echo%20%27ls%20/etc/%27) HTTP/1.1" 200 869 "-" "Mozilla/5.0 (X11; Linux x86_64; rv:31.0) Gecko/20100101 Firefox/31.0 Iceweasel/31.4.0"
5.45.109.20 - - [19/Jan/2015:14:01:05 +0000] "GET /run?command=$(echo%20%27ls%20/etc/shadow%27) HTTP/1.1" 200 12 "-" "Mozilla/5.0 (X11; Linux x86_64; rv:31.0) Gecko/20100101 Firefox/31.0 Iceweasel/31.4.0"
150.70.173.54 - - [19/Jan/2015:14:01:12 +0000] "GET /run?command=awk%20%27%7Bprint%20$1%7D%27%20/var/log/nginx/python.access.log%20%7Csort%20-u%20%7Cwc%20-l HTTP/1.1" 200 4 "-" "Mozilla/4.0 (compatible; MSIE 8.0; Windows NT 5.1; Trident/4.0)"
79.216.197.102 - - [19/Jan/2015:14:01:20 +0000] "GET /run?command=awk%20%27%7Bprint%20%241%7D%27%20/var/log/nginx/python.access.log%20%7Csort%20-u%20%7Cwc%20-l HTTP/1.1" 200 4 "-" "Mozilla/5.0 (Windows NT 6.1; WOW64) AppleWebKit/537.36 (KHTML, like Gecko) Chrome/40.0.2214.85 Safari/537.36"
5.45.109.20 - - [19/Jan/2015:14:01:23 +0000] "GET /run?command=$(echo%20%27cat%20/etc/shadow%27) HTTP/1.1" 200 0 "-" "Mozilla/5.0 (X11; Linux x86_64; rv:31.0) Gecko/20100101 Firefox/31.0 Iceweasel/31.4.0"
79.216.197.102 - - [19/Jan/2015:14:01:27 +0000] "GET /run?command=awk%20%27%7Bprint%20%241%7D%27%20/var/log/nginx/python.access.log%20%7Csort%20-u%20 HTTP/1.1" 200 788 "-" "Mozilla/5.0 (Windows NT 6.1; WOW64) AppleWebKit/537.36 (KHTML, like Gecko) Chrome/40.0.2214.85 Safari/537.36"
5.45.109.20 - - [19/Jan/2015:14:02:20 +0000] "GET /run?command=$(echo%20%27cat%20/etc/shadow%202%3E61) HTTP/1.1" 200 0 "-" "Mozilla/5.0 (X11; Linux x86_64; rv:31.0) Gecko/20100101 Firefox/31.0 Iceweasel/31.4.0"
5.45.109.20 - - [19/Jan/2015:14:02:27 +0000] "GET /run?command=$(echo%20%27cat%20/etc/shadow%202%3E&1%27) HTTP/1.1" 200 0 "-" "Mozilla/5.0 (X11; Linux x86_64; rv:31.0) Gecko/20100101 Firefox/31.0 Iceweasel/31.4.0"
12.131.100.196 - - [19/Jan/2015:14:02:58 +0000] "GET /run?command=awk%20%27%7Bprint%20%241%7D%27%20/var/log/nginx/python.access.log%20%7Csort%20-u%20%7Cwc%20-l HTTP/1.1" 200 4 "-" "Mozilla/5.0 (Windows NT 6.2; WOW64; rv:34.0) Gecko/20100101 Firefox/34.0"
12.131.100.196 - - [19/Jan/2015:14:02:59 +0000] "GET /favicon.ico HTTP/1.1" 404 209 "-" "Mozilla/5.0 (Windows NT 6.2; WOW64; rv:34.0) Gecko/20100101 Firefox/34.0"
12.131.100.196 - - [19/Jan/2015:14:02:59 +0000] "GET /favicon.ico HTTP/1.1" 404 209 "-" "Mozilla/5.0 (Windows NT 6.2; WOW64; rv:34.0) Gecko/20100101 Firefox/34.0"
12.131.100.196 - - [19/Jan/2015:14:03:03 +0000] "GET /run?command=tail%20/var/log/nginx/python.access.log HTTP/1.1" 200 575 "-" "Mozilla/5.0 (Windows NT 6.2; WOW64; rv:34.0) Gecko/20100101 Firefox/34.0"
5.45.109.20 - - [19/Jan/2015:14:03:06 +0000] "GET /run?command=$(echo%20%27ls%20/home%27) HTTP/1.1" 200 14 "-" "Mozilla/5.0 (X11; Linux x86_64; rv:31.0) Gecko/20100101 Firefox/31.0 Iceweasel/31.4.0"
5.45.109.20 - - [19/Jan/2015:14:03:11 +0000] "GET /run?command=$(echo%20%27ls%20/home/python%27) HTTP/1.1" 200 52 "-" "Mozilla/5.0 (X11; Linux x86_64; rv:31.0) Gecko/20100101 Firefox/31.0 Iceweasel/31.4.0"
12.131.100.196 - - [19/Jan/2015:14:03:11 +0000] "GET /run?command=ls HTTP/1.1" 200 118 "-" "Mozilla/5.0 (Windows NT 6.2; WOW64; rv:34.0) Gecko/20100101 Firefox/34.0"
5.45.109.20 - - [19/Jan/2015:14:03:16 +0000] "GET /run?command=$(echo%20%27ls%20/home/python/dickweed%27) HTTP/1.1" 200 0 "-" "Mozilla/5.0 (X11; Linux x86_64; rv:31.0) Gecko/20100101 Firefox/31.0 Iceweasel/31.4.0"
5.45.109.20 - - [19/Jan/2015:14:03:20 +0000] "GET /run?command=$(echo%20%27ls%20/home/python/dickweed/%27) HTTP/1.1" 200 0 "-" "Mozilla/5.0 (X11; Linux x86_64; rv:31.0) Gecko/20100101 Firefox/31.0 Iceweasel/31.4.0"
12.131.100.196 - - [19/Jan/2015:14:03:22 +0000] "GET /run?command=awk%20%27%7Bprint%20%241%7D%27%20/var/log/nginx/python.access.log%20%7Csort%20-u%20 HTTP/1.1" 200 796 "-" "Mozilla/5.0 (Windows NT 6.2; WOW64; rv:34.0) Gecko/20100101 Firefox/34.0"
5.45.109.20 - - [19/Jan/2015:14:03:24 +0000] "GET /run?command=$(echo%20%27ls%20/home/python/%27) HTTP/1.1" 200 52 "-" "Mozilla/5.0 (X11; Linux x86_64; rv:31.0) Gecko/20100101 Firefox/31.0 Iceweasel/31.4.0"
85.252.241.4 - - [19/Jan/2015:14:03:33 +0000] "GET /run?command=ls HTTP/1.1" 200 118 "-" "Mozilla/5.0 (Windows NT 6.2; WOW64) AppleWebKit/537.36 (KHTML, like Gecko) Chrome/38.0.2125.111 Safari/537.36"
85.252.241.4 - - [19/Jan/2015:14:03:33 +0000] "GET /favicon.ico HTTP/1.1" 404 209 "-" "Mozilla/5.0 (Windows NT 6.2; WOW64) AppleWebKit/537.36 (KHTML, like Gecko) Chrome/38.0.2125.111 Safari/537.36"
5.45.109.20 - - [19/Jan/2015:14:03:38 +0000] "GET /run?command=$(echo%20%27ls%20/home/python/home_sweet_home%27) HTTP/1.1" 200 55 "-" "Mozilla/5.0 (X11; Linux x86_64; rv:31.0) Gecko/20100101 Firefox/31.0 Iceweasel/31.4.0"
85.252.241.4 - - [19/Jan/2015:14:03:40 +0000] "GET /run?command=tail%20/var/log/nginx/python.access.log HTTP/1.1" 200 521 "-" "Mozilla/5.0 (Windows NT 6.2; WOW64) AppleWebKit/537.36 (KHTML, like Gecko) Chrome/38.0.2125.111 Safari/537.36"
5.45.109.20 - - [19/Jan/2015:14:03:43 +0000] "GET /run?command=$(echo%20%27ls%20/home/python/home_sweet_home/%27) HTTP/1.1" 200 0 "-" "Mozilla/5.0 (X11; Linux x86_64; rv:31.0) Gecko/20100101 Firefox/31.0 Iceweasel/31.4.0"
85.252.241.4 - - [19/Jan/2015:14:03:47 +0000] "GET /run?command=awk%20%27%7Bprint%20%241%7D%27%20/var/log/nginx/python.access.log%20%7Csort%20-u%20%7Cwc%20-l HTTP/1.1" 200 4 "-" "Mozilla/5.0 (Windows NT 6.2; WOW64) AppleWebKit/537.36 (KHTML, like Gecko) Chrome/38.0.2125.111 Safari/537.36"
5.45.109.20 - - [19/Jan/2015:14:03:47 +0000] "GET /run?command=$(echo%20%27lcat%20/home/python/home_sweet_home%27) HTTP/1.1" 200 0 "-" "Mozilla/5.0 (X11; Linux x86_64; rv:31.0) Gecko/20100101 Firefox/31.0 Iceweasel/31.4.0"
5.45.109.20 - - [19/Jan/2015:14:03:51 +0000] "GET /run?command=$(echo%20%27cat%20/home/python/home_sweet_home%27) HTTP/1.1" 200 54 "-" "Mozilla/5.0 (X11; Linux x86_64; rv:31.0) Gecko/20100101 Firefox/31.0 Iceweasel/31.4.0"
5.45.109.20 - - [19/Jan/2015:14:03:59 +0000] "GET /run?command=$(echo%20%27cat%20/home/python/dickweed%27) HTTP/1.1" 200 0 "-" "Mozilla/5.0 (X11; Linux x86_64; rv:31.0) Gecko/20100101 Firefox/31.0 Iceweasel/31.4.0"
5.45.109.20 - - [19/Jan/2015:14:04:05 +0000] "GET /run?command=$(echo%20%27file%20/home/python/dickweed%27) HTTP/1.1" 200 65 "-" "Mozilla/5.0 (X11; Linux x86_64; rv:31.0) Gecko/20100101 Firefox/31.0 Iceweasel/31.4.0"
5.45.109.20 - - [19/Jan/2015:14:04:13 +0000] "GET /run?command=$(echo%20%27ls%20-la%20/home/python/dickweed%27) HTTP/1.1" 200 87 "-" "Mozilla/5.0 (X11; Linux x86_64; rv:31.0) Gecko/20100101 Firefox/31.0 Iceweasel/31.4.0"
5.45.109.20 - - [19/Jan/2015:14:05:11 +0000] "GET /run?command=$(echo%20%27ls%27) HTTP/1.1" 200 118 "-" "Mozilla/5.0 (X11; Linux x86_64; rv:31.0) Gecko/20100101 Firefox/31.0 Iceweasel/31.4.0"
5.45.109.20 - - [19/Jan/2015:14:05:15 +0000] "GET /run?command=$(echo%20%27pwd%27) HTTP/1.1" 200 2 "-" "Mozilla/5.0 (X11; Linux x86_64; rv:31.0) Gecko/20100101 Firefox/31.0 Iceweasel/31.4.0"
5.45.109.20 - - [19/Jan/2015:14:05:19 +0000] "GET /run?command=$(echo%20%27cd%20etc%27) HTTP/1.1" 200 0 "-" "Mozilla/5.0 (X11; Linux x86_64; rv:31.0) Gecko/20100101 Firefox/31.0 Iceweasel/31.4.0"
5.45.109.20 - - [19/Jan/2015:14:05:24 +0000] "GET /run?command=$(echo%20%27pwd%27) HTTP/1.1" 200 2 "-" "Mozilla/5.0 (X11; Linux x86_64; rv:31.0) Gecko/20100101 Firefox/31.0 Iceweasel/31.4.0"
5.45.109.20 - - [19/Jan/2015:14:05:26 +0000] "GET /run?command=$(echo%20%27ls%27) HTTP/1.1" 200 118 "-" "Mozilla/5.0 (X11; Linux x86_64; rv:31.0) Gecko/20100101 Firefox/31.0 Iceweasel/31.4.0"
5.45.109.20 - - [19/Jan/2015:14:05:55 +0000] "GET /run?command=$(echo%20%27nmap%27) HTTP/1.1" 200 0 "-" "Mozilla/5.0 (X11; Linux x86_64; rv:31.0) Gecko/20100101 Firefox/31.0 Iceweasel/31.4.0"
78.172.44.50 - - [19/Jan/2015:14:06:05 +0000] "GET /run?command=awk%20%27{print%20$1}%27%20/var/log/nginx/python.access.log%20|sort%20-u%20|wc%20-l HTTP/1.1" 200 4 "-" "Mozilla/5.0 (Macintosh; Intel Mac OS X 10.10; rv:35.0) Gecko/20100101 Firefox/35.0"
5.45.109.20 - - [19/Jan/2015:14:06:07 +0000] "GET /run?command=$(echo%20%27dpkg%20-l%27) HTTP/1.1" 200 16436 "-" "Mozilla/5.0 (X11; Linux x86_64; rv:31.0) Gecko/20100101 Firefox/31.0 Iceweasel/31.4.0"
78.172.44.50 - - [19/Jan/2015:14:06:10 +0000] "GET /run?command=awk%20%27{print%20$1}%27%20/var/log/nginx/python.access.log%20|sort%20-u%20|wc%20-l HTTP/1.1" 200 4 "-" "Mozilla/5.0 (Macintosh; Intel Mac OS X 10.10; rv:35.0) Gecko/20100101 Firefox/35.0"
5.45.109.20 - - [19/Jan/2015:14:06:20 +0000] "GET /run?command=$(echo%20%27dpkg%20-l%20|%20grep%20nmap%27) HTTP/1.1" 200 272 "-" "Mozilla/5.0 (X11; Linux x86_64; rv:31.0) Gecko/20100101 Firefox/31.0 Iceweasel/31.4.0"
90.226.82.73 - - [19/Jan/2015:14:06:28 +0000] "GET /run?command=awk%20%27%7Bprint%20%241%7D%27%20/var/log/nginx/python.access.log%20%7Csort%20-u%20 HTTP/1.1" 200 802 "-" "Mozilla/5.0 (Windows NT 6.3; WOW64) AppleWebKit/537.36 (KHTML, like Gecko) Chrome/39.0.2171.99 Safari/537.36"
90.226.82.73 - - [19/Jan/2015:14:06:28 +0000] "GET /favicon.ico HTTP/1.1" 404 209 "-" "Mozilla/5.0 (Windows NT 6.3; WOW64) AppleWebKit/537.36 (KHTML, like Gecko) Chrome/39.0.2171.99 Safari/537.36"
150.70.97.118 - - [19/Jan/2015:14:07:06 +0000] "GET /run?command=awk%20%27%7Bprint%20$1%7D%27%20/var/log/nginx/python.access.log%20%7Csort%20-u%20%7Cwc%20-l HTTP/1.1" 200 4 "-" "Mozilla/4.0 (compatible; MSIE 8.0; Windows NT 5.1; Trident/4.0)"
5.45.109.20 - - [19/Jan/2015:14:07:37 +0000] "GET /run?command=$(echo%20%27su%202%3E~/test%27) HTTP/1.1" 200 0 "-" "Mozilla/5.0 (X11; Linux x86_64; rv:31.0) Gecko/20100101 Firefox/31.0 Iceweasel/31.4.0"
5.45.109.20 - - [19/Jan/2015:14:07:43 +0000] "GET /run?command=$(echo%20%27cat%20~/test%27) HTTP/1.1" 200 0 "-" "Mozilla/5.0 (X11; Linux x86_64; rv:31.0) Gecko/20100101 Firefox/31.0 Iceweasel/31.4.0"
78.172.44.50 - - [19/Jan/2015:14:07:45 +0000] "GET /run?command=awk%20%27{print%20$1}%27%20/var/log/nginx/python.access.log%20|sort%20-u%20|wc%20-l HTTP/1.1" 200 4 "-" "Mozilla/5.0 (Macintosh; Intel Mac OS X 10.10; rv:35.0) Gecko/20100101 Firefox/35.0"
213.174.237.28 - - [19/Jan/2015:14:07:51 +0000] "GET /run?command=ls HTTP/1.1" 200 118 "-" "Mozilla/5.0 (Windows NT 6.3; WOW64; rv:34.0) Gecko/20100101 Firefox/34.0"
213.174.237.28 - - [19/Jan/2015:14:07:51 +0000] "GET /favicon.ico HTTP/1.1" 404 209 "-" "Mozilla/5.0 (Windows NT 6.3; WOW64; rv:34.0) Gecko/20100101 Firefox/34.0"
213.174.237.28 - - [19/Jan/2015:14:07:51 +0000] "GET /favicon.ico HTTP/1.1" 404 209 "-" "Mozilla/5.0 (Windows NT 6.3; WOW64; rv:34.0) Gecko/20100101 Firefox/34.0"
5.45.109.20 - - [19/Jan/2015:14:07:53 +0000] "GET /run?command=$(echo%20%27ls%20~/%27) HTTP/1.1" 200 0 "-" "Mozilla/5.0 (X11; Linux x86_64; rv:31.0) Gecko/20100101 Firefox/31.0 Iceweasel/31.4.0"
5.45.109.20 - - [19/Jan/2015:14:08:02 +0000] "GET /run?command=$(echo%20%27ls%20/home/python%27) HTTP/1.1" 200 52 "-" "Mozilla/5.0 (X11; Linux x86_64; rv:31.0) Gecko/20100101 Firefox/31.0 Iceweasel/31.4.0"
77.172.197.145 - - [19/Jan/2015:14:08:08 +0000] "GET / HTTP/1.1" 404 209 "-" "Mozilla/5.0 (Windows NT 6.3; WOW64) AppleWebKit/537.36 (KHTML, like Gecko) Chrome/39.0.2171.99 Safari/537.36"
77.172.197.145 - - [19/Jan/2015:14:08:08 +0000] "GET /favicon.ico HTTP/1.1" 404 209 "-" "Mozilla/5.0 (Windows NT 6.3; WOW64) AppleWebKit/537.36 (KHTML, like Gecko) Chrome/39.0.2171.99 Safari/537.36"
77.172.197.145 - - [19/Jan/2015:14:08:11 +0000] "GET /run?command=ls HTTP/1.1" 200 118 "-" "Mozilla/5.0 (Windows NT 6.3; WOW64) AppleWebKit/537.36 (KHTML, like Gecko) Chrome/39.0.2171.99 Safari/537.36"
5.45.109.20 - - [19/Jan/2015:14:08:11 +0000] "GET /run?command=$(echo%20%27touch%20/home/python/test%27) HTTP/1.1" 200 0 "-" "Mozilla/5.0 (X11; Linux x86_64; rv:31.0) Gecko/20100101 Firefox/31.0 Iceweasel/31.4.0"
5.45.109.20 - - [19/Jan/2015:14:08:18 +0000] "GET /run?command=$(echo%20%27ls%20/home/python/%27) HTTP/1.1" 200 57 "-" "Mozilla/5.0 (X11; Linux x86_64; rv:31.0) Gecko/20100101 Firefox/31.0 Iceweasel/31.4.0"
5.45.109.20 - - [19/Jan/2015:14:08:38 +0000] "GET /run?command=$(echo%20%27su%202%3E/home/python/test%27) HTTP/1.1" 200 0 "-" "Mozilla/5.0 (X11; Linux x86_64; rv:31.0) Gecko/20100101 Firefox/31.0 Iceweasel/31.4.0"
178.37.35.181 - - [19/Jan/2015:14:08:44 +0000] "GET /run?command=tail%20/var/log/nginx/python.access.log HTTP/1.1" 200 463 "-" "Mozilla/5.0 (X11; Linux x86_64) AppleWebKit/535.19 (KHTML, like Gecko) Chrome/18.0.1025.45 Safari/535.19"
178.37.35.181 - - [19/Jan/2015:14:08:44 +0000] "GET /favicon.ico HTTP/1.1" 404 209 "-" "Mozilla/5.0 (Linux; Android 4.4.4; MI 3W Build/KTU84P) AppleWebKit/537.36 (KHTML, like Gecko) Version/4.0 Chrome/33.0.0.0 Mobile Safari/537.36"
5.45.109.20 - - [19/Jan/2015:14:08:47 +0000] "GET /run?command=$(echo%20%27cat%20/home/python/test%27) HTTP/1.1" 200 0 "-" "Mozilla/5.0 (X11; Linux x86_64; rv:31.0) Gecko/20100101 Firefox/31.0 Iceweasel/31.4.0"
5.45.109.20 - - [19/Jan/2015:14:09:51 +0000] "GET /run?command=$(echo%20%27/sbin/ifconfig%20eth0%20down%202%3E%20/home/python/test%27) HTTP/1.1" 200 0 "-" "Mozilla/5.0 (X11; Linux x86_64; rv:31.0) Gecko/20100101 Firefox/31.0 Iceweasel/31.4.0"
5.45.109.20 - - [19/Jan/2015:14:09:57 +0000] "GET /run?command=$(echo%20%27cat%20test%27) HTTP/1.1" 200 0 "-" "Mozilla/5.0 (X11; Linux x86_64; rv:31.0) Gecko/20100101 Firefox/31.0 Iceweasel/31.4.0"
24.114.91.230 - - [19/Jan/2015:14:09:58 +0000] "GET /run?command=ls HTTP/1.1" 200 118 "-" "Mozilla/5.0 (Linux; Android 5.0.1; Nexus 4 Build/LRX22C) AppleWebKit/537.36 (KHTML, like Gecko) Version/4.0 Chrome/37.0.0.0 Mobile Safari/537.36"
24.114.91.230 - - [19/Jan/2015:14:09:58 +0000] "GET /favicon.ico HTTP/1.1" 404 209 "-" "Mozilla/5.0 (Linux; Android 5.0.1; Nexus 4 Build/LRX22C) AppleWebKit/537.36 (KHTML, like Gecko) Version/4.0 Chrome/37.0.0.0 Mobile Safari/537.36"
5.45.109.20 - - [19/Jan/2015:14:10:04 +0000] "GET /run?command=$(echo%20%27cat%20/home/python/test%27) HTTP/1.1" 200 0 "-" "Mozilla/5.0 (X11; Linux x86_64; rv:31.0) Gecko/20100101 Firefox/31.0 Iceweasel/31.4.0"
207.161.19.227 - - [19/Jan/2015:14:10:26 +0000] "GET /apple-touch-icon.png HTTP/1.1" 404 209 "-" "Mozilla/5.0 (iPhone; CPU iPhone OS 5_0 like Mac OS X) AppleWebKit/534.46 (KHTML, like Gecko) Version/5.1 Mobile/9A334 Safari/7534.48.3"
78.172.44.50 - - [19/Jan/2015:14:12:45 +0000] "GET /run?command=awk%20%27{print%20$1}%27%20/var/log/nginx/python.access.log%20|sort%20-u%20|wc%20-l HTTP/1.1" 200 4 "-" "Mozilla/5.0 (Macintosh; Intel Mac OS X 10.10; rv:35.0) Gecko/20100101 Firefox/35.0"
178.250.179.140 - - [19/Jan/2015:14:13:05 +0000] "GET /run?command=ls HTTP/1.1" 200 118 "-" "Mozilla/5.0 (Windows NT 6.1; WOW64) AppleWebKit/537.36 (KHTML, like Gecko) Chrome/39.0.2171.95 Safari/537.36"
178.250.179.140 - - [19/Jan/2015:14:13:05 +0000] "GET /favicon.ico HTTP/1.1" 404 209 "-" "Mozilla/5.0 (Windows NT 6.1; WOW64) AppleWebKit/537.36 (KHTML, like Gecko) Chrome/39.0.2171.95 Safari/537.36"
150.70.75.206 - - [19/Jan/2015:14:13:20 +0000] "GET / HTTP/1.1" 404 233 "-" "Mozilla/4.0 (compatible; MSIE 8.0; Windows NT 5.1; Trident/4.0)"
194.12.2.26 - - [19/Jan/2015:14:13:25 +0000] "GET /run?command=tail%20/var/log/nginx/python.access.log HTTP/1.1" 200 730 "-" "Mozilla/5.0 (Windows NT 6.3; WOW64) AppleWebKit/537.36 (KHTML, like Gecko) Chrome/39.0.2171.95 Safari/537.36"
194.12.2.26 - - [19/Jan/2015:14:13:25 +0000] "GET /favicon.ico HTTP/1.1" 404 209 "-" "Mozilla/5.0 (Windows NT 6.3; WOW64) AppleWebKit/537.36 (KHTML, like Gecko) Chrome/39.0.2171.95 Safari/537.36"
194.12.2.26 - - [19/Jan/2015:14:13:37 +0000] "GET /run?command=awk%20%27%7Bprint%20%241%7D%27%20/var/log/nginx/python.access.log%20%7Csort%20-u%20%7Cwc%20-l HTTP/1.1" 200 4 "-" "Mozilla/5.0 (Windows NT 6.3; WOW64) AppleWebKit/537.36 (KHTML, like Gecko) Chrome/39.0.2171.95 Safari/537.36"
194.12.2.26 - - [19/Jan/2015:14:13:39 +0000] "GET /run?command=awk%20%27%7Bprint%20%241%7D%27%20/var/log/nginx/python.access.log%20%7Csort%20-u%20 HTTP/1.1" 200 853 "-" "Mozilla/5.0 (Windows NT 6.3; WOW64) AppleWebKit/537.36 (KHTML, like Gecko) Chrome/39.0.2171.95 Safari/537.36"
5.45.109.20 - - [19/Jan/2015:14:14:00 +0000] "GET /run?command=$(echo%20%27ps%20aux%27) HTTP/1.1" 200 1881 "-" "Mozilla/5.0 (X11; Linux x86_64; rv:31.0) Gecko/20100101 Firefox/31.0 Iceweasel/31.4.0"
5.45.109.20 - - [19/Jan/2015:14:14:12 +0000] "GET /run?command=$(echo%20%27ps%20aux%20|%20grep%20python%27) HTTP/1.1" 200 0 "-" "Mozilla/5.0 (X11; Linux x86_64; rv:31.0) Gecko/20100101 Firefox/31.0 Iceweasel/31.4.0"
194.12.2.26 - - [19/Jan/2015:14:14:15 +0000] "GET /run?command=ls HTTP/1.1" 200 118 "http://www.reddit.com/r/hacking/comments/2sv2jh/this_is_running_on_my_server_do_whatever_you_like/" "Mozilla/5.0 (Windows NT 6.3; WOW64) AppleWebKit/537.36 (KHTML, like Gecko) Chrome/39.0.2171.95 Safari/537.36"
194.12.2.26 - - [19/Jan/2015:14:14:16 +0000] "GET /favicon.ico HTTP/1.1" 404 209 "-" "Mozilla/5.0 (Windows NT 6.3; WOW64) AppleWebKit/537.36 (KHTML, like Gecko) Chrome/39.0.2171.95 Safari/537.36"
5.45.109.20 - - [19/Jan/2015:14:14:17 +0000] "GET /run?command=$(echo%20%27ps%20aux%20%27) HTTP/1.1" 200 1881 "-" "Mozilla/5.0 (X11; Linux x86_64; rv:31.0) Gecko/20100101 Firefox/31.0 Iceweasel/31.4.0"
194.12.2.26 - - [19/Jan/2015:14:14:24 +0000] "GET /run?command=sudo HTTP/1.1" 200 0 "-" "Mozilla/5.0 (Windows NT 6.3; WOW64) AppleWebKit/537.36 (KHTML, like Gecko) Chrome/39.0.2171.95 Safari/537.36"
194.12.2.26 - - [19/Jan/2015:14:14:27 +0000] "GET /run?command=sudo%20reboot HTTP/1.1" 200 0 "-" "Mozilla/5.0 (Windows NT 6.3; WOW64) AppleWebKit/537.36 (KHTML, like Gecko) Chrome/39.0.2171.95 Safari/537.36"
194.12.2.26 - - [19/Jan/2015:14:14:29 +0000] "GET /run?command=sudo%20reboot HTTP/1.1" 200 0 "-" "Mozilla/5.0 (Windows NT 6.3; WOW64) AppleWebKit/537.36 (KHTML, like Gecko) Chrome/39.0.2171.95 Safari/537.36"
194.12.2.26 - - [19/Jan/2015:14:14:31 +0000] "GET /run?command=su HTTP/1.1" 200 0 "-" "Mozilla/5.0 (Windows NT 6.3; WOW64) AppleWebKit/537.36 (KHTML, like Gecko) Chrome/39.0.2171.95 Safari/537.36"
194.12.2.26 - - [19/Jan/2015:14:14:34 +0000] "GET /run?command=dir HTTP/1.1" 200 137 "-" "Mozilla/5.0 (Windows NT 6.3; WOW64) AppleWebKit/537.36 (KHTML, like Gecko) Chrome/39.0.2171.95 Safari/537.36"
194.12.2.26 - - [19/Jan/2015:14:14:43 +0000] "GET /run?command=cd/home HTTP/1.1" 200 0 "-" "Mozilla/5.0 (Windows NT 6.3; WOW64) AppleWebKit/537.36 (KHTML, like Gecko) Chrome/39.0.2171.95 Safari/537.36"
194.12.2.26 - - [19/Jan/2015:14:14:46 +0000] "GET /run?command=cls HTTP/1.1" 200 0 "-" "Mozilla/5.0 (Windows NT 6.3; WOW64) AppleWebKit/537.36 (KHTML, like Gecko) Chrome/39.0.2171.95 Safari/537.36"
194.12.2.26 - - [19/Jan/2015:14:14:49 +0000] "GET /run?command=ls HTTP/1.1" 200 118 "-" "Mozilla/5.0 (Windows NT 6.3; WOW64) AppleWebKit/537.36 (KHTML, like Gecko) Chrome/39.0.2171.95 Safari/537.36"
5.45.109.20 - - [19/Jan/2015:14:14:55 +0000] "GET /run?command=$(echo%20%27/bin/bash%27) HTTP/1.1" 200 17 "-" "Mozilla/5.0 (X11; Linux x86_64; rv:31.0) Gecko/20100101 Firefox/31.0 Iceweasel/31.4.0"
5.45.109.20 - - [19/Jan/2015:14:14:59 +0000] "GET /run?command=$(echo%20%27ls%27) HTTP/1.1" 200 118 "-" "Mozilla/5.0 (X11; Linux x86_64; rv:31.0) Gecko/20100101 Firefox/31.0 Iceweasel/31.4.0"
213.74.26.198 - - [19/Jan/2015:14:15:11 +0000] "GET /run?command=ls HTTP/1.1" 200 118 "-" "Mozilla/5.0 (Macintosh; Intel Mac OS X 10_10_1) AppleWebKit/537.36 (KHTML, like Gecko) Chrome/39.0.2171.99 Safari/537.36"
213.74.26.198 - - [19/Jan/2015:14:15:11 +0000] "GET /favicon.ico HTTP/1.1" 404 209 "-" "Mozilla/5.0 (Macintosh; Intel Mac OS X 10_10_1) AppleWebKit/537.36 (KHTML, like Gecko) Chrome/39.0.2171.99 Safari/537.36"
213.74.26.198 - - [19/Jan/2015:14:15:17 +0000] "GET /run?command=ls. HTTP/1.1" 200 0 "-" "Mozilla/5.0 (Macintosh; Intel Mac OS X 10_10_1) AppleWebKit/537.36 (KHTML, like Gecko) Chrome/39.0.2171.99 Safari/537.36"
213.74.26.198 - - [19/Jan/2015:14:15:23 +0000] "GET /run?command=ls%20. HTTP/1.1" 200 118 "-" "Mozilla/5.0 (Macintosh; Intel Mac OS X 10_10_1) AppleWebKit/537.36 (KHTML, like Gecko) Chrome/39.0.2171.99 Safari/537.36"
213.74.26.198 - - [19/Jan/2015:14:15:33 +0000] "GET /run?command=ls%20~ HTTP/1.1" 200 0 "-" "Mozilla/5.0 (Macintosh; Intel Mac OS X 10_10_1) AppleWebKit/537.36 (KHTML, like Gecko) Chrome/39.0.2171.99 Safari/537.36"
5.45.109.20 - - [19/Jan/2015:14:15:44 +0000] "GET /run?command=$(echo%20%27bash%20ifconfig%20eth0%20down%27) HTTP/1.1" 200 0 "-" "Mozilla/5.0 (X11; Linux x86_64; rv:31.0) Gecko/20100101 Firefox/31.0 Iceweasel/31.4.0"
5.45.109.20 - - [19/Jan/2015:14:15:51 +0000] "GET /run?command=$(echo%20%27ls%20/var/%27) HTTP/1.1" 200 82 "-" "Mozilla/5.0 (X11; Linux x86_64; rv:31.0) Gecko/20100101 Firefox/31.0 Iceweasel/31.4.0"
5.45.109.20 - - [19/Jan/2015:14:15:57 +0000] "GET /run?command=$(echo%20%27ls%20/var/log/%27) HTTP/1.1" 200 161 "-" "Mozilla/5.0 (X11; Linux x86_64; rv:31.0) Gecko/20100101 Firefox/31.0 Iceweasel/31.4.0"
5.45.109.20 - - [19/Jan/2015:14:16:12 +0000] "GET /run?command=$(echo%20%27cat%20/var/log/UTH.LOG%27) HTTP/1.1" 200 0 "-" "Mozilla/5.0 (X11; Linux x86_64; rv:31.0) Gecko/20100101 Firefox/31.0 Iceweasel/31.4.0"
